******************************************************************************
                  TI ARM Linker PC v20.2.7                     
******************************************************************************
>> Linked Tue Sep 17 20:46:17 2024

OUTPUT FILE NAME:   <gpio_toggle_output_MSP_EXP432P401R_nortos_ccs.out>
ENTRY POINT SYMBOL: "_c_int00_noinit_noargs"  address: 0000029d


MEMORY CONFIGURATION

         name            origin    length      used     unused   attr    fill
----------------------  --------  ---------  --------  --------  ----  --------
  MAIN                  00000000   00040000  00000380  0003fc80  R  X
  INFO                  00200000   00004000  00000000  00004000  R  X
  SRAM_CODE             01000000   00010000  00000200  0000fe00  RW X
  SRAM_DATA             20000000   00010000  00000200  0000fe00  RW  


SEGMENT ALLOCATION MAP

run origin  load origin   length   init length attrs members
----------  ----------- ---------- ----------- ----- -------
00000000    00000000    00000380   00000380    r-x
  00000000    00000000    000000e4   000000e4    r-- .intvecs
  000000e4    000000e4    0000026c   0000026c    r-x .text
  00000350    00000350    00000030   00000030    r-- .const
2000fe00    2000fe00    00000200   00000000    rw-
  2000fe00    2000fe00    00000200   00000000    rw- .stack


SECTION ALLOCATION MAP

 output                                  attributes/
section   page    origin      length       input sections
--------  ----  ----------  ----------   ----------------
.intvecs   0    00000000    000000e4     
                  00000000    000000e4     startup_msp432p401r_ccs.obj (.intvecs:retain)

.text      0    000000e4    0000026c     
                  000000e4    00000078     system_msp432p401r.obj (.text:SystemInit)
                  0000015c    00000076     gpio_toggle_output.obj (.text:main)
                  000001d2    00000002     startup_msp432p401r_ccs.obj (.text:Default_Handler)
                  000001d4    00000058     msp432p4xx_driverlib.lib : gpio.o (.text:GPIO_setAsInputPinWithPullUpResistor)
                  0000022c    00000040                              : gpio.o (.text:GPIO_setAsOutputPin)
                  0000026c    00000030                              : gpio.o (.text:GPIO_getInputPinValue)
                  0000029c    0000002c     rtsv7M4_T_le_v4SPD16_eabi.lib : boot_cortex_m.c.obj (.text:_c_int00_noinit_noargs:_c_int00_noinit_noargs)
                  000002c8    00000028     msp432p4xx_driverlib.lib : gpio.o (.text:GPIO_setOutputHighOnPin)
                  000002f0    00000028                              : gpio.o (.text:GPIO_setOutputLowOnPin)
                  00000318    00000024                              : wdt_a.o (.text:WDT_A_holdTimer)
                  0000033c    0000000c     startup_msp432p401r_ccs.obj (.text:Reset_Handler)
                  00000348    00000004     rtsv7M4_T_le_v4SPD16_eabi.lib : pre_init.c.obj (.text:_system_pre_init)
                  0000034c    00000004                                   : exit.c.obj (.text:abort:abort)

.const     0    00000350    00000030     
                  00000350    00000030     msp432p4xx_driverlib.lib : gpio.o (.const:GPIO_PORT_TO_BASE)

.cinit     0    00000000    00000000     UNINITIALIZED

.init_array 
*          0    00000000    00000000     UNINITIALIZED

.binit     0    00000000    00000000     

.stack     0    2000fe00    00000200     UNINITIALIZED
                  2000fe00    00000004     rtsv7M4_T_le_v4SPD16_eabi.lib : boot_cortex_m.c.obj (.stack)
                  2000fe04    000001fc     --HOLE--

__llvm_prf_cnts 
*          0    20000000    00000000     UNINITIALIZED

MODULE SUMMARY

       Module                        code   ro data   rw data
       ------                        ----   -------   -------
    .\
       system_msp432p401r.obj        120    0         0      
       gpio_toggle_output.obj        118    0         0      
    +--+-----------------------------+------+---------+---------+
       Total:                        238    0         0      
                                                             
    .\ccs\
       startup_msp432p401r_ccs.obj   14     228       0      
    +--+-----------------------------+------+---------+---------+
       Total:                        14     228       0      
                                                             
    C:/ti/simplelink_msp432p4_sdk_3_40_01_02/source/ti/devices/msp432p4xx/driverlib/ccs/msp432p4xx_driverlib.lib
       gpio.o                        280    48        0      
       wdt_a.o                       36     0         0      
    +--+-----------------------------+------+---------+---------+
       Total:                        316    48        0      
                                                             
    C:\ti\ccs1280\ccs\tools\compiler\ti-cgt-arm_20.2.7.LTS\lib\rtsv7M4_T_le_v4SPD16_eabi.lib
       boot_cortex_m.c.obj           44     0         0      
       exit.c.obj                    4      0         0      
       pre_init.c.obj                4      0         0      
    +--+-----------------------------+------+---------+---------+
       Total:                        52     0         0      
                                                             
       Stack:                        0      0         1024   
    +--+-----------------------------+------+---------+---------+
       Grand Total:                  620    276       1024   


GLOBAL SYMBOLS: SORTED ALPHABETICALLY BY Name 

address   name                                
-------   ----                                
000001d3  ADC14_IRQHandler                    
000001d3  AES256_IRQHandler                   
000001d3  BusFault_Handler                    
0000034d  C$$EXIT                             
000001d3  COMP_E0_IRQHandler                  
000001d3  COMP_E1_IRQHandler                  
000001d3  CS_IRQHandler                       
000001d3  DMA_ERR_IRQHandler                  
000001d3  DMA_INT0_IRQHandler                 
000001d3  DMA_INT1_IRQHandler                 
000001d3  DMA_INT2_IRQHandler                 
000001d3  DMA_INT3_IRQHandler                 
000001d3  DebugMon_Handler                    
000001d3  Default_Handler                     
000001d3  EUSCIA0_IRQHandler                  
000001d3  EUSCIA1_IRQHandler                  
000001d3  EUSCIA2_IRQHandler                  
000001d3  EUSCIA3_IRQHandler                  
000001d3  EUSCIB0_IRQHandler                  
000001d3  EUSCIB1_IRQHandler                  
000001d3  EUSCIB2_IRQHandler                  
000001d3  EUSCIB3_IRQHandler                  
000001d3  FLCTL_IRQHandler                    
000001d3  FPU_IRQHandler                      
0000026d  GPIO_getInputPinValue               
000001d5  GPIO_setAsInputPinWithPullUpResistor
0000022d  GPIO_setAsOutputPin                 
000002c9  GPIO_setOutputHighOnPin             
000002f1  GPIO_setOutputLowOnPin              
000001d3  HardFault_Handler                   
000001d3  MemManage_Handler                   
000001d3  NMI_Handler                         
000001d3  PCM_IRQHandler                      
000001d3  PORT1_IRQHandler                    
000001d3  PORT2_IRQHandler                    
000001d3  PORT3_IRQHandler                    
000001d3  PORT4_IRQHandler                    
000001d3  PORT5_IRQHandler                    
000001d3  PORT6_IRQHandler                    
000001d3  PSS_IRQHandler                      
000001d3  PendSV_Handler                      
000001d3  RTC_C_IRQHandler                    
0000033d  Reset_Handler                       
000001d3  SVC_Handler                         
000001d3  SysTick_Handler                     
000000e5  SystemInit                          
000001d3  T32_INT1_IRQHandler                 
000001d3  T32_INT2_IRQHandler                 
000001d3  T32_INTC_IRQHandler                 
000001d3  TA0_0_IRQHandler                    
000001d3  TA0_N_IRQHandler                    
000001d3  TA1_0_IRQHandler                    
000001d3  TA1_N_IRQHandler                    
000001d3  TA2_0_IRQHandler                    
000001d3  TA2_N_IRQHandler                    
000001d3  TA3_0_IRQHandler                    
000001d3  TA3_N_IRQHandler                    
000001d3  UsageFault_Handler                  
4000480c  WDTCTL_SYM                          
000001d3  WDT_A_IRQHandler                    
00000319  WDT_A_holdTimer                     
20010000  __STACK_END                         
00000200  __STACK_SIZE                        
ffffffff  __TI_pprof_out_hndl                 
ffffffff  __TI_prof_data_size                 
ffffffff  __TI_prof_data_start                
00000000  __TI_static_base__                  
ffffffff  __binit__                           
ffffffff  __c_args__                          
UNDEFED   __mpu_init                          
2000fe00  __stack                             
20000000  __start___llvm_prf_cnts             
20000000  __stop___llvm_prf_cnts              
0000029d  _c_int00_noinit_noargs              
00000349  _system_pre_init                    
0000034d  abort                               
ffffffff  binit                               
00000000  interruptVectors                    
0000015d  main                                


GLOBAL SYMBOLS: SORTED BY Symbol Address 

address   name                                
-------   ----                                
00000000  __TI_static_base__                  
00000000  interruptVectors                    
000000e5  SystemInit                          
0000015d  main                                
000001d3  ADC14_IRQHandler                    
000001d3  AES256_IRQHandler                   
000001d3  BusFault_Handler                    
000001d3  COMP_E0_IRQHandler                  
000001d3  COMP_E1_IRQHandler                  
000001d3  CS_IRQHandler                       
000001d3  DMA_ERR_IRQHandler                  
000001d3  DMA_INT0_IRQHandler                 
000001d3  DMA_INT1_IRQHandler                 
000001d3  DMA_INT2_IRQHandler                 
000001d3  DMA_INT3_IRQHandler                 
000001d3  DebugMon_Handler                    
000001d3  Default_Handler                     
000001d3  EUSCIA0_IRQHandler                  
000001d3  EUSCIA1_IRQHandler                  
000001d3  EUSCIA2_IRQHandler                  
000001d3  EUSCIA3_IRQHandler                  
000001d3  EUSCIB0_IRQHandler                  
000001d3  EUSCIB1_IRQHandler                  
000001d3  EUSCIB2_IRQHandler                  
000001d3  EUSCIB3_IRQHandler                  
000001d3  FLCTL_IRQHandler                    
000001d3  FPU_IRQHandler                      
000001d3  HardFault_Handler                   
000001d3  MemManage_Handler                   
000001d3  NMI_Handler                         
000001d3  PCM_IRQHandler                      
000001d3  PORT1_IRQHandler                    
000001d3  PORT2_IRQHandler                    
000001d3  PORT3_IRQHandler                    
000001d3  PORT4_IRQHandler                    
000001d3  PORT5_IRQHandler                    
000001d3  PORT6_IRQHandler                    
000001d3  PSS_IRQHandler                      
000001d3  PendSV_Handler                      
000001d3  RTC_C_IRQHandler                    
000001d3  SVC_Handler                         
000001d3  SysTick_Handler                     
000001d3  T32_INT1_IRQHandler                 
000001d3  T32_INT2_IRQHandler                 
000001d3  T32_INTC_IRQHandler                 
000001d3  TA0_0_IRQHandler                    
000001d3  TA0_N_IRQHandler                    
000001d3  TA1_0_IRQHandler                    
000001d3  TA1_N_IRQHandler                    
000001d3  TA2_0_IRQHandler                    
000001d3  TA2_N_IRQHandler                    
000001d3  TA3_0_IRQHandler                    
000001d3  TA3_N_IRQHandler                    
000001d3  UsageFault_Handler                  
000001d3  WDT_A_IRQHandler                    
000001d5  GPIO_setAsInputPinWithPullUpResistor
00000200  __STACK_SIZE                        
0000022d  GPIO_setAsOutputPin                 
0000026d  GPIO_getInputPinValue               
0000029d  _c_int00_noinit_noargs              
000002c9  GPIO_setOutputHighOnPin             
000002f1  GPIO_setOutputLowOnPin              
00000319  WDT_A_holdTimer                     
0000033d  Reset_Handler                       
00000349  _system_pre_init                    
0000034d  C$$EXIT                             
0000034d  abort                               
20000000  __start___llvm_prf_cnts             
20000000  __stop___llvm_prf_cnts              
2000fe00  __stack                             
20010000  __STACK_END                         
4000480c  WDTCTL_SYM                          
ffffffff  __TI_pprof_out_hndl                 
ffffffff  __TI_prof_data_size                 
ffffffff  __TI_prof_data_start                
ffffffff  __binit__                           
ffffffff  __c_args__                          
ffffffff  binit                               
UNDEFED   __mpu_init                          

[79 symbols]
