******************************************************************************
                  TI ARM Linker PC v20.2.7                     
******************************************************************************
>> Linked Sun Sep 22 19:02:32 2024

OUTPUT FILE NAME:   <Lab 2 Exercise 1.1 V2.out>
ENTRY POINT SYMBOL: "_c_int00_noinit_noargs"  address: 00000219


MEMORY CONFIGURATION

         name            origin    length      used     unused   attr    fill
----------------------  --------  ---------  --------  --------  ----  --------
  MAIN                  00000000   00040000  0000025a  0003fda6  R  X
  INFO                  00200000   00004000  00000000  00004000  R  X
  SRAM_CODE             01000000   00010000  00000200  0000fe00  RW X
  SRAM_DATA             20000000   00010000  00000200  0000fe00  RW  


SEGMENT ALLOCATION MAP

run origin  load origin   length   init length attrs members
----------  ----------- ---------- ----------- ----- -------
00000000    00000000    0000025a   0000025a    r-x
  00000000    00000000    000000e4   000000e4    r-- .intvecs
  000000e4    000000e4    00000176   00000176    r-x .text
2000fe00    2000fe00    00000200   00000000    rw-
  2000fe00    2000fe00    00000200   00000000    rw- .stack


SECTION ALLOCATION MAP

 output                                  attributes/
section   page    origin      length       input sections
--------  ----  ----------  ----------   ----------------
.intvecs   0    00000000    000000e4     
                  00000000    000000e4     startup_msp432p401r_ccs.obj (.intvecs:retain)

.text      0    000000e4    00000176     
                  000000e4    000000bc     Lab2_Exercise1.1.obj (.text:main)
                  000001a0    00000078     system_msp432p401r.obj (.text:SystemInit)
                  00000218    0000002c     rtsv7M4_T_le_v4SPD16_eabi.lib : boot_cortex_m.c.obj (.text:_c_int00_noinit_noargs:_c_int00_noinit_noargs)
                  00000244    0000000c     startup_msp432p401r_ccs.obj (.text:Reset_Handler)
                  00000250    00000004     rtsv7M4_T_le_v4SPD16_eabi.lib : pre_init.c.obj (.text:_system_pre_init)
                  00000254    00000004                                   : exit.c.obj (.text:abort:abort)
                  00000258    00000002     startup_msp432p401r_ccs.obj (.text:Default_Handler)

.cinit     0    00000000    00000000     UNINITIALIZED

.init_array 
*          0    00000000    00000000     UNINITIALIZED

.binit     0    00000000    00000000     

.stack     0    2000fe00    00000200     UNINITIALIZED
                  2000fe00    00000004     rtsv7M4_T_le_v4SPD16_eabi.lib : boot_cortex_m.c.obj (.stack)
                  2000fe04    000001fc     --HOLE--

__llvm_prf_cnts 
*          0    20000000    00000000     UNINITIALIZED

MODULE SUMMARY

       Module                        code   ro data   rw data
       ------                        ----   -------   -------
    .\
       Lab2_Exercise1.1.obj          188    0         0      
       system_msp432p401r.obj        120    0         0      
    +--+-----------------------------+------+---------+---------+
       Total:                        308    0         0      
                                                             
    .\ccs\
       startup_msp432p401r_ccs.obj   14     228       0      
    +--+-----------------------------+------+---------+---------+
       Total:                        14     228       0      
                                                             
    C:\ti\ccs1280\ccs\tools\compiler\ti-cgt-arm_20.2.7.LTS\lib\rtsv7M4_T_le_v4SPD16_eabi.lib
       boot_cortex_m.c.obj           44     0         0      
       exit.c.obj                    4      0         0      
       pre_init.c.obj                4      0         0      
    +--+-----------------------------+------+---------+---------+
       Total:                        52     0         0      
                                                             
       Stack:                        0      0         1024   
    +--+-----------------------------+------+---------+---------+
       Grand Total:                  374    228       1024   


GLOBAL SYMBOLS: SORTED ALPHABETICALLY BY Name 

address   name                   
-------   ----                   
00000259  ADC14_IRQHandler       
00000259  AES256_IRQHandler      
00000259  BusFault_Handler       
00000255  C$$EXIT                
00000259  COMP_E0_IRQHandler     
00000259  COMP_E1_IRQHandler     
00000259  CS_IRQHandler          
00000259  DMA_ERR_IRQHandler     
00000259  DMA_INT0_IRQHandler    
00000259  DMA_INT1_IRQHandler    
00000259  DMA_INT2_IRQHandler    
00000259  DMA_INT3_IRQHandler    
00000259  DebugMon_Handler       
00000259  Default_Handler        
00000259  EUSCIA0_IRQHandler     
00000259  EUSCIA1_IRQHandler     
00000259  EUSCIA2_IRQHandler     
00000259  EUSCIA3_IRQHandler     
00000259  EUSCIB0_IRQHandler     
00000259  EUSCIB1_IRQHandler     
00000259  EUSCIB2_IRQHandler     
00000259  EUSCIB3_IRQHandler     
00000259  FLCTL_IRQHandler       
00000259  FPU_IRQHandler         
00000259  HardFault_Handler      
00000259  MemManage_Handler      
00000259  NMI_Handler            
00000259  PCM_IRQHandler         
00000259  PORT1_IRQHandler       
00000259  PORT2_IRQHandler       
00000259  PORT3_IRQHandler       
00000259  PORT4_IRQHandler       
00000259  PORT5_IRQHandler       
00000259  PORT6_IRQHandler       
00000259  PSS_IRQHandler         
00000259  PendSV_Handler         
00000259  RTC_C_IRQHandler       
00000245  Reset_Handler          
00000259  SVC_Handler            
00000259  SysTick_Handler        
000001a1  SystemInit             
00000259  T32_INT1_IRQHandler    
00000259  T32_INT2_IRQHandler    
00000259  T32_INTC_IRQHandler    
00000259  TA0_0_IRQHandler       
00000259  TA0_N_IRQHandler       
00000259  TA1_0_IRQHandler       
00000259  TA1_N_IRQHandler       
00000259  TA2_0_IRQHandler       
00000259  TA2_N_IRQHandler       
00000259  TA3_0_IRQHandler       
00000259  TA3_N_IRQHandler       
00000259  UsageFault_Handler     
4000480c  WDTCTL_SYM             
00000259  WDT_A_IRQHandler       
20010000  __STACK_END            
00000200  __STACK_SIZE           
ffffffff  __TI_pprof_out_hndl    
ffffffff  __TI_prof_data_size    
ffffffff  __TI_prof_data_start   
00000000  __TI_static_base__     
ffffffff  __binit__              
ffffffff  __c_args__             
UNDEFED   __mpu_init             
2000fe00  __stack                
20000000  __start___llvm_prf_cnts
20000000  __stop___llvm_prf_cnts 
00000219  _c_int00_noinit_noargs 
00000251  _system_pre_init       
00000255  abort                  
ffffffff  binit                  
00000000  interruptVectors       
000000e5  main                   


GLOBAL SYMBOLS: SORTED BY Symbol Address 

address   name                   
-------   ----                   
00000000  __TI_static_base__     
00000000  interruptVectors       
000000e5  main                   
000001a1  SystemInit             
00000200  __STACK_SIZE           
00000219  _c_int00_noinit_noargs 
00000245  Reset_Handler          
00000251  _system_pre_init       
00000255  C$$EXIT                
00000255  abort                  
00000259  ADC14_IRQHandler       
00000259  AES256_IRQHandler      
00000259  BusFault_Handler       
00000259  COMP_E0_IRQHandler     
00000259  COMP_E1_IRQHandler     
00000259  CS_IRQHandler          
00000259  DMA_ERR_IRQHandler     
00000259  DMA_INT0_IRQHandler    
00000259  DMA_INT1_IRQHandler    
00000259  DMA_INT2_IRQHandler    
00000259  DMA_INT3_IRQHandler    
00000259  DebugMon_Handler       
00000259  Default_Handler        
00000259  EUSCIA0_IRQHandler     
00000259  EUSCIA1_IRQHandler     
00000259  EUSCIA2_IRQHandler     
00000259  EUSCIA3_IRQHandler     
00000259  EUSCIB0_IRQHandler     
00000259  EUSCIB1_IRQHandler     
00000259  EUSCIB2_IRQHandler     
00000259  EUSCIB3_IRQHandler     
00000259  FLCTL_IRQHandler       
00000259  FPU_IRQHandler         
00000259  HardFault_Handler      
00000259  MemManage_Handler      
00000259  NMI_Handler            
00000259  PCM_IRQHandler         
00000259  PORT1_IRQHandler       
00000259  PORT2_IRQHandler       
00000259  PORT3_IRQHandler       
00000259  PORT4_IRQHandler       
00000259  PORT5_IRQHandler       
00000259  PORT6_IRQHandler       
00000259  PSS_IRQHandler         
00000259  PendSV_Handler         
00000259  RTC_C_IRQHandler       
00000259  SVC_Handler            
00000259  SysTick_Handler        
00000259  T32_INT1_IRQHandler    
00000259  T32_INT2_IRQHandler    
00000259  T32_INTC_IRQHandler    
00000259  TA0_0_IRQHandler       
00000259  TA0_N_IRQHandler       
00000259  TA1_0_IRQHandler       
00000259  TA1_N_IRQHandler       
00000259  TA2_0_IRQHandler       
00000259  TA2_N_IRQHandler       
00000259  TA3_0_IRQHandler       
00000259  TA3_N_IRQHandler       
00000259  UsageFault_Handler     
00000259  WDT_A_IRQHandler       
20000000  __start___llvm_prf_cnts
20000000  __stop___llvm_prf_cnts 
2000fe00  __stack                
20010000  __STACK_END            
4000480c  WDTCTL_SYM             
ffffffff  __TI_pprof_out_hndl    
ffffffff  __TI_prof_data_size    
ffffffff  __TI_prof_data_start   
ffffffff  __binit__              
ffffffff  __c_args__             
ffffffff  binit                  
UNDEFED   __mpu_init             

[73 symbols]
