******************************************************************************
                  TI ARM Linker PC v20.2.7                     
******************************************************************************
>> Linked Mon Oct  7 14:24:41 2024

OUTPUT FILE NAME:   <dma_crc32_transfer_calculation_MSP_EXP432P401R_nortos_ccs.out>
ENTRY POINT SYMBOL: "_c_int00_noargs"  address: 00002e5d


MEMORY CONFIGURATION

         name            origin    length      used     unused   attr    fill
----------------------  --------  ---------  --------  --------  ----  --------
  MAIN                  00000000   00040000  00003245  0003cdbb  R  X
  INFO                  00200000   00004000  00000000  00004000  R  X
  SRAM_CODE             01000000   00010000  00005db4  0000a24c  RW X
  SRAM_DATA             20000000   00010000  00005db4  0000a24c  RW  


SEGMENT ALLOCATION MAP

run origin  load origin   length   init length attrs members
----------  ----------- ---------- ----------- ----- -------
00000000    00000000    00003248   00003248    r-x
  00000000    00000000    000000e4   000000e4    r-- .intvecs
  000000e4    000000e4    00002fd0   00002fd0    r-x .text
  000030b4    000030b4    00000101   00000101    r-- .const
  000031b8    000031b8    00000090   00000090    r-- .cinit
20000000    20000000    00005bb8   00000000    rw-
  20000000    20000000    000051cc   00000000    rw- .bss
  200051d0    200051d0    00000800   00000000    rw- .sysmem
  200059d0    200059d0    000001e8   00000000    rw- .data
2000fe00    2000fe00    00000200   00000000    rw-
  2000fe00    2000fe00    00000200   00000000    rw- .stack


SECTION ALLOCATION MAP

 output                                  attributes/
section   page    origin      length       input sections
--------  ----  ----------  ----------   ----------------
.intvecs   0    00000000    000000e4     
                  00000000    000000e4     startup_msp432p401r_ccs.obj (.intvecs:retain)

.text      0    000000e4    00002fd0     
                  000000e4    00000a4e     rtsv7M4_T_le_v4SPD16_eabi.lib : _printfi.c.obj (.text:__TI_printfi)
                  00000b32    00000002     startup_msp432p401r_ccs.obj (.text:Default_Handler)
                  00000b34    000003a0     dma_crc32_transfer_calculation.obj (.text:main)
                  00000ed4    00000270     rtsv7M4_T_le_v4SPD16_eabi.lib : _printfi.c.obj (.text:_pconv_a)
                  00001144    000001d0                                   : _printfi.c.obj (.text:_pconv_g)
                  00001314    000001b6                                   : fd_add_t2.asm.obj (.text)
                  000014ca    00000002                                   : _lock.c.obj (.text:_nop)
                  000014cc    0000013c                                   : _printfi.c.obj (.text:_pconv_e)
                  00001608    00000136                                   : fd_div_t2.asm.obj (.text)
                  0000173e    00000002                                   : div0.asm.obj (.text)
                  00001740    00000124                                   : _printfi.c.obj (.text:fcvt)
                  00001864    00000114                                   : fputs.c.obj (.text:fputs)
                  00001978    00000110                                   : s_scalbn.c.obj (.text:scalbn)
                  00001a88    00000100                                   : memory.c.obj (.text:aligned_alloc)
                  00001b88    000000fc                                   : fd_mul_t2.asm.obj (.text)
                  00001c84    000000f0     msp432p4xx_driverlib.lib : dma.o (.text:DMA_setChannelTransfer)
                  00001d74    000000e4     rtsv7M4_T_le_v4SPD16_eabi.lib : memory.c.obj (.text:free)
                  00001e58    000000dc                                   : setvbuf.c.obj (.text:setvbuf)
                  00001f34    000000b1                                   : _printfi.c.obj (.text:_ltostr)
                  00001fe5    00000001     --HOLE-- [fill = 0]
                  00001fe6    0000009c                                   : memcpy_t2.asm.obj (.text)
                  00002082    00000096                                   : ull_div_t2.asm.obj (.text)
                  00002118    0000008c                                   : fputc.c.obj (.text:fputc)
                  000021a4    00000086                                   : fd_cmp_t2.asm.obj (.text:__aeabi_cdcmple)
                  0000222a    00000086                                   : fd_cmp_t2.asm.obj (.text:__aeabi_cdrcmple)
                  000022b0    0000007a                                   : memset_t2.asm.obj (.text)
                  0000232a    00000002     --HOLE-- [fill = 0]
                  0000232c    00000078     system_msp432p401r.obj (.text:SystemInit)
                  000023a4    00000074     rtsv7M4_T_le_v4SPD16_eabi.lib : fclose.c.obj (.text:__TI_closefile)
                  00002418    00000070                                   : memory.c.obj (.text:split)
                  00002488    0000006e                                   : _printfi.c.obj (.text:_mcpy)
                  000024f6    00000002     --HOLE-- [fill = 0]
                  000024f8    0000006c                                   : hostrename.c.obj (.text:HOSTrename)
                  00002564    00000068                                   : hostlseek.c.obj (.text:HOSTlseek)
                  000025cc    00000068                                   : copy_decompress_lzss.c.obj (.text:decompress:lzss:__TI_decompress_lzss)
                  00002634    00000068                                   : printf.c.obj (.text:printf)
                  0000269c    00000064                                   : s_frexp.c.obj (.text:frexp)
                  00002700    00000064                                   : fseek.c.obj (.text:fseek)
                  00002764    00000062                                   : _io_perm.c.obj (.text:__TI_wrt_ok)
                  000027c6    00000002     --HOLE-- [fill = 0]
                  000027c8    00000060                                   : hostopen.c.obj (.text:HOSTopen)
                  00002828    0000005c                                   : close.c.obj (.text:close)
                  00002884    00000058     dma_crc32_transfer_calculation.obj (.text:DMA_INT1_IRQHandler)
                  000028dc    00000058     rtsv7M4_T_le_v4SPD16_eabi.lib : hostread.c.obj (.text:HOSTread)
                  00002934    00000058                                   : hostwrite.c.obj (.text:HOSTwrite)
                  0000298c    00000056                                   : _printfi.c.obj (.text:_pconv_f)
                  000029e2    00000054                                   : _ltoa.c.obj (.text:__TI_ltoa)
                  00002a36    00000052                                   : _printfi.c.obj (.text:_ecpy)
                  00002a88    0000004c                                   : fflush.c.obj (.text:__TI_doflush)
                  00002ad4    0000004c                                   : atoi.c.obj (.text:atoi)
                  00002b20    0000004c     dma_crc32_transfer_calculation.obj (.text:compute_simple_checksum)
                  00002b6c    00000048     rtsv7M4_T_le_v4SPD16_eabi.lib : exit.c.obj (.text:exit)
                  00002bb4    00000048                                   : fd_toi_t2.asm.obj (.text)
                  00002bfc    00000044                                   : hostclose.c.obj (.text:HOSTclose)
                  00002c40    00000044                                   : hostunlink.c.obj (.text:HOSTunlink)
                  00002c84    00000044                                   : autoinit.c.obj (.text:__TI_auto_init_nobinit_nopinit:__TI_auto_init_nobinit_nopinit)
                  00002cc8    00000044                                   : getdevice.c.obj (.text:getdevice)
                  00002d0c    0000003e                                   : _printfi.c.obj (.text:_fcpy)
                  00002d4a    00000002     --HOLE-- [fill = 0]
                  00002d4c    00000038     msp432p4xx_driverlib.lib : crc32.o (.text:CRC32_getResultReversed)
                  00002d84    00000038     rtsv7M4_T_le_v4SPD16_eabi.lib : trgmsg.c.obj (.text:__TI_writemsg)
                  00002dbc    00000036                                   : strncpy.c.obj (.text:strncpy)
                  00002df2    00000002     --HOLE-- [fill = 0]
                  00002df4    00000034                                   : fopen.c.obj (.text:__TI_cleanup)
                  00002e28    00000034                                   : trgmsg.c.obj (.text:__TI_readmsg)
                  00002e5c    00000034                                   : boot_cortex_m.c.obj (.text:_c_int00_noargs:_c_int00_noargs)
                  00002e90    00000030                                   : getdevice.c.obj (.text:finddevice)
                  00002ec0    0000002e                                   : i_tofd_t2.asm.obj (.text)
                  00002eee    00000002     --HOLE-- [fill = 0]
                  00002ef0    0000002c                                   : unlink.c.obj (.text:unlink)
                  00002f1c    00000028                                   : memory.c.obj (.text:free_list_insert)
                  00002f44    00000028                                   : lseek.c.obj (.text:lseek)
                  00002f6c    00000028                                   : write.c.obj (.text:write)
                  00002f94    00000020                                   : memchr.c.obj (.text:memchr)
                  00002fb4    0000001c                                   : memory.c.obj (.text:free_list_remove)
                  00002fd0    0000001c                                   : memccpy.c.obj (.text:memccpy)
                  00002fec    0000001a                                   : s_copysign.c.obj (.text:copysign)
                  00003006    00000018                                   : strcmp.c.obj (.text:strcmp)
                  0000301e    00000016                                   : strchr.c.obj (.text:strchr)
                  00003034    00000014                                   : strcpy.c.obj (.text:strcpy)
                  00003048    00000014                                   : strlen.c.obj (.text:strlen)
                  0000305c    00000012                                   : wcslen.c.obj (.text:wcslen)
                  0000306e    0000000e                                   : copy_decompress_none.c.obj (.text:decompress:none:__TI_decompress_none)
                  0000307c    0000000c     startup_msp432p401r_ccs.obj (.text:Reset_Handler)
                  00003088    0000000c     rtsv7M4_T_le_v4SPD16_eabi.lib : copy_zero_init.c.obj (.text:decompress:ZI:__TI_zero_init)
                  00003094    00000008                                   : errno.c.obj (.text:__aeabi_errno_addr)
                  0000309c    00000008                                   : memory.c.obj (.text:malloc)
                  000030a4    00000004                                   : printf.c.obj (.text:_outc)
                  000030a8    00000004                                   : printf.c.obj (.text:_outs)
                  000030ac    00000004                                   : pre_init.c.obj (.text:_system_pre_init)
                  000030b0    00000004                                   : exit.c.obj (.text:abort:abort)

.const     0    000030b4    00000101     
                  000030b4    00000101     rtsv7M4_T_le_v4SPD16_eabi.lib : ctype.c.obj (.const:.string:_ctypes_)

.cinit     0    000031b8    00000090     
                  000031b8    0000006b     (.cinit..data.load) [load image, compression = lzss]
                  00003223    00000001     --HOLE-- [fill = 0]
                  00003224    0000000c     (__TI_handler_table)
                  00003230    00000008     (.cinit..bss.load) [load image, compression = zero_init]
                  00003238    00000010     (__TI_cinit_table)

.init_array 
*          0    00000000    00000000     UNINITIALIZED

.binit     0    00000000    00000000     

.bss       0    20000000    000051cc     UNINITIALIZED
                  20000000    00002800     (.common:controlTable)
                  20002800    00002800     (.common:data_array)
                  20005000    00000120     rtsv7M4_T_le_v4SPD16_eabi.lib : trgmsg.c.obj (.bss:_CIOBUF_)
                  20005120    000000a0     (.common:__TI_tmpnams)
                  200051c0    00000008     (.common:parmbuf)
                  200051c8    00000004     dma_crc32_transfer_calculation.obj (.bss)

.sysmem    0    200051d0    00000800     UNINITIALIZED
                  200051d0    00000010     rtsv7M4_T_le_v4SPD16_eabi.lib : memory.c.obj (.sysmem)
                  200051e0    000007f0     --HOLE--

.data      0    200059d0    000001e8     UNINITIALIZED
                  200059d0    000000f0     rtsv7M4_T_le_v4SPD16_eabi.lib : defs.c.obj (.data:_ftable)
                  20005ac0    00000078                                   : host_device.c.obj (.data:_device)
                  20005b38    00000050                                   : host_device.c.obj (.data:_stream)
                  20005b88    00000010                                   : defs.c.obj (.data)
                  20005b98    0000000c                                   : exit.c.obj (.data:$O1$$)
                  20005ba4    00000008                                   : _lock.c.obj (.data:$O1$$)
                  20005bac    00000008                                   : memory.c.obj (.data:$O1$$)
                  20005bb4    00000004                                   : errno.c.obj (.data)

.stack     0    2000fe00    00000200     UNINITIALIZED
                  2000fe00    00000004     rtsv7M4_T_le_v4SPD16_eabi.lib : boot_cortex_m.c.obj (.stack)
                  2000fe04    000001fc     --HOLE--

__llvm_prf_cnts 
*          0    20000000    00000000     UNINITIALIZED

MODULE SUMMARY

       Module                               code    ro data   rw data
       ------                               ----    -------   -------
    .\
       dma_crc32_transfer_calculation.obj   1092    0         40968  
       system_msp432p401r.obj               120     0         0      
    +--+------------------------------------+-------+---------+---------+
       Total:                               1212    0         40968  
                                                                     
    .\ccs\
       startup_msp432p401r_ccs.obj          14      228       0      
    +--+------------------------------------+-------+---------+---------+
       Total:                               14      228       0      
                                                                     
    C:/ti/simplelink_msp432p4_sdk_3_40_01_02/source/ti/devices/msp432p4xx/driverlib/ccs/msp432p4xx_driverlib.lib
       dma.o                                240     0         0      
       crc32.o                              56      0         0      
    +--+------------------------------------+-------+---------+---------+
       Total:                               296     0         0      
                                                                     
    C:\ti\ccs1280\ccs\tools\compiler\ti-cgt-arm_20.2.7.LTS\lib\rtsv7M4_T_le_v4SPD16_eabi.lib
       _printfi.c.obj                       4851    0         0      
       defs.c.obj                           0       0         832    
       memory.c.obj                         672     0         16     
       trgmsg.c.obj                         108     0         576    
       fd_add_t2.asm.obj                    438     0         0      
       host_device.c.obj                    0       0         400    
       fd_div_t2.asm.obj                    310     0         0      
       fputs.c.obj                          276     0         0      
       s_scalbn.c.obj                       272     0         0      
       fd_cmp_t2.asm.obj                    268     0         0      
       ctype.c.obj                          0       257       0      
       fd_mul_t2.asm.obj                    252     0         0      
       setvbuf.c.obj                        220     0         0      
       memcpy_t2.asm.obj                    156     0         0      
       ull_div_t2.asm.obj                   150     0         0      
       fputc.c.obj                          140     0         0      
       memset_t2.asm.obj                    122     0         0      
       fclose.c.obj                         116     0         0      
       getdevice.c.obj                      116     0         0      
       hostopen.c.obj                       96      0         16     
       printf.c.obj                         112     0         0      
       hostrename.c.obj                     108     0         0      
       copy_decompress_lzss.c.obj           104     0         0      
       hostlseek.c.obj                      104     0         0      
       exit.c.obj                           76      0         24     
       fseek.c.obj                          100     0         0      
       s_frexp.c.obj                        100     0         0      
       _io_perm.c.obj                       98      0         0      
       close.c.obj                          92      0         0      
       hostread.c.obj                       88      0         0      
       hostwrite.c.obj                      88      0         0      
       _ltoa.c.obj                          84      0         0      
       atoi.c.obj                           76      0         0      
       fflush.c.obj                         76      0         0      
       fd_toi_t2.asm.obj                    72      0         0      
       autoinit.c.obj                       68      0         0      
       hostclose.c.obj                      68      0         0      
       hostunlink.c.obj                     68      0         0      
       strncpy.c.obj                        54      0         0      
       boot_cortex_m.c.obj                  52      0         0      
       fopen.c.obj                          52      0         0      
       i_tofd_t2.asm.obj                    46      0         0      
       unlink.c.obj                         44      0         0      
       lseek.c.obj                          40      0         0      
       write.c.obj                          40      0         0      
       memchr.c.obj                         32      0         0      
       memccpy.c.obj                        28      0         0      
       s_copysign.c.obj                     26      0         0      
       strcmp.c.obj                         24      0         0      
       strchr.c.obj                         22      0         0      
       strcpy.c.obj                         20      0         0      
       strlen.c.obj                         20      0         0      
       _lock.c.obj                          2       0         16     
       wcslen.c.obj                         18      0         0      
       errno.c.obj                          8       0         8      
       copy_decompress_none.c.obj           14      0         0      
       copy_zero_init.c.obj                 12      0         0      
       pre_init.c.obj                       4       0         0      
       div0.asm.obj                         2       0         0      
    +--+------------------------------------+-------+---------+---------+
       Total:                               10705   257       1888   
                                                                     
       Heap:                                0       0         4096   
       Stack:                               0       0         1024   
       Linker Generated:                    0       143       0      
    +--+------------------------------------+-------+---------+---------+
       Grand Total:                         12227   628       47976  


LINKER GENERATED COPY TABLES

__TI_cinit_table @ 00003238 records: 2, size/record: 8, table size: 16
	.data: load addr=000031b8, load size=0000006b bytes, run addr=200059d0, run size=000001e8 bytes, compression=lzss
	.bss: load addr=00003230, load size=00000008 bytes, run addr=20000000, run size=000051cc bytes, compression=zero_init


LINKER GENERATED HANDLER TABLE

__TI_handler_table @ 00003224 records: 3, size/record: 4, table size: 12
	index: 0, handler: __TI_decompress_lzss
	index: 1, handler: __TI_decompress_none
	index: 2, handler: __TI_zero_init


GLOBAL SYMBOLS: SORTED ALPHABETICALLY BY Name 

address   name                           
-------   ----                           
00000b33  ADC14_IRQHandler               
00000b33  AES256_IRQHandler              
00000b33  BusFault_Handler               
000030b1  C$$EXIT                        
00002db3  C$$IO$$                        
00000b33  COMP_E0_IRQHandler             
00000b33  COMP_E1_IRQHandler             
00002d4d  CRC32_getResultReversed        
00000b33  CS_IRQHandler                  
00000b33  DMA_ERR_IRQHandler             
00000b33  DMA_INT0_IRQHandler            
00002885  DMA_INT1_IRQHandler            
00002885  DMA_INT1_IRQHandler            
00000b33  DMA_INT2_IRQHandler            
00000b33  DMA_INT3_IRQHandler            
00001c85  DMA_setChannelTransfer         
00000b33  DebugMon_Handler               
00000b33  Default_Handler                
00000b33  EUSCIA0_IRQHandler             
00000b33  EUSCIA1_IRQHandler             
00000b33  EUSCIA2_IRQHandler             
00000b33  EUSCIA3_IRQHandler             
00000b33  EUSCIB0_IRQHandler             
00000b33  EUSCIB1_IRQHandler             
00000b33  EUSCIB2_IRQHandler             
00000b33  EUSCIB3_IRQHandler             
00000b33  FLCTL_IRQHandler               
00000b33  FPU_IRQHandler                 
00002bfd  HOSTclose                      
00002565  HOSTlseek                      
000027c9  HOSTopen                       
000028dd  HOSTread                       
000024f9  HOSTrename                     
00002c41  HOSTunlink                     
00002935  HOSTwrite                      
00000b33  HardFault_Handler              
00000b33  MemManage_Handler              
00000b33  NMI_Handler                    
00000b33  PCM_IRQHandler                 
00000b33  PORT1_IRQHandler               
00000b33  PORT2_IRQHandler               
00000b33  PORT3_IRQHandler               
00000b33  PORT4_IRQHandler               
00000b33  PORT5_IRQHandler               
00000b33  PORT6_IRQHandler               
00000b33  PSS_IRQHandler                 
00000b33  PendSV_Handler                 
00000b33  RTC_C_IRQHandler               
0000307d  Reset_Handler                  
00000b33  SVC_Handler                    
00000b33  SysTick_Handler                
0000232d  SystemInit                     
00000b33  T32_INT1_IRQHandler            
00000b33  T32_INT2_IRQHandler            
00000b33  T32_INTC_IRQHandler            
00000b33  TA0_0_IRQHandler               
00000b33  TA0_N_IRQHandler               
00000b33  TA1_0_IRQHandler               
00000b33  TA1_N_IRQHandler               
00000b33  TA2_0_IRQHandler               
00000b33  TA2_N_IRQHandler               
00000b33  TA3_0_IRQHandler               
00000b33  TA3_N_IRQHandler               
00000b33  UsageFault_Handler             
4000480c  WDTCTL_SYM                     
00000b33  WDT_A_IRQHandler               
20005000  __CIOBUF_                      
20010000  __STACK_END                    
00000200  __STACK_SIZE                   
00000800  __SYSMEM_SIZE                  
00003238  __TI_CINIT_Base                
00003248  __TI_CINIT_Limit               
00003224  __TI_Handler_Table_Base        
00003230  __TI_Handler_Table_Limit       
00002c85  __TI_auto_init_nobinit_nopinit 
00002df5  __TI_cleanup                   
20005b98  __TI_cleanup_ptr               
000023a5  __TI_closefile                 
000025cd  __TI_decompress_lzss           
0000306f  __TI_decompress_none           
00002a89  __TI_doflush                   
20005b9c  __TI_dtors_ptr                 
20005ba0  __TI_enable_exit_profile_output
20005b88  __TI_ft_end                    
000029e3  __TI_ltoa                      
ffffffff  __TI_pprof_out_hndl            
000000e5  __TI_printfi                   
ffffffff  __TI_prof_data_size            
ffffffff  __TI_prof_data_start           
00002e29  __TI_readmsg                   
00000000  __TI_static_base__             
20005120  __TI_tmpnams                   
00002d85  __TI_writemsg                  
00002765  __TI_wrt_ok                    
00003089  __TI_zero_init                 
000021a5  __aeabi_cdcmpeq                
000021a5  __aeabi_cdcmple                
0000222b  __aeabi_cdrcmple               
00002bb5  __aeabi_d2iz                   
0000131f  __aeabi_dadd                   
00001609  __aeabi_ddiv                   
00001b89  __aeabi_dmul                   
00001315  __aeabi_dsub                   
00003095  __aeabi_errno_addr             
00002ec1  __aeabi_i2d                    
0000173f  __aeabi_idiv0                  
0000173f  __aeabi_ldiv0                  
000022b1  __aeabi_memclr                 
000022b1  __aeabi_memclr4                
000022b1  __aeabi_memclr8                
00001fe7  __aeabi_memcpy                 
00001fe7  __aeabi_memcpy4                
00001fe7  __aeabi_memcpy8                
000022b3  __aeabi_memset                 
000022b3  __aeabi_memset4                
000022b3  __aeabi_memset8                
20005b94  __aeabi_stderr                 
20005b8c  __aeabi_stdin                  
20005b90  __aeabi_stdout                 
00002083  __aeabi_uldivmod               
ffffffff  __binit__                      
ffffffff  __c_args__                     
UNDEFED   __mpu_init                     
2000fe00  __stack                        
20000000  __start___llvm_prf_cnts        
20000000  __stop___llvm_prf_cnts         
00002e5d  _c_int00_noargs                
000030b4  _ctypes_                       
20005ac0  _device                        
200059d0  _ftable                        
20005ba4  _lock                          
000014cb  _nop                           
20005b38  _stream                        
200051d0  _sys_memory                    
UNDEFED   _system_post_cinit             
000030ad  _system_pre_init               
20005ba8  _unlock                        
000030b1  abort                          
00001a89  aligned_alloc                  
00002ad5  atoi                           
ffffffff  binit                          
00002829  close                          
20000000  controlTable                   
00002fed  copysign                       
00002fed  copysignl                      
20002800  data_array                     
20005bb4  errno                          
00002b6d  exit                           
00002e91  finddevice                     
00002119  fputc                          
00001865  fputs                          
00001d75  free                           
0000269d  frexp                          
0000269d  frexpl                         
00002701  fseek                          
00002cc9  getdevice                      
00000000  interruptVectors               
00001979  ldexp                          
00001979  ldexpl                         
00002f45  lseek                          
00000b35  main                           
0000309d  malloc                         
00001a89  memalign                       
00002fd1  memccpy                        
00002f95  memchr                         
00001fe7  memcpy                         
000022b9  memset                         
200051c0  parmbuf                        
00002635  printf                         
00002119  putc                           
00002ef1  remove                         
00001979  scalbn                         
00001979  scalbnl                        
00001e59  setvbuf                        
0000301f  strchr                         
00003007  strcmp                         
00003035  strcpy                         
00003049  strlen                         
00002dbd  strncpy                        
00002ef1  unlink                         
0000305d  wcslen                         
00002f6d  write                          


GLOBAL SYMBOLS: SORTED BY Symbol Address 

address   name                           
-------   ----                           
00000000  __TI_static_base__             
00000000  interruptVectors               
000000e5  __TI_printfi                   
00000200  __STACK_SIZE                   
00000800  __SYSMEM_SIZE                  
00000b33  ADC14_IRQHandler               
00000b33  AES256_IRQHandler              
00000b33  BusFault_Handler               
00000b33  COMP_E0_IRQHandler             
00000b33  COMP_E1_IRQHandler             
00000b33  CS_IRQHandler                  
00000b33  DMA_ERR_IRQHandler             
00000b33  DMA_INT0_IRQHandler            
00000b33  DMA_INT2_IRQHandler            
00000b33  DMA_INT3_IRQHandler            
00000b33  DebugMon_Handler               
00000b33  Default_Handler                
00000b33  EUSCIA0_IRQHandler             
00000b33  EUSCIA1_IRQHandler             
00000b33  EUSCIA2_IRQHandler             
00000b33  EUSCIA3_IRQHandler             
00000b33  EUSCIB0_IRQHandler             
00000b33  EUSCIB1_IRQHandler             
00000b33  EUSCIB2_IRQHandler             
00000b33  EUSCIB3_IRQHandler             
00000b33  FLCTL_IRQHandler               
00000b33  FPU_IRQHandler                 
00000b33  HardFault_Handler              
00000b33  MemManage_Handler              
00000b33  NMI_Handler                    
00000b33  PCM_IRQHandler                 
00000b33  PORT1_IRQHandler               
00000b33  PORT2_IRQHandler               
00000b33  PORT3_IRQHandler               
00000b33  PORT4_IRQHandler               
00000b33  PORT5_IRQHandler               
00000b33  PORT6_IRQHandler               
00000b33  PSS_IRQHandler                 
00000b33  PendSV_Handler                 
00000b33  RTC_C_IRQHandler               
00000b33  SVC_Handler                    
00000b33  SysTick_Handler                
00000b33  T32_INT1_IRQHandler            
00000b33  T32_INT2_IRQHandler            
00000b33  T32_INTC_IRQHandler            
00000b33  TA0_0_IRQHandler               
00000b33  TA0_N_IRQHandler               
00000b33  TA1_0_IRQHandler               
00000b33  TA1_N_IRQHandler               
00000b33  TA2_0_IRQHandler               
00000b33  TA2_N_IRQHandler               
00000b33  TA3_0_IRQHandler               
00000b33  TA3_N_IRQHandler               
00000b33  UsageFault_Handler             
00000b33  WDT_A_IRQHandler               
00000b35  main                           
00001315  __aeabi_dsub                   
0000131f  __aeabi_dadd                   
000014cb  _nop                           
00001609  __aeabi_ddiv                   
0000173f  __aeabi_idiv0                  
0000173f  __aeabi_ldiv0                  
00001865  fputs                          
00001979  ldexp                          
00001979  ldexpl                         
00001979  scalbn                         
00001979  scalbnl                        
00001a89  aligned_alloc                  
00001a89  memalign                       
00001b89  __aeabi_dmul                   
00001c85  DMA_setChannelTransfer         
00001d75  free                           
00001e59  setvbuf                        
00001fe7  __aeabi_memcpy                 
00001fe7  __aeabi_memcpy4                
00001fe7  __aeabi_memcpy8                
00001fe7  memcpy                         
00002083  __aeabi_uldivmod               
00002119  fputc                          
00002119  putc                           
000021a5  __aeabi_cdcmpeq                
000021a5  __aeabi_cdcmple                
0000222b  __aeabi_cdrcmple               
000022b1  __aeabi_memclr                 
000022b1  __aeabi_memclr4                
000022b1  __aeabi_memclr8                
000022b3  __aeabi_memset                 
000022b3  __aeabi_memset4                
000022b3  __aeabi_memset8                
000022b9  memset                         
0000232d  SystemInit                     
000023a5  __TI_closefile                 
000024f9  HOSTrename                     
00002565  HOSTlseek                      
000025cd  __TI_decompress_lzss           
00002635  printf                         
0000269d  frexp                          
0000269d  frexpl                         
00002701  fseek                          
00002765  __TI_wrt_ok                    
000027c9  HOSTopen                       
00002829  close                          
00002885  DMA_INT1_IRQHandler            
00002885  DMA_INT1_IRQHandler            
000028dd  HOSTread                       
00002935  HOSTwrite                      
000029e3  __TI_ltoa                      
00002a89  __TI_doflush                   
00002ad5  atoi                           
00002b6d  exit                           
00002bb5  __aeabi_d2iz                   
00002bfd  HOSTclose                      
00002c41  HOSTunlink                     
00002c85  __TI_auto_init_nobinit_nopinit 
00002cc9  getdevice                      
00002d4d  CRC32_getResultReversed        
00002d85  __TI_writemsg                  
00002db3  C$$IO$$                        
00002dbd  strncpy                        
00002df5  __TI_cleanup                   
00002e29  __TI_readmsg                   
00002e5d  _c_int00_noargs                
00002e91  finddevice                     
00002ec1  __aeabi_i2d                    
00002ef1  remove                         
00002ef1  unlink                         
00002f45  lseek                          
00002f6d  write                          
00002f95  memchr                         
00002fd1  memccpy                        
00002fed  copysign                       
00002fed  copysignl                      
00003007  strcmp                         
0000301f  strchr                         
00003035  strcpy                         
00003049  strlen                         
0000305d  wcslen                         
0000306f  __TI_decompress_none           
0000307d  Reset_Handler                  
00003089  __TI_zero_init                 
00003095  __aeabi_errno_addr             
0000309d  malloc                         
000030ad  _system_pre_init               
000030b1  C$$EXIT                        
000030b1  abort                          
000030b4  _ctypes_                       
00003224  __TI_Handler_Table_Base        
00003230  __TI_Handler_Table_Limit       
00003238  __TI_CINIT_Base                
00003248  __TI_CINIT_Limit               
20000000  __start___llvm_prf_cnts        
20000000  __stop___llvm_prf_cnts         
20000000  controlTable                   
20002800  data_array                     
20005000  __CIOBUF_                      
20005120  __TI_tmpnams                   
200051c0  parmbuf                        
200051d0  _sys_memory                    
200059d0  _ftable                        
20005ac0  _device                        
20005b38  _stream                        
20005b88  __TI_ft_end                    
20005b8c  __aeabi_stdin                  
20005b90  __aeabi_stdout                 
20005b94  __aeabi_stderr                 
20005b98  __TI_cleanup_ptr               
20005b9c  __TI_dtors_ptr                 
20005ba0  __TI_enable_exit_profile_output
20005ba4  _lock                          
20005ba8  _unlock                        
20005bb4  errno                          
2000fe00  __stack                        
20010000  __STACK_END                    
4000480c  WDTCTL_SYM                     
ffffffff  __TI_pprof_out_hndl            
ffffffff  __TI_prof_data_size            
ffffffff  __TI_prof_data_start           
ffffffff  __binit__                      
ffffffff  __c_args__                     
ffffffff  binit                          
UNDEFED   __mpu_init                     
UNDEFED   _system_post_cinit             

[182 symbols]
