<?xml version="1.0" encoding="ISO-8859-1" ?>
<link_info>
   <banner>TI ARM Linker PC v20.2.7.LTS</banner>
   <copyright>Copyright (c) 1996-2018 Texas Instruments Incorporated</copyright>
   <link_time>0x67045199</link_time>
   <link_errors>0x0</link_errors>
   <output_file>dma_crc32_transfer_calculation_MSP_EXP432P401R_nortos_ccs.out</output_file>
   <entry_point>
      <name>_c_int00_noargs</name>
      <address>0x2e5d</address>
   </entry_point>
   <input_file_list>
      <input_file id="fl-2">
         <path>.\</path>
         <kind>object</kind>
         <file>dma_crc32_transfer_calculation.obj</file>
         <name>dma_crc32_transfer_calculation.obj</name>
      </input_file>
      <input_file id="fl-3">
         <path>.\</path>
         <kind>object</kind>
         <file>system_msp432p401r.obj</file>
         <name>system_msp432p401r.obj</name>
      </input_file>
      <input_file id="fl-4">
         <path>.\ccs\</path>
         <kind>object</kind>
         <file>startup_msp432p401r_ccs.obj</file>
         <name>startup_msp432p401r_ccs.obj</name>
      </input_file>
      <input_file id="fl-e">
         <kind>object</kind>
         <file>&lt;internal&gt;</file>
         <name>&lt;internal&gt;</name>
      </input_file>
      <input_file id="fl-f">
         <path>C:\ti\simplelink_msp432p4_sdk_3_40_01_02\source\ti\devices\msp432p4xx\driverlib\ccs\</path>
         <kind>archive</kind>
         <file>msp432p4xx_driverlib.lib</file>
         <name>crc32.o</name>
      </input_file>
      <input_file id="fl-10">
         <path>C:\ti\simplelink_msp432p4_sdk_3_40_01_02\source\ti\devices\msp432p4xx\driverlib\ccs\</path>
         <kind>archive</kind>
         <file>msp432p4xx_driverlib.lib</file>
         <name>dma.o</name>
      </input_file>
      <input_file id="fl-11">
         <path>C:\ti\simplelink_msp432p4_sdk_3_40_01_02\source\ti\devices\msp432p4xx\driverlib\ccs\</path>
         <kind>archive</kind>
         <file>msp432p4xx_driverlib.lib</file>
         <name>interrupt.o</name>
      </input_file>
      <input_file id="fl-12">
         <path>C:\ti\simplelink_msp432p4_sdk_3_40_01_02\source\ti\devices\msp432p4xx\driverlib\ccs\</path>
         <kind>archive</kind>
         <file>msp432p4xx_driverlib.lib</file>
         <name>cpu.o</name>
      </input_file>
      <input_file id="fl-c8">
         <path>C:\ti\ccs1280\ccs\tools\compiler\ti-cgt-arm_20.2.7.LTS\lib\</path>
         <kind>archive</kind>
         <file>rtsv7M4_T_le_v4SPD16_eabi.lib</file>
         <name>printf.c.obj</name>
      </input_file>
      <input_file id="fl-c9">
         <path>C:\ti\ccs1280\ccs\tools\compiler\ti-cgt-arm_20.2.7.LTS\lib\</path>
         <kind>archive</kind>
         <file>rtsv7M4_T_le_v4SPD16_eabi.lib</file>
         <name>_printfi.c.obj</name>
      </input_file>
      <input_file id="fl-ca">
         <path>C:\ti\ccs1280\ccs\tools\compiler\ti-cgt-arm_20.2.7.LTS\lib\</path>
         <kind>archive</kind>
         <file>rtsv7M4_T_le_v4SPD16_eabi.lib</file>
         <name>fputc.c.obj</name>
      </input_file>
      <input_file id="fl-cb">
         <path>C:\ti\ccs1280\ccs\tools\compiler\ti-cgt-arm_20.2.7.LTS\lib\</path>
         <kind>archive</kind>
         <file>rtsv7M4_T_le_v4SPD16_eabi.lib</file>
         <name>fputs.c.obj</name>
      </input_file>
      <input_file id="fl-cc">
         <path>C:\ti\ccs1280\ccs\tools\compiler\ti-cgt-arm_20.2.7.LTS\lib\</path>
         <kind>archive</kind>
         <file>rtsv7M4_T_le_v4SPD16_eabi.lib</file>
         <name>_io_perm.c.obj</name>
      </input_file>
      <input_file id="fl-cd">
         <path>C:\ti\ccs1280\ccs\tools\compiler\ti-cgt-arm_20.2.7.LTS\lib\</path>
         <kind>archive</kind>
         <file>rtsv7M4_T_le_v4SPD16_eabi.lib</file>
         <name>setvbuf.c.obj</name>
      </input_file>
      <input_file id="fl-ce">
         <path>C:\ti\ccs1280\ccs\tools\compiler\ti-cgt-arm_20.2.7.LTS\lib\</path>
         <kind>archive</kind>
         <file>rtsv7M4_T_le_v4SPD16_eabi.lib</file>
         <name>fd_add_t2.asm.obj</name>
      </input_file>
      <input_file id="fl-cf">
         <path>C:\ti\ccs1280\ccs\tools\compiler\ti-cgt-arm_20.2.7.LTS\lib\</path>
         <kind>archive</kind>
         <file>rtsv7M4_T_le_v4SPD16_eabi.lib</file>
         <name>fd_cmp_t2.asm.obj</name>
      </input_file>
      <input_file id="fl-d0">
         <path>C:\ti\ccs1280\ccs\tools\compiler\ti-cgt-arm_20.2.7.LTS\lib\</path>
         <kind>archive</kind>
         <file>rtsv7M4_T_le_v4SPD16_eabi.lib</file>
         <name>fd_div_t2.asm.obj</name>
      </input_file>
      <input_file id="fl-d1">
         <path>C:\ti\ccs1280\ccs\tools\compiler\ti-cgt-arm_20.2.7.LTS\lib\</path>
         <kind>archive</kind>
         <file>rtsv7M4_T_le_v4SPD16_eabi.lib</file>
         <name>fd_mul_t2.asm.obj</name>
      </input_file>
      <input_file id="fl-d2">
         <path>C:\ti\ccs1280\ccs\tools\compiler\ti-cgt-arm_20.2.7.LTS\lib\</path>
         <kind>archive</kind>
         <file>rtsv7M4_T_le_v4SPD16_eabi.lib</file>
         <name>fd_toi_t2.asm.obj</name>
      </input_file>
      <input_file id="fl-d3">
         <path>C:\ti\ccs1280\ccs\tools\compiler\ti-cgt-arm_20.2.7.LTS\lib\</path>
         <kind>archive</kind>
         <file>rtsv7M4_T_le_v4SPD16_eabi.lib</file>
         <name>i_tofd_t2.asm.obj</name>
      </input_file>
      <input_file id="fl-d4">
         <path>C:\ti\ccs1280\ccs\tools\compiler\ti-cgt-arm_20.2.7.LTS\lib\</path>
         <kind>archive</kind>
         <file>rtsv7M4_T_le_v4SPD16_eabi.lib</file>
         <name>memcpy_t2.asm.obj</name>
      </input_file>
      <input_file id="fl-d5">
         <path>C:\ti\ccs1280\ccs\tools\compiler\ti-cgt-arm_20.2.7.LTS\lib\</path>
         <kind>archive</kind>
         <file>rtsv7M4_T_le_v4SPD16_eabi.lib</file>
         <name>memset_t2.asm.obj</name>
      </input_file>
      <input_file id="fl-d6">
         <path>C:\ti\ccs1280\ccs\tools\compiler\ti-cgt-arm_20.2.7.LTS\lib\</path>
         <kind>archive</kind>
         <file>rtsv7M4_T_le_v4SPD16_eabi.lib</file>
         <name>ull_div_t2.asm.obj</name>
      </input_file>
      <input_file id="fl-d7">
         <path>C:\ti\ccs1280\ccs\tools\compiler\ti-cgt-arm_20.2.7.LTS\lib\</path>
         <kind>archive</kind>
         <file>rtsv7M4_T_le_v4SPD16_eabi.lib</file>
         <name>copy_zero_init.c.obj</name>
      </input_file>
      <input_file id="fl-d8">
         <path>C:\ti\ccs1280\ccs\tools\compiler\ti-cgt-arm_20.2.7.LTS\lib\</path>
         <kind>archive</kind>
         <file>rtsv7M4_T_le_v4SPD16_eabi.lib</file>
         <name>copy_decompress_none.c.obj</name>
      </input_file>
      <input_file id="fl-d9">
         <path>C:\ti\ccs1280\ccs\tools\compiler\ti-cgt-arm_20.2.7.LTS\lib\</path>
         <kind>archive</kind>
         <file>rtsv7M4_T_le_v4SPD16_eabi.lib</file>
         <name>copy_decompress_lzss.c.obj</name>
      </input_file>
      <input_file id="fl-da">
         <path>C:\ti\ccs1280\ccs\tools\compiler\ti-cgt-arm_20.2.7.LTS\lib\</path>
         <kind>archive</kind>
         <file>rtsv7M4_T_le_v4SPD16_eabi.lib</file>
         <name>exit.c.obj</name>
      </input_file>
      <input_file id="fl-db">
         <path>C:\ti\ccs1280\ccs\tools\compiler\ti-cgt-arm_20.2.7.LTS\lib\</path>
         <kind>archive</kind>
         <file>rtsv7M4_T_le_v4SPD16_eabi.lib</file>
         <name>_lock.c.obj</name>
      </input_file>
      <input_file id="fl-dc">
         <path>C:\ti\ccs1280\ccs\tools\compiler\ti-cgt-arm_20.2.7.LTS\lib\</path>
         <kind>archive</kind>
         <file>rtsv7M4_T_le_v4SPD16_eabi.lib</file>
         <name>_ltoa.c.obj</name>
      </input_file>
      <input_file id="fl-dd">
         <path>C:\ti\ccs1280\ccs\tools\compiler\ti-cgt-arm_20.2.7.LTS\lib\</path>
         <kind>archive</kind>
         <file>rtsv7M4_T_le_v4SPD16_eabi.lib</file>
         <name>atoi.c.obj</name>
      </input_file>
      <input_file id="fl-de">
         <path>C:\ti\ccs1280\ccs\tools\compiler\ti-cgt-arm_20.2.7.LTS\lib\</path>
         <kind>archive</kind>
         <file>rtsv7M4_T_le_v4SPD16_eabi.lib</file>
         <name>ctype.c.obj</name>
      </input_file>
      <input_file id="fl-df">
         <path>C:\ti\ccs1280\ccs\tools\compiler\ti-cgt-arm_20.2.7.LTS\lib\</path>
         <kind>archive</kind>
         <file>rtsv7M4_T_le_v4SPD16_eabi.lib</file>
         <name>defs.c.obj</name>
      </input_file>
      <input_file id="fl-e0">
         <path>C:\ti\ccs1280\ccs\tools\compiler\ti-cgt-arm_20.2.7.LTS\lib\</path>
         <kind>archive</kind>
         <file>rtsv7M4_T_le_v4SPD16_eabi.lib</file>
         <name>memccpy.c.obj</name>
      </input_file>
      <input_file id="fl-e1">
         <path>C:\ti\ccs1280\ccs\tools\compiler\ti-cgt-arm_20.2.7.LTS\lib\</path>
         <kind>archive</kind>
         <file>rtsv7M4_T_le_v4SPD16_eabi.lib</file>
         <name>memchr.c.obj</name>
      </input_file>
      <input_file id="fl-e2">
         <path>C:\ti\ccs1280\ccs\tools\compiler\ti-cgt-arm_20.2.7.LTS\lib\</path>
         <kind>archive</kind>
         <file>rtsv7M4_T_le_v4SPD16_eabi.lib</file>
         <name>memory.c.obj</name>
      </input_file>
      <input_file id="fl-e3">
         <path>C:\ti\ccs1280\ccs\tools\compiler\ti-cgt-arm_20.2.7.LTS\lib\</path>
         <kind>archive</kind>
         <file>rtsv7M4_T_le_v4SPD16_eabi.lib</file>
         <name>strchr.c.obj</name>
      </input_file>
      <input_file id="fl-e4">
         <path>C:\ti\ccs1280\ccs\tools\compiler\ti-cgt-arm_20.2.7.LTS\lib\</path>
         <kind>archive</kind>
         <file>rtsv7M4_T_le_v4SPD16_eabi.lib</file>
         <name>strlen.c.obj</name>
      </input_file>
      <input_file id="fl-e5">
         <path>C:\ti\ccs1280\ccs\tools\compiler\ti-cgt-arm_20.2.7.LTS\lib\</path>
         <kind>archive</kind>
         <file>rtsv7M4_T_le_v4SPD16_eabi.lib</file>
         <name>boot_cortex_m.c.obj</name>
      </input_file>
      <input_file id="fl-e6">
         <path>C:\ti\ccs1280\ccs\tools\compiler\ti-cgt-arm_20.2.7.LTS\lib\</path>
         <kind>archive</kind>
         <file>rtsv7M4_T_le_v4SPD16_eabi.lib</file>
         <name>write.c.obj</name>
      </input_file>
      <input_file id="fl-e7">
         <path>C:\ti\ccs1280\ccs\tools\compiler\ti-cgt-arm_20.2.7.LTS\lib\</path>
         <kind>archive</kind>
         <file>rtsv7M4_T_le_v4SPD16_eabi.lib</file>
         <name>host_device.c.obj</name>
      </input_file>
      <input_file id="fl-e8">
         <path>C:\ti\ccs1280\ccs\tools\compiler\ti-cgt-arm_20.2.7.LTS\lib\</path>
         <kind>archive</kind>
         <file>rtsv7M4_T_le_v4SPD16_eabi.lib</file>
         <name>errno.c.obj</name>
      </input_file>
      <input_file id="fl-e9">
         <path>C:\ti\ccs1280\ccs\tools\compiler\ti-cgt-arm_20.2.7.LTS\lib\</path>
         <kind>archive</kind>
         <file>rtsv7M4_T_le_v4SPD16_eabi.lib</file>
         <name>wcslen.c.obj</name>
      </input_file>
      <input_file id="fl-ea">
         <path>C:\ti\ccs1280\ccs\tools\compiler\ti-cgt-arm_20.2.7.LTS\lib\</path>
         <kind>archive</kind>
         <file>rtsv7M4_T_le_v4SPD16_eabi.lib</file>
         <name>s_frexp.c.obj</name>
      </input_file>
      <input_file id="fl-eb">
         <path>C:\ti\ccs1280\ccs\tools\compiler\ti-cgt-arm_20.2.7.LTS\lib\</path>
         <kind>archive</kind>
         <file>rtsv7M4_T_le_v4SPD16_eabi.lib</file>
         <name>s_scalbn.c.obj</name>
      </input_file>
      <input_file id="fl-ec">
         <path>C:\ti\ccs1280\ccs\tools\compiler\ti-cgt-arm_20.2.7.LTS\lib\</path>
         <kind>archive</kind>
         <file>rtsv7M4_T_le_v4SPD16_eabi.lib</file>
         <name>fflush.c.obj</name>
      </input_file>
      <input_file id="fl-ed">
         <path>C:\ti\ccs1280\ccs\tools\compiler\ti-cgt-arm_20.2.7.LTS\lib\</path>
         <kind>archive</kind>
         <file>rtsv7M4_T_le_v4SPD16_eabi.lib</file>
         <name>fopen.c.obj</name>
      </input_file>
      <input_file id="fl-ee">
         <path>C:\ti\ccs1280\ccs\tools\compiler\ti-cgt-arm_20.2.7.LTS\lib\</path>
         <kind>archive</kind>
         <file>rtsv7M4_T_le_v4SPD16_eabi.lib</file>
         <name>fseek.c.obj</name>
      </input_file>
      <input_file id="fl-ef">
         <path>C:\ti\ccs1280\ccs\tools\compiler\ti-cgt-arm_20.2.7.LTS\lib\</path>
         <kind>archive</kind>
         <file>rtsv7M4_T_le_v4SPD16_eabi.lib</file>
         <name>div0.asm.obj</name>
      </input_file>
      <input_file id="fl-f0">
         <path>C:\ti\ccs1280\ccs\tools\compiler\ti-cgt-arm_20.2.7.LTS\lib\</path>
         <kind>archive</kind>
         <file>rtsv7M4_T_le_v4SPD16_eabi.lib</file>
         <name>autoinit.c.obj</name>
      </input_file>
      <input_file id="fl-f1">
         <path>C:\ti\ccs1280\ccs\tools\compiler\ti-cgt-arm_20.2.7.LTS\lib\</path>
         <kind>archive</kind>
         <file>rtsv7M4_T_le_v4SPD16_eabi.lib</file>
         <name>pre_init.c.obj</name>
      </input_file>
      <input_file id="fl-f2">
         <path>C:\ti\ccs1280\ccs\tools\compiler\ti-cgt-arm_20.2.7.LTS\lib\</path>
         <kind>archive</kind>
         <file>rtsv7M4_T_le_v4SPD16_eabi.lib</file>
         <name>cpy_tbl.c.obj</name>
      </input_file>
      <input_file id="fl-f3">
         <path>C:\ti\ccs1280\ccs\tools\compiler\ti-cgt-arm_20.2.7.LTS\lib\</path>
         <kind>archive</kind>
         <file>rtsv7M4_T_le_v4SPD16_eabi.lib</file>
         <name>args_main.c.obj</name>
      </input_file>
      <input_file id="fl-f4">
         <path>C:\ti\ccs1280\ccs\tools\compiler\ti-cgt-arm_20.2.7.LTS\lib\</path>
         <kind>archive</kind>
         <file>rtsv7M4_T_le_v4SPD16_eabi.lib</file>
         <name>hostclose.c.obj</name>
      </input_file>
      <input_file id="fl-f5">
         <path>C:\ti\ccs1280\ccs\tools\compiler\ti-cgt-arm_20.2.7.LTS\lib\</path>
         <kind>archive</kind>
         <file>rtsv7M4_T_le_v4SPD16_eabi.lib</file>
         <name>hostlseek.c.obj</name>
      </input_file>
      <input_file id="fl-f6">
         <path>C:\ti\ccs1280\ccs\tools\compiler\ti-cgt-arm_20.2.7.LTS\lib\</path>
         <kind>archive</kind>
         <file>rtsv7M4_T_le_v4SPD16_eabi.lib</file>
         <name>hostopen.c.obj</name>
      </input_file>
      <input_file id="fl-f7">
         <path>C:\ti\ccs1280\ccs\tools\compiler\ti-cgt-arm_20.2.7.LTS\lib\</path>
         <kind>archive</kind>
         <file>rtsv7M4_T_le_v4SPD16_eabi.lib</file>
         <name>hostread.c.obj</name>
      </input_file>
      <input_file id="fl-f8">
         <path>C:\ti\ccs1280\ccs\tools\compiler\ti-cgt-arm_20.2.7.LTS\lib\</path>
         <kind>archive</kind>
         <file>rtsv7M4_T_le_v4SPD16_eabi.lib</file>
         <name>hostrename.c.obj</name>
      </input_file>
      <input_file id="fl-f9">
         <path>C:\ti\ccs1280\ccs\tools\compiler\ti-cgt-arm_20.2.7.LTS\lib\</path>
         <kind>archive</kind>
         <file>rtsv7M4_T_le_v4SPD16_eabi.lib</file>
         <name>hostunlink.c.obj</name>
      </input_file>
      <input_file id="fl-fa">
         <path>C:\ti\ccs1280\ccs\tools\compiler\ti-cgt-arm_20.2.7.LTS\lib\</path>
         <kind>archive</kind>
         <file>rtsv7M4_T_le_v4SPD16_eabi.lib</file>
         <name>hostwrite.c.obj</name>
      </input_file>
      <input_file id="fl-fb">
         <path>C:\ti\ccs1280\ccs\tools\compiler\ti-cgt-arm_20.2.7.LTS\lib\</path>
         <kind>archive</kind>
         <file>rtsv7M4_T_le_v4SPD16_eabi.lib</file>
         <name>trgmsg.c.obj</name>
      </input_file>
      <input_file id="fl-fc">
         <path>C:\ti\ccs1280\ccs\tools\compiler\ti-cgt-arm_20.2.7.LTS\lib\</path>
         <kind>archive</kind>
         <file>rtsv7M4_T_le_v4SPD16_eabi.lib</file>
         <name>open.c.obj</name>
      </input_file>
      <input_file id="fl-fd">
         <path>C:\ti\ccs1280\ccs\tools\compiler\ti-cgt-arm_20.2.7.LTS\lib\</path>
         <kind>archive</kind>
         <file>rtsv7M4_T_le_v4SPD16_eabi.lib</file>
         <name>lseek.c.obj</name>
      </input_file>
      <input_file id="fl-fe">
         <path>C:\ti\ccs1280\ccs\tools\compiler\ti-cgt-arm_20.2.7.LTS\lib\</path>
         <kind>archive</kind>
         <file>rtsv7M4_T_le_v4SPD16_eabi.lib</file>
         <name>s_copysign.c.obj</name>
      </input_file>
      <input_file id="fl-ff">
         <path>C:\ti\ccs1280\ccs\tools\compiler\ti-cgt-arm_20.2.7.LTS\lib\</path>
         <kind>archive</kind>
         <file>rtsv7M4_T_le_v4SPD16_eabi.lib</file>
         <name>fclose.c.obj</name>
      </input_file>
      <input_file id="fl-100">
         <path>C:\ti\ccs1280\ccs\tools\compiler\ti-cgt-arm_20.2.7.LTS\lib\</path>
         <kind>archive</kind>
         <file>rtsv7M4_T_le_v4SPD16_eabi.lib</file>
         <name>getdevice.c.obj</name>
      </input_file>
      <input_file id="fl-101">
         <path>C:\ti\ccs1280\ccs\tools\compiler\ti-cgt-arm_20.2.7.LTS\lib\</path>
         <kind>archive</kind>
         <file>rtsv7M4_T_le_v4SPD16_eabi.lib</file>
         <name>strcmp.c.obj</name>
      </input_file>
      <input_file id="fl-102">
         <path>C:\ti\ccs1280\ccs\tools\compiler\ti-cgt-arm_20.2.7.LTS\lib\</path>
         <kind>archive</kind>
         <file>rtsv7M4_T_le_v4SPD16_eabi.lib</file>
         <name>strcpy.c.obj</name>
      </input_file>
      <input_file id="fl-103">
         <path>C:\ti\ccs1280\ccs\tools\compiler\ti-cgt-arm_20.2.7.LTS\lib\</path>
         <kind>archive</kind>
         <file>rtsv7M4_T_le_v4SPD16_eabi.lib</file>
         <name>strncpy.c.obj</name>
      </input_file>
      <input_file id="fl-104">
         <path>C:\ti\ccs1280\ccs\tools\compiler\ti-cgt-arm_20.2.7.LTS\lib\</path>
         <kind>archive</kind>
         <file>rtsv7M4_T_le_v4SPD16_eabi.lib</file>
         <name>remove.c.obj</name>
      </input_file>
      <input_file id="fl-105">
         <path>C:\ti\ccs1280\ccs\tools\compiler\ti-cgt-arm_20.2.7.LTS\lib\</path>
         <kind>archive</kind>
         <file>rtsv7M4_T_le_v4SPD16_eabi.lib</file>
         <name>close.c.obj</name>
      </input_file>
      <input_file id="fl-106">
         <path>C:\ti\ccs1280\ccs\tools\compiler\ti-cgt-arm_20.2.7.LTS\lib\</path>
         <kind>archive</kind>
         <file>rtsv7M4_T_le_v4SPD16_eabi.lib</file>
         <name>unlink.c.obj</name>
      </input_file>
   </input_file_list>
   <object_component_list>
      <object_component id="oc-26">
         <name>.intvecs:retain</name>
         <load_address>0x0</load_address>
         <run_address>0x0</run_address>
         <size>0xe4</size>
         <input_file_ref idref="fl-4"/>
      </object_component>
      <object_component id="oc-158">
         <name>.text:__TI_printfi</name>
         <load_address>0xe4</load_address>
         <run_address>0xe4</run_address>
         <size>0xa4e</size>
         <input_file_ref idref="fl-c9"/>
      </object_component>
      <object_component id="oc-70">
         <name>.text:Default_Handler</name>
         <load_address>0xb32</load_address>
         <run_address>0xb32</run_address>
         <size>0x2</size>
         <input_file_ref idref="fl-4"/>
      </object_component>
      <object_component id="oc-a6">
         <name>.text:main</name>
         <load_address>0xb34</load_address>
         <run_address>0xb34</run_address>
         <size>0x3a0</size>
         <input_file_ref idref="fl-2"/>
      </object_component>
      <object_component id="oc-1e2">
         <name>.text:_pconv_a</name>
         <load_address>0xed4</load_address>
         <run_address>0xed4</run_address>
         <size>0x270</size>
         <input_file_ref idref="fl-c9"/>
      </object_component>
      <object_component id="oc-1d0">
         <name>.text:_pconv_g</name>
         <load_address>0x1144</load_address>
         <run_address>0x1144</run_address>
         <size>0x1d0</size>
         <input_file_ref idref="fl-c9"/>
      </object_component>
      <object_component id="oc-284">
         <name>.text</name>
         <load_address>0x1314</load_address>
         <run_address>0x1314</run_address>
         <size>0x1b6</size>
         <input_file_ref idref="fl-ce"/>
      </object_component>
      <object_component id="oc-206">
         <name>.text:_nop</name>
         <load_address>0x14ca</load_address>
         <run_address>0x14ca</run_address>
         <size>0x2</size>
         <input_file_ref idref="fl-db"/>
      </object_component>
      <object_component id="oc-1dc">
         <name>.text:_pconv_e</name>
         <load_address>0x14cc</load_address>
         <run_address>0x14cc</run_address>
         <size>0x13c</size>
         <input_file_ref idref="fl-c9"/>
      </object_component>
      <object_component id="oc-26a">
         <name>.text</name>
         <load_address>0x1608</load_address>
         <run_address>0x1608</run_address>
         <size>0x136</size>
         <input_file_ref idref="fl-d0"/>
      </object_component>
      <object_component id="oc-30c">
         <name>.text</name>
         <load_address>0x173e</load_address>
         <run_address>0x173e</run_address>
         <size>0x2</size>
         <input_file_ref idref="fl-ef"/>
      </object_component>
      <object_component id="oc-296">
         <name>.text:fcvt</name>
         <load_address>0x1740</load_address>
         <run_address>0x1740</run_address>
         <size>0x124</size>
         <input_file_ref idref="fl-c9"/>
      </object_component>
      <object_component id="oc-214">
         <name>.text:fputs</name>
         <load_address>0x1864</load_address>
         <run_address>0x1864</run_address>
         <size>0x114</size>
         <input_file_ref idref="fl-cb"/>
      </object_component>
      <object_component id="oc-2aa">
         <name>.text:scalbn</name>
         <load_address>0x1978</load_address>
         <run_address>0x1978</run_address>
         <size>0x110</size>
         <input_file_ref idref="fl-eb"/>
      </object_component>
      <object_component id="oc-3b7">
         <name>.text:aligned_alloc</name>
         <load_address>0x1a88</load_address>
         <run_address>0x1a88</run_address>
         <size>0x100</size>
         <input_file_ref idref="fl-e2"/>
      </object_component>
      <object_component id="oc-265">
         <name>.text</name>
         <load_address>0x1b88</load_address>
         <run_address>0x1b88</run_address>
         <size>0xfc</size>
         <input_file_ref idref="fl-d1"/>
      </object_component>
      <object_component id="oc-f9">
         <name>.text:DMA_setChannelTransfer</name>
         <load_address>0x1c84</load_address>
         <run_address>0x1c84</run_address>
         <size>0xf0</size>
         <input_file_ref idref="fl-10"/>
      </object_component>
      <object_component id="oc-375">
         <name>.text:free</name>
         <load_address>0x1d74</load_address>
         <run_address>0x1d74</run_address>
         <size>0xe4</size>
         <input_file_ref idref="fl-e2"/>
      </object_component>
      <object_component id="oc-347">
         <name>.text:setvbuf</name>
         <load_address>0x1e58</load_address>
         <run_address>0x1e58</run_address>
         <size>0xdc</size>
         <input_file_ref idref="fl-cd"/>
      </object_component>
      <object_component id="oc-1c5">
         <name>.text:_ltostr</name>
         <load_address>0x1f34</load_address>
         <run_address>0x1f34</run_address>
         <size>0xb1</size>
         <input_file_ref idref="fl-c9"/>
      </object_component>
      <object_component id="oc-3a">
         <name>.text</name>
         <load_address>0x1fe6</load_address>
         <run_address>0x1fe6</run_address>
         <size>0x9c</size>
         <input_file_ref idref="fl-d4"/>
      </object_component>
      <object_component id="oc-25e">
         <name>.text</name>
         <load_address>0x2082</load_address>
         <run_address>0x2082</run_address>
         <size>0x96</size>
         <input_file_ref idref="fl-d6"/>
      </object_component>
      <object_component id="oc-21b">
         <name>.text:fputc</name>
         <load_address>0x2118</load_address>
         <run_address>0x2118</run_address>
         <size>0x8c</size>
         <input_file_ref idref="fl-ca"/>
      </object_component>
      <object_component id="oc-1cb">
         <name>.text:__aeabi_cdcmple</name>
         <load_address>0x21a4</load_address>
         <run_address>0x21a4</run_address>
         <size>0x86</size>
         <input_file_ref idref="fl-cf"/>
      </object_component>
      <object_component id="oc-26f">
         <name>.text:__aeabi_cdrcmple</name>
         <load_address>0x222a</load_address>
         <run_address>0x222a</run_address>
         <size>0x86</size>
         <input_file_ref idref="fl-cf"/>
      </object_component>
      <object_component id="oc-9a">
         <name>.text</name>
         <load_address>0x22b0</load_address>
         <run_address>0x22b0</run_address>
         <size>0x7a</size>
         <input_file_ref idref="fl-d5"/>
      </object_component>
      <object_component id="oc-b8">
         <name>.text:SystemInit</name>
         <load_address>0x232c</load_address>
         <run_address>0x232c</run_address>
         <size>0x78</size>
         <input_file_ref idref="fl-3"/>
      </object_component>
      <object_component id="oc-3be">
         <name>.text:__TI_closefile</name>
         <load_address>0x23a4</load_address>
         <run_address>0x23a4</run_address>
         <size>0x74</size>
         <input_file_ref idref="fl-ff"/>
      </object_component>
      <object_component id="oc-3ff">
         <name>.text:split</name>
         <load_address>0x2418</load_address>
         <run_address>0x2418</run_address>
         <size>0x70</size>
         <input_file_ref idref="fl-e2"/>
      </object_component>
      <object_component id="oc-28f">
         <name>.text:_mcpy</name>
         <load_address>0x2488</load_address>
         <run_address>0x2488</run_address>
         <size>0x6e</size>
         <input_file_ref idref="fl-c9"/>
      </object_component>
      <object_component id="oc-3ee">
         <name>.text:HOSTrename</name>
         <load_address>0x24f8</load_address>
         <run_address>0x24f8</run_address>
         <size>0x6c</size>
         <input_file_ref idref="fl-f8"/>
      </object_component>
      <object_component id="oc-3e2">
         <name>.text:HOSTlseek</name>
         <load_address>0x2564</load_address>
         <run_address>0x2564</run_address>
         <size>0x68</size>
         <input_file_ref idref="fl-f5"/>
      </object_component>
      <object_component id="oc-17">
         <name>.text:decompress:lzss:__TI_decompress_lzss</name>
         <load_address>0x25cc</load_address>
         <run_address>0x25cc</run_address>
         <size>0x68</size>
         <input_file_ref idref="fl-d9"/>
      </object_component>
      <object_component id="oc-c6">
         <name>.text:printf</name>
         <load_address>0x2634</load_address>
         <run_address>0x2634</run_address>
         <size>0x68</size>
         <input_file_ref idref="fl-c8"/>
      </object_component>
      <object_component id="oc-2a4">
         <name>.text:frexp</name>
         <load_address>0x269c</load_address>
         <run_address>0x269c</run_address>
         <size>0x64</size>
         <input_file_ref idref="fl-ea"/>
      </object_component>
      <object_component id="oc-341">
         <name>.text:fseek</name>
         <load_address>0x2700</load_address>
         <run_address>0x2700</run_address>
         <size>0x64</size>
         <input_file_ref idref="fl-ee"/>
      </object_component>
      <object_component id="oc-2db">
         <name>.text:__TI_wrt_ok</name>
         <load_address>0x2764</load_address>
         <run_address>0x2764</run_address>
         <size>0x62</size>
         <input_file_ref idref="fl-cc"/>
      </object_component>
      <object_component id="oc-3ca">
         <name>.text:HOSTopen</name>
         <load_address>0x27c8</load_address>
         <run_address>0x27c8</run_address>
         <size>0x60</size>
         <input_file_ref idref="fl-f6"/>
      </object_component>
      <object_component id="oc-406">
         <name>.text:close</name>
         <load_address>0x2828</load_address>
         <run_address>0x2828</run_address>
         <size>0x5c</size>
         <input_file_ref idref="fl-105"/>
      </object_component>
      <object_component id="oc-76">
         <name>.text:DMA_INT1_IRQHandler</name>
         <load_address>0x2884</load_address>
         <run_address>0x2884</run_address>
         <size>0x58</size>
         <input_file_ref idref="fl-2"/>
      </object_component>
      <object_component id="oc-3d6">
         <name>.text:HOSTread</name>
         <load_address>0x28dc</load_address>
         <run_address>0x28dc</run_address>
         <size>0x58</size>
         <input_file_ref idref="fl-f7"/>
      </object_component>
      <object_component id="oc-3dc">
         <name>.text:HOSTwrite</name>
         <load_address>0x2934</load_address>
         <run_address>0x2934</run_address>
         <size>0x58</size>
         <input_file_ref idref="fl-fa"/>
      </object_component>
      <object_component id="oc-1d6">
         <name>.text:_pconv_f</name>
         <load_address>0x298c</load_address>
         <run_address>0x298c</run_address>
         <size>0x56</size>
         <input_file_ref idref="fl-c9"/>
      </object_component>
      <object_component id="oc-279">
         <name>.text:__TI_ltoa</name>
         <load_address>0x29e2</load_address>
         <run_address>0x29e2</run_address>
         <size>0x54</size>
         <input_file_ref idref="fl-dc"/>
      </object_component>
      <object_component id="oc-289">
         <name>.text:_ecpy</name>
         <load_address>0x2a36</load_address>
         <run_address>0x2a36</run_address>
         <size>0x52</size>
         <input_file_ref idref="fl-c9"/>
      </object_component>
      <object_component id="oc-2e7">
         <name>.text:__TI_doflush</name>
         <load_address>0x2a88</load_address>
         <run_address>0x2a88</run_address>
         <size>0x4c</size>
         <input_file_ref idref="fl-ec"/>
      </object_component>
      <object_component id="oc-1bf">
         <name>.text:atoi</name>
         <load_address>0x2ad4</load_address>
         <run_address>0x2ad4</run_address>
         <size>0x4c</size>
         <input_file_ref idref="fl-dd"/>
      </object_component>
      <object_component id="oc-f3">
         <name>.text:compute_simple_checksum</name>
         <load_address>0x2b20</load_address>
         <run_address>0x2b20</run_address>
         <size>0x4c</size>
         <input_file_ref idref="fl-2"/>
      </object_component>
      <object_component id="oc-114">
         <name>.text:exit</name>
         <load_address>0x2b6c</load_address>
         <run_address>0x2b6c</run_address>
         <size>0x48</size>
         <input_file_ref idref="fl-da"/>
      </object_component>
      <object_component id="oc-274">
         <name>.text</name>
         <load_address>0x2bb4</load_address>
         <run_address>0x2bb4</run_address>
         <size>0x48</size>
         <input_file_ref idref="fl-d2"/>
      </object_component>
      <object_component id="oc-3d0">
         <name>.text:HOSTclose</name>
         <load_address>0x2bfc</load_address>
         <run_address>0x2bfc</run_address>
         <size>0x44</size>
         <input_file_ref idref="fl-f4"/>
      </object_component>
      <object_component id="oc-3e8">
         <name>.text:HOSTunlink</name>
         <load_address>0x2c40</load_address>
         <run_address>0x2c40</run_address>
         <size>0x44</size>
         <input_file_ref idref="fl-f9"/>
      </object_component>
      <object_component id="oc-11a">
         <name>.text:__TI_auto_init_nobinit_nopinit:__TI_auto_init_nobinit_nopinit</name>
         <load_address>0x2c84</load_address>
         <run_address>0x2c84</run_address>
         <size>0x44</size>
         <input_file_ref idref="fl-f0"/>
      </object_component>
      <object_component id="oc-43e">
         <name>.text:getdevice</name>
         <load_address>0x2cc8</load_address>
         <run_address>0x2cc8</run_address>
         <size>0x44</size>
         <input_file_ref idref="fl-100"/>
      </object_component>
      <object_component id="oc-29c">
         <name>.text:_fcpy</name>
         <load_address>0x2d0c</load_address>
         <run_address>0x2d0c</run_address>
         <size>0x3e</size>
         <input_file_ref idref="fl-c9"/>
      </object_component>
      <object_component id="oc-c0">
         <name>.text:CRC32_getResultReversed</name>
         <load_address>0x2d4c</load_address>
         <run_address>0x2d4c</run_address>
         <size>0x38</size>
         <input_file_ref idref="fl-f"/>
      </object_component>
      <object_component id="oc-417">
         <name>.text:__TI_writemsg</name>
         <load_address>0x2d84</load_address>
         <run_address>0x2d84</run_address>
         <size>0x38</size>
         <input_file_ref idref="fl-fb"/>
      </object_component>
      <object_component id="oc-460">
         <name>.text:strncpy</name>
         <load_address>0x2dbc</load_address>
         <run_address>0x2dbc</run_address>
         <size>0x36</size>
         <input_file_ref idref="fl-103"/>
      </object_component>
      <object_component id="oc-381">
         <name>.text:__TI_cleanup</name>
         <load_address>0x2df4</load_address>
         <run_address>0x2df4</run_address>
         <size>0x34</size>
         <input_file_ref idref="fl-ed"/>
      </object_component>
      <object_component id="oc-41d">
         <name>.text:__TI_readmsg</name>
         <load_address>0x2e28</load_address>
         <run_address>0x2e28</run_address>
         <size>0x34</size>
         <input_file_ref idref="fl-fb"/>
      </object_component>
      <object_component id="oc-58">
         <name>.text:_c_int00_noargs:_c_int00_noargs</name>
         <load_address>0x2e5c</load_address>
         <run_address>0x2e5c</run_address>
         <size>0x34</size>
         <input_file_ref idref="fl-e5"/>
      </object_component>
      <object_component id="oc-466">
         <name>.text:finddevice</name>
         <load_address>0x2e90</load_address>
         <run_address>0x2e90</run_address>
         <size>0x30</size>
         <input_file_ref idref="fl-100"/>
      </object_component>
      <object_component id="oc-27f">
         <name>.text</name>
         <load_address>0x2ec0</load_address>
         <run_address>0x2ec0</run_address>
         <size>0x2e</size>
         <input_file_ref idref="fl-d3"/>
      </object_component>
      <object_component id="oc-40c">
         <name>.text:unlink</name>
         <load_address>0x2ef0</load_address>
         <run_address>0x2ef0</run_address>
         <size>0x2c</size>
         <input_file_ref idref="fl-106"/>
      </object_component>
      <object_component id="oc-3b0">
         <name>.text:free_list_insert</name>
         <load_address>0x2f1c</load_address>
         <run_address>0x2f1c</run_address>
         <size>0x28</size>
         <input_file_ref idref="fl-e2"/>
      </object_component>
      <object_component id="oc-36d">
         <name>.text:lseek</name>
         <load_address>0x2f44</load_address>
         <run_address>0x2f44</run_address>
         <size>0x28</size>
         <input_file_ref idref="fl-fd"/>
      </object_component>
      <object_component id="oc-2ed">
         <name>.text:write</name>
         <load_address>0x2f6c</load_address>
         <run_address>0x2f6c</run_address>
         <size>0x28</size>
         <input_file_ref idref="fl-e6"/>
      </object_component>
      <object_component id="oc-2e1">
         <name>.text:memchr</name>
         <load_address>0x2f94</load_address>
         <run_address>0x2f94</run_address>
         <size>0x20</size>
         <input_file_ref idref="fl-e1"/>
      </object_component>
      <object_component id="oc-3aa">
         <name>.text:free_list_remove</name>
         <load_address>0x2fb4</load_address>
         <run_address>0x2fb4</run_address>
         <size>0x1c</size>
         <input_file_ref idref="fl-e2"/>
      </object_component>
      <object_component id="oc-1e8">
         <name>.text:memccpy</name>
         <load_address>0x2fd0</load_address>
         <run_address>0x2fd0</run_address>
         <size>0x1c</size>
         <input_file_ref idref="fl-e0"/>
      </object_component>
      <object_component id="oc-325">
         <name>.text:copysign</name>
         <load_address>0x2fec</load_address>
         <run_address>0x2fec</run_address>
         <size>0x1a</size>
         <input_file_ref idref="fl-fe"/>
      </object_component>
      <object_component id="oc-47d">
         <name>.text:strcmp</name>
         <load_address>0x3006</load_address>
         <run_address>0x3006</run_address>
         <size>0x18</size>
         <input_file_ref idref="fl-101"/>
      </object_component>
      <object_component id="oc-2b0">
         <name>.text:strchr</name>
         <load_address>0x301e</load_address>
         <run_address>0x301e</run_address>
         <size>0x16</size>
         <input_file_ref idref="fl-e3"/>
      </object_component>
      <object_component id="oc-431">
         <name>.text:strcpy</name>
         <load_address>0x3034</load_address>
         <run_address>0x3034</run_address>
         <size>0x14</size>
         <input_file_ref idref="fl-102"/>
      </object_component>
      <object_component id="oc-1b9">
         <name>.text:strlen</name>
         <load_address>0x3048</load_address>
         <run_address>0x3048</run_address>
         <size>0x14</size>
         <input_file_ref idref="fl-e4"/>
      </object_component>
      <object_component id="oc-1ee">
         <name>.text:wcslen</name>
         <load_address>0x305c</load_address>
         <run_address>0x305c</run_address>
         <size>0x12</size>
         <input_file_ref idref="fl-e9"/>
      </object_component>
      <object_component id="oc-1d">
         <name>.text:decompress:none:__TI_decompress_none</name>
         <load_address>0x306e</load_address>
         <run_address>0x306e</run_address>
         <size>0xe</size>
         <input_file_ref idref="fl-d8"/>
      </object_component>
      <object_component id="oc-6a">
         <name>.text:Reset_Handler</name>
         <load_address>0x307c</load_address>
         <run_address>0x307c</run_address>
         <size>0xc</size>
         <input_file_ref idref="fl-4"/>
      </object_component>
      <object_component id="oc-4c">
         <name>.text:decompress:ZI:__TI_zero_init</name>
         <load_address>0x3088</load_address>
         <run_address>0x3088</run_address>
         <size>0xc</size>
         <input_file_ref idref="fl-d7"/>
      </object_component>
      <object_component id="oc-1f4">
         <name>.text:__aeabi_errno_addr</name>
         <load_address>0x3094</load_address>
         <run_address>0x3094</run_address>
         <size>0x8</size>
         <input_file_ref idref="fl-e8"/>
      </object_component>
      <object_component id="oc-37b">
         <name>.text:malloc</name>
         <load_address>0x309c</load_address>
         <run_address>0x309c</run_address>
         <size>0x8</size>
         <input_file_ref idref="fl-e2"/>
      </object_component>
      <object_component id="oc-16a">
         <name>.text:_outc</name>
         <load_address>0x30a4</load_address>
         <run_address>0x30a4</run_address>
         <size>0x4</size>
         <input_file_ref idref="fl-c8"/>
      </object_component>
      <object_component id="oc-164">
         <name>.text:_outs</name>
         <load_address>0x30a8</load_address>
         <run_address>0x30a8</run_address>
         <size>0x4</size>
         <input_file_ref idref="fl-c8"/>
      </object_component>
      <object_component id="oc-a0">
         <name>.text:_system_pre_init</name>
         <load_address>0x30ac</load_address>
         <run_address>0x30ac</run_address>
         <size>0x4</size>
         <input_file_ref idref="fl-f1"/>
      </object_component>
      <object_component id="oc-10e">
         <name>.text:abort:abort</name>
         <load_address>0x30b0</load_address>
         <run_address>0x30b0</run_address>
         <size>0x4</size>
         <input_file_ref idref="fl-da"/>
      </object_component>
      <object_component id="oc-259">
         <name>.const:.string:_ctypes_</name>
         <load_address>0x30b4</load_address>
         <run_address>0x30b4</run_address>
         <size>0x101</size>
         <input_file_ref idref="fl-de"/>
      </object_component>
      <object_component id="oc-4bd">
         <name>.cinit..data.load</name>
         <load_address>0x31b8</load_address>
         <run_address>0x31b8</run_address>
         <size>0x6b</size>
      </object_component>
      <object_component id="oc-4bb">
         <name>__TI_handler_table</name>
         <load_address>0x3224</load_address>
         <run_address>0x3224</run_address>
         <size>0xc</size>
      </object_component>
      <object_component id="oc-4be">
         <name>.cinit..bss.load</name>
         <load_address>0x3230</load_address>
         <run_address>0x3230</run_address>
         <size>0x8</size>
      </object_component>
      <object_component id="oc-4bc">
         <name>__TI_cinit_table</name>
         <load_address>0x3238</load_address>
         <run_address>0x3238</run_address>
         <size>0x10</size>
      </object_component>
      <object_component id="oc-48f">
         <name>.binit</name>
         <load_address>0x0</load_address>
         <run_address>0x0</run_address>
         <size>0x0</size>
      </object_component>
      <object_component id="oc-198">
         <name>.data:$O1$$</name>
         <load_address>0x20005b98</load_address>
         <run_address>0x20005b98</run_address>
         <size>0xc</size>
         <input_file_ref idref="fl-da"/>
      </object_component>
      <object_component id="oc-15e">
         <name>.data:$O1$$</name>
         <load_address>0x20005ba4</load_address>
         <run_address>0x20005ba4</run_address>
         <size>0x8</size>
         <input_file_ref idref="fl-db"/>
      </object_component>
      <object_component id="oc-161">
         <name>.data:_ftable</name>
         <load_address>0x200059d0</load_address>
         <run_address>0x200059d0</run_address>
         <size>0xf0</size>
         <input_file_ref idref="fl-df"/>
      </object_component>
      <object_component id="oc-3c4">
         <name>.data</name>
         <load_address>0x20005b88</load_address>
         <run_address>0x20005b88</run_address>
         <size>0x10</size>
         <input_file_ref idref="fl-df"/>
      </object_component>
      <object_component id="oc-3fa">
         <name>.data:$O1$$</name>
         <load_address>0x20005bac</load_address>
         <run_address>0x20005bac</run_address>
         <size>0x8</size>
         <input_file_ref idref="fl-e2"/>
      </object_component>
      <object_component id="oc-394">
         <name>.data:_device</name>
         <load_address>0x20005ac0</load_address>
         <run_address>0x20005ac0</run_address>
         <size>0x78</size>
         <input_file_ref idref="fl-e7"/>
      </object_component>
      <object_component id="oc-353">
         <name>.data:_stream</name>
         <load_address>0x20005b38</load_address>
         <run_address>0x20005b38</run_address>
         <size>0x50</size>
         <input_file_ref idref="fl-e7"/>
      </object_component>
      <object_component id="oc-2c0">
         <name>.data</name>
         <load_address>0x20005bb4</load_address>
         <run_address>0x20005bb4</run_address>
         <size>0x4</size>
         <input_file_ref idref="fl-e8"/>
      </object_component>
      <object_component id="oc-cc">
         <name>.bss</name>
         <uninitialized>true</uninitialized>
         <run_address>0x200051c8</run_address>
         <size>0x4</size>
         <input_file_ref idref="fl-2"/>
      </object_component>
      <object_component id="oc-448">
         <name>.bss:_CIOBUF_</name>
         <uninitialized>true</uninitialized>
         <run_address>0x20005000</run_address>
         <size>0x120</size>
         <input_file_ref idref="fl-fb"/>
      </object_component>
      <object_component id="oc-102">
         <name>.common:controlTable</name>
         <uninitialized>true</uninitialized>
         <run_address>0x20000000</run_address>
         <size>0x2800</size>
      </object_component>
      <object_component id="oc-ff">
         <name>.common:data_array</name>
         <uninitialized>true</uninitialized>
         <run_address>0x20002800</run_address>
         <size>0x2800</size>
      </object_component>
      <object_component id="oc-412">
         <name>.common:__TI_tmpnams</name>
         <uninitialized>true</uninitialized>
         <run_address>0x20005120</run_address>
         <size>0xa0</size>
      </object_component>
      <object_component id="oc-423">
         <name>.common:parmbuf</name>
         <uninitialized>true</uninitialized>
         <run_address>0x200051c0</run_address>
         <size>0x8</size>
      </object_component>
      <object_component id="oc-29">
         <name>.sysmem</name>
         <uninitialized>true</uninitialized>
         <run_address>0x200051d0</run_address>
         <size>0x10</size>
         <input_file_ref idref="fl-e2"/>
      </object_component>
      <object_component id="oc-4c1">
         <name>.sysmem</name>
         <uninitialized>true</uninitialized>
         <run_address>0x200051d0</run_address>
         <size>0x0</size>
      </object_component>
      <object_component id="oc-2c">
         <name>.stack</name>
         <uninitialized>true</uninitialized>
         <run_address>0x2000fe00</run_address>
         <size>0x4</size>
         <input_file_ref idref="fl-e5"/>
      </object_component>
      <object_component id="oc-4c0">
         <name>.stack</name>
         <uninitialized>true</uninitialized>
         <run_address>0x2000fe00</run_address>
         <size>0x0</size>
      </object_component>
      <object_component id="oc-100">
         <name>.debug_info</name>
         <load_address>0x0</load_address>
         <run_address>0x0</run_address>
         <size>0x6e5</size>
         <input_file_ref idref="fl-2"/>
      </object_component>
      <object_component id="oc-cd">
         <name>.debug_info</name>
         <load_address>0x6e5</load_address>
         <run_address>0x6e5</run_address>
         <size>0x122</size>
         <input_file_ref idref="fl-2"/>
      </object_component>
      <object_component id="oc-a7">
         <name>.debug_info</name>
         <load_address>0x807</load_address>
         <run_address>0x807</run_address>
         <size>0x39f</size>
         <input_file_ref idref="fl-2"/>
      </object_component>
      <object_component id="oc-77">
         <name>.debug_info</name>
         <load_address>0xba6</load_address>
         <run_address>0xba6</run_address>
         <size>0x1c1</size>
         <input_file_ref idref="fl-2"/>
      </object_component>
      <object_component id="oc-f4">
         <name>.debug_info</name>
         <load_address>0xd67</load_address>
         <run_address>0xd67</run_address>
         <size>0x248</size>
         <input_file_ref idref="fl-2"/>
      </object_component>
      <object_component id="oc-183">
         <name>.debug_info</name>
         <load_address>0xfaf</load_address>
         <run_address>0xfaf</run_address>
         <size>0x37e2</size>
         <input_file_ref idref="fl-2"/>
      </object_component>
      <object_component id="oc-d2">
         <name>.debug_info</name>
         <load_address>0x4791</load_address>
         <run_address>0x4791</run_address>
         <size>0x26b</size>
         <input_file_ref idref="fl-2"/>
      </object_component>
      <object_component id="oc-188">
         <name>.debug_info</name>
         <load_address>0x49fc</load_address>
         <run_address>0x49fc</run_address>
         <size>0x1028</size>
         <input_file_ref idref="fl-2"/>
      </object_component>
      <object_component id="oc-104">
         <name>.debug_info</name>
         <load_address>0x5a24</load_address>
         <run_address>0x5a24</run_address>
         <size>0x8b</size>
         <input_file_ref idref="fl-2"/>
      </object_component>
      <object_component id="oc-179">
         <name>.debug_info</name>
         <load_address>0x5aaf</load_address>
         <run_address>0x5aaf</run_address>
         <size>0x2a4</size>
         <input_file_ref idref="fl-2"/>
      </object_component>
      <object_component id="oc-192">
         <name>.debug_info</name>
         <load_address>0x5d53</load_address>
         <run_address>0x5d53</run_address>
         <size>0xef</size>
         <input_file_ref idref="fl-2"/>
      </object_component>
      <object_component id="oc-109">
         <name>.debug_info</name>
         <load_address>0x5e42</load_address>
         <run_address>0x5e42</run_address>
         <size>0xbb</size>
         <input_file_ref idref="fl-2"/>
      </object_component>
      <object_component id="oc-ea">
         <name>.debug_info</name>
         <load_address>0x5efd</load_address>
         <run_address>0x5efd</run_address>
         <size>0x2c</size>
         <input_file_ref idref="fl-2"/>
      </object_component>
      <object_component id="oc-172">
         <name>.debug_info</name>
         <load_address>0x5f29</load_address>
         <run_address>0x5f29</run_address>
         <size>0x2c</size>
         <input_file_ref idref="fl-2"/>
      </object_component>
      <object_component id="oc-18d">
         <name>.debug_info</name>
         <load_address>0x5f55</load_address>
         <run_address>0x5f55</run_address>
         <size>0x35</size>
         <input_file_ref idref="fl-2"/>
      </object_component>
      <object_component id="oc-b9">
         <name>.debug_info</name>
         <load_address>0x5f8a</load_address>
         <run_address>0x5f8a</run_address>
         <size>0x15c</size>
         <input_file_ref idref="fl-3"/>
      </object_component>
      <object_component id="oc-35">
         <name>.debug_info</name>
         <load_address>0x60e6</load_address>
         <run_address>0x60e6</run_address>
         <size>0x84</size>
         <input_file_ref idref="fl-3"/>
      </object_component>
      <object_component id="oc-7e">
         <name>.debug_info</name>
         <load_address>0x616a</load_address>
         <run_address>0x616a</run_address>
         <size>0x2fc</size>
         <input_file_ref idref="fl-4"/>
      </object_component>
      <object_component id="oc-27">
         <name>.debug_info</name>
         <load_address>0x6466</load_address>
         <run_address>0x6466</run_address>
         <size>0x128</size>
         <input_file_ref idref="fl-4"/>
      </object_component>
      <object_component id="oc-6b">
         <name>.debug_info</name>
         <load_address>0x658e</load_address>
         <run_address>0x658e</run_address>
         <size>0x18b</size>
         <input_file_ref idref="fl-4"/>
      </object_component>
      <object_component id="oc-73">
         <name>.debug_info</name>
         <load_address>0x6719</load_address>
         <run_address>0x6719</run_address>
         <size>0x173</size>
         <input_file_ref idref="fl-4"/>
      </object_component>
      <object_component id="oc-256">
         <name>.debug_info</name>
         <load_address>0x688c</load_address>
         <run_address>0x688c</run_address>
         <size>0x5b4</size>
         <input_file_ref idref="fl-f"/>
      </object_component>
      <object_component id="oc-c4">
         <name>.debug_info</name>
         <load_address>0x6e40</load_address>
         <run_address>0x6e40</run_address>
         <size>0x200</size>
         <input_file_ref idref="fl-f"/>
      </object_component>
      <object_component id="oc-22b">
         <name>.debug_info</name>
         <load_address>0x7040</load_address>
         <run_address>0x7040</run_address>
         <size>0x431a</size>
         <input_file_ref idref="fl-f"/>
      </object_component>
      <object_component id="oc-23a">
         <name>.debug_info</name>
         <load_address>0xb35a</load_address>
         <run_address>0xb35a</run_address>
         <size>0x26b</size>
         <input_file_ref idref="fl-f"/>
      </object_component>
      <object_component id="oc-230">
         <name>.debug_info</name>
         <load_address>0xb5c5</load_address>
         <run_address>0xb5c5</run_address>
         <size>0x1028</size>
         <input_file_ref idref="fl-f"/>
      </object_component>
      <object_component id="oc-1b4">
         <name>.debug_info</name>
         <load_address>0xc5ed</load_address>
         <run_address>0xc5ed</run_address>
         <size>0x297</size>
         <input_file_ref idref="fl-f"/>
      </object_component>
      <object_component id="oc-153">
         <name>.debug_info</name>
         <load_address>0xc884</load_address>
         <run_address>0xc884</run_address>
         <size>0xef</size>
         <input_file_ref idref="fl-f"/>
      </object_component>
      <object_component id="oc-14e">
         <name>.debug_info</name>
         <load_address>0xc973</load_address>
         <run_address>0xc973</run_address>
         <size>0xbb</size>
         <input_file_ref idref="fl-f"/>
      </object_component>
      <object_component id="oc-180">
         <name>.debug_info</name>
         <load_address>0xca2e</load_address>
         <run_address>0xca2e</run_address>
         <size>0x6f0</size>
         <input_file_ref idref="fl-10"/>
      </object_component>
      <object_component id="oc-fc">
         <name>.debug_info</name>
         <load_address>0xd11e</load_address>
         <run_address>0xd11e</run_address>
         <size>0x326</size>
         <input_file_ref idref="fl-10"/>
      </object_component>
      <object_component id="oc-235">
         <name>.debug_info</name>
         <load_address>0xd444</load_address>
         <run_address>0xd444</run_address>
         <size>0x8a</size>
         <input_file_ref idref="fl-10"/>
      </object_component>
      <object_component id="oc-171">
         <name>.debug_info</name>
         <load_address>0xd4ce</load_address>
         <run_address>0xd4ce</run_address>
         <size>0x3e5</size>
         <input_file_ref idref="fl-c8"/>
      </object_component>
      <object_component id="oc-16c">
         <name>.debug_info</name>
         <load_address>0xd8b3</load_address>
         <run_address>0xd8b3</run_address>
         <size>0x157</size>
         <input_file_ref idref="fl-c8"/>
      </object_component>
      <object_component id="oc-166">
         <name>.debug_info</name>
         <load_address>0xda0a</load_address>
         <run_address>0xda0a</run_address>
         <size>0x166</size>
         <input_file_ref idref="fl-c8"/>
      </object_component>
      <object_component id="oc-c7">
         <name>.debug_info</name>
         <load_address>0xdb70</load_address>
         <run_address>0xdb70</run_address>
         <size>0x1ac</size>
         <input_file_ref idref="fl-c8"/>
      </object_component>
      <object_component id="oc-224">
         <name>.debug_info</name>
         <load_address>0xdd1c</load_address>
         <run_address>0xdd1c</run_address>
         <size>0xb2</size>
         <input_file_ref idref="fl-c8"/>
      </object_component>
      <object_component id="oc-1fb">
         <name>.debug_info</name>
         <load_address>0xddce</load_address>
         <run_address>0xddce</run_address>
         <size>0x590</size>
         <input_file_ref idref="fl-c9"/>
      </object_component>
      <object_component id="oc-1c7">
         <name>.debug_info</name>
         <load_address>0xe35e</load_address>
         <run_address>0xe35e</run_address>
         <size>0x21e</size>
         <input_file_ref idref="fl-c9"/>
      </object_component>
      <object_component id="oc-28b">
         <name>.debug_info</name>
         <load_address>0xe57c</load_address>
         <run_address>0xe57c</run_address>
         <size>0x1b3</size>
         <input_file_ref idref="fl-c9"/>
      </object_component>
      <object_component id="oc-291">
         <name>.debug_info</name>
         <load_address>0xe72f</load_address>
         <run_address>0xe72f</run_address>
         <size>0x21b</size>
         <input_file_ref idref="fl-c9"/>
      </object_component>
      <object_component id="oc-1d2">
         <name>.debug_info</name>
         <load_address>0xe94a</load_address>
         <run_address>0xe94a</run_address>
         <size>0x3c0</size>
         <input_file_ref idref="fl-c9"/>
      </object_component>
      <object_component id="oc-298">
         <name>.debug_info</name>
         <load_address>0xed0a</load_address>
         <run_address>0xed0a</run_address>
         <size>0x30a</size>
         <input_file_ref idref="fl-c9"/>
      </object_component>
      <object_component id="oc-29d">
         <name>.debug_info</name>
         <load_address>0xf014</load_address>
         <run_address>0xf014</run_address>
         <size>0x215</size>
         <input_file_ref idref="fl-c9"/>
      </object_component>
      <object_component id="oc-1d7">
         <name>.debug_info</name>
         <load_address>0xf229</load_address>
         <run_address>0xf229</run_address>
         <size>0x215</size>
         <input_file_ref idref="fl-c9"/>
      </object_component>
      <object_component id="oc-1dd">
         <name>.debug_info</name>
         <load_address>0xf43e</load_address>
         <run_address>0xf43e</run_address>
         <size>0x304</size>
         <input_file_ref idref="fl-c9"/>
      </object_component>
      <object_component id="oc-1e3">
         <name>.debug_info</name>
         <load_address>0xf742</load_address>
         <run_address>0xf742</run_address>
         <size>0x4b5</size>
         <input_file_ref idref="fl-c9"/>
      </object_component>
      <object_component id="oc-159">
         <name>.debug_info</name>
         <load_address>0xfbf7</load_address>
         <run_address>0xfbf7</run_address>
         <size>0x5f4</size>
         <input_file_ref idref="fl-c9"/>
      </object_component>
      <object_component id="oc-1fc">
         <name>.debug_info</name>
         <load_address>0x101eb</load_address>
         <run_address>0x101eb</run_address>
         <size>0x86</size>
         <input_file_ref idref="fl-c9"/>
      </object_component>
      <object_component id="oc-2cc">
         <name>.debug_info</name>
         <load_address>0x10271</load_address>
         <run_address>0x10271</run_address>
         <size>0x39</size>
         <input_file_ref idref="fl-c9"/>
      </object_component>
      <object_component id="oc-33c">
         <name>.debug_info</name>
         <load_address>0x102aa</load_address>
         <run_address>0x102aa</run_address>
         <size>0xb6</size>
         <input_file_ref idref="fl-c9"/>
      </object_component>
      <object_component id="oc-2d1">
         <name>.debug_info</name>
         <load_address>0x10360</load_address>
         <run_address>0x10360</run_address>
         <size>0x46</size>
         <input_file_ref idref="fl-c9"/>
      </object_component>
      <object_component id="oc-201">
         <name>.debug_info</name>
         <load_address>0x103a6</load_address>
         <run_address>0x103a6</run_address>
         <size>0x46</size>
         <input_file_ref idref="fl-c9"/>
      </object_component>
      <object_component id="oc-2c7">
         <name>.debug_info</name>
         <load_address>0x103ec</load_address>
         <run_address>0x103ec</run_address>
         <size>0x2c</size>
         <input_file_ref idref="fl-c9"/>
      </object_component>
      <object_component id="oc-2f6">
         <name>.debug_info</name>
         <load_address>0x10418</load_address>
         <run_address>0x10418</run_address>
         <size>0x383</size>
         <input_file_ref idref="fl-ca"/>
      </object_component>
      <object_component id="oc-21f">
         <name>.debug_info</name>
         <load_address>0x1079b</load_address>
         <run_address>0x1079b</run_address>
         <size>0x1ea</size>
         <input_file_ref idref="fl-ca"/>
      </object_component>
      <object_component id="oc-2f4">
         <name>.debug_info</name>
         <load_address>0x10985</load_address>
         <run_address>0x10985</run_address>
         <size>0x3fc</size>
         <input_file_ref idref="fl-cb"/>
      </object_component>
      <object_component id="oc-216">
         <name>.debug_info</name>
         <load_address>0x10d81</load_address>
         <run_address>0x10d81</run_address>
         <size>0x2e2</size>
         <input_file_ref idref="fl-cb"/>
      </object_component>
      <object_component id="oc-34e">
         <name>.debug_info</name>
         <load_address>0x11063</load_address>
         <run_address>0x11063</run_address>
         <size>0x300</size>
         <input_file_ref idref="fl-cc"/>
      </object_component>
      <object_component id="oc-2de">
         <name>.debug_info</name>
         <load_address>0x11363</load_address>
         <run_address>0x11363</run_address>
         <size>0x19c</size>
         <input_file_ref idref="fl-cc"/>
      </object_component>
      <object_component id="oc-389">
         <name>.debug_info</name>
         <load_address>0x114ff</load_address>
         <run_address>0x114ff</run_address>
         <size>0xbf</size>
         <input_file_ref idref="fl-cc"/>
      </object_component>
      <object_component id="oc-388">
         <name>.debug_info</name>
         <load_address>0x115be</load_address>
         <run_address>0x115be</run_address>
         <size>0x374</size>
         <input_file_ref idref="fl-cd"/>
      </object_component>
      <object_component id="oc-34a">
         <name>.debug_info</name>
         <load_address>0x11932</load_address>
         <run_address>0x11932</run_address>
         <size>0x20b</size>
         <input_file_ref idref="fl-cd"/>
      </object_component>
      <object_component id="oc-286">
         <name>.debug_info</name>
         <load_address>0x11b3d</load_address>
         <run_address>0x11b3d</run_address>
         <size>0x14c</size>
         <input_file_ref idref="fl-ce"/>
      </object_component>
      <object_component id="oc-1cc">
         <name>.debug_info</name>
         <load_address>0x11c89</load_address>
         <run_address>0x11c89</run_address>
         <size>0x128</size>
         <input_file_ref idref="fl-cf"/>
      </object_component>
      <object_component id="oc-270">
         <name>.debug_info</name>
         <load_address>0x11db1</load_address>
         <run_address>0x11db1</run_address>
         <size>0x12a</size>
         <input_file_ref idref="fl-cf"/>
      </object_component>
      <object_component id="oc-26c">
         <name>.debug_info</name>
         <load_address>0x11edb</load_address>
         <run_address>0x11edb</run_address>
         <size>0x13a</size>
         <input_file_ref idref="fl-d0"/>
      </object_component>
      <object_component id="oc-267">
         <name>.debug_info</name>
         <load_address>0x12015</load_address>
         <run_address>0x12015</run_address>
         <size>0x13a</size>
         <input_file_ref idref="fl-d1"/>
      </object_component>
      <object_component id="oc-275">
         <name>.debug_info</name>
         <load_address>0x1214f</load_address>
         <run_address>0x1214f</run_address>
         <size>0x12e</size>
         <input_file_ref idref="fl-d2"/>
      </object_component>
      <object_component id="oc-280">
         <name>.debug_info</name>
         <load_address>0x1227d</load_address>
         <run_address>0x1227d</run_address>
         <size>0x12c</size>
         <input_file_ref idref="fl-d3"/>
      </object_component>
      <object_component id="oc-3b">
         <name>.debug_info</name>
         <load_address>0x123a9</load_address>
         <run_address>0x123a9</run_address>
         <size>0x119</size>
         <input_file_ref idref="fl-d4"/>
      </object_component>
      <object_component id="oc-9c">
         <name>.debug_info</name>
         <load_address>0x124c2</load_address>
         <run_address>0x124c2</run_address>
         <size>0x147</size>
         <input_file_ref idref="fl-d5"/>
      </object_component>
      <object_component id="oc-260">
         <name>.debug_info</name>
         <load_address>0x12609</load_address>
         <run_address>0x12609</run_address>
         <size>0x134</size>
         <input_file_ref idref="fl-d6"/>
      </object_component>
      <object_component id="oc-99">
         <name>.debug_info</name>
         <load_address>0x1273d</load_address>
         <run_address>0x1273d</run_address>
         <size>0x2d4</size>
         <input_file_ref idref="fl-d7"/>
      </object_component>
      <object_component id="oc-4e">
         <name>.debug_info</name>
         <load_address>0x12a11</load_address>
         <run_address>0x12a11</run_address>
         <size>0x1b5</size>
         <input_file_ref idref="fl-d7"/>
      </object_component>
      <object_component id="oc-94">
         <name>.debug_info</name>
         <load_address>0x12bc6</load_address>
         <run_address>0x12bc6</run_address>
         <size>0x46</size>
         <input_file_ref idref="fl-d7"/>
      </object_component>
      <object_component id="oc-45">
         <name>.debug_info</name>
         <load_address>0x12c0c</load_address>
         <run_address>0x12c0c</run_address>
         <size>0x2a8</size>
         <input_file_ref idref="fl-d8"/>
      </object_component>
      <object_component id="oc-1f">
         <name>.debug_info</name>
         <load_address>0x12eb4</load_address>
         <run_address>0x12eb4</run_address>
         <size>0x1ea</size>
         <input_file_ref idref="fl-d8"/>
      </object_component>
      <object_component id="oc-40">
         <name>.debug_info</name>
         <load_address>0x1309e</load_address>
         <run_address>0x1309e</run_address>
         <size>0x46</size>
         <input_file_ref idref="fl-d8"/>
      </object_component>
      <object_component id="oc-8c">
         <name>.debug_info</name>
         <load_address>0x130e4</load_address>
         <run_address>0x130e4</run_address>
         <size>0x2c</size>
         <input_file_ref idref="fl-d8"/>
      </object_component>
      <object_component id="oc-8a">
         <name>.debug_info</name>
         <load_address>0x13110</load_address>
         <run_address>0x13110</run_address>
         <size>0x29e</size>
         <input_file_ref idref="fl-d9"/>
      </object_component>
      <object_component id="oc-19">
         <name>.debug_info</name>
         <load_address>0x133ae</load_address>
         <run_address>0x133ae</run_address>
         <size>0x250</size>
         <input_file_ref idref="fl-d9"/>
      </object_component>
      <object_component id="oc-30">
         <name>.debug_info</name>
         <load_address>0x135fe</load_address>
         <run_address>0x135fe</run_address>
         <size>0x60</size>
         <input_file_ref idref="fl-d9"/>
      </object_component>
      <object_component id="oc-e3">
         <name>.debug_info</name>
         <load_address>0x1365e</load_address>
         <run_address>0x1365e</run_address>
         <size>0x46</size>
         <input_file_ref idref="fl-d9"/>
      </object_component>
      <object_component id="oc-85">
         <name>.debug_info</name>
         <load_address>0x136a4</load_address>
         <run_address>0x136a4</run_address>
         <size>0x39</size>
         <input_file_ref idref="fl-d9"/>
      </object_component>
      <object_component id="oc-19c">
         <name>.debug_info</name>
         <load_address>0x136dd</load_address>
         <run_address>0x136dd</run_address>
         <size>0x3ad</size>
         <input_file_ref idref="fl-da"/>
      </object_component>
      <object_component id="oc-199">
         <name>.debug_info</name>
         <load_address>0x13a8a</load_address>
         <run_address>0x13a8a</run_address>
         <size>0x190</size>
         <input_file_ref idref="fl-da"/>
      </object_component>
      <object_component id="oc-10f">
         <name>.debug_info</name>
         <load_address>0x13c1a</load_address>
         <run_address>0x13c1a</run_address>
         <size>0x122</size>
         <input_file_ref idref="fl-da"/>
      </object_component>
      <object_component id="oc-115">
         <name>.debug_info</name>
         <load_address>0x13d3c</load_address>
         <run_address>0x13d3c</run_address>
         <size>0x184</size>
         <input_file_ref idref="fl-da"/>
      </object_component>
      <object_component id="oc-20e">
         <name>.debug_info</name>
         <load_address>0x13ec0</load_address>
         <run_address>0x13ec0</run_address>
         <size>0x2c9</size>
         <input_file_ref idref="fl-db"/>
      </object_component>
      <object_component id="oc-15f">
         <name>.debug_info</name>
         <load_address>0x14189</load_address>
         <run_address>0x14189</run_address>
         <size>0x11e</size>
         <input_file_ref idref="fl-db"/>
      </object_component>
      <object_component id="oc-207">
         <name>.debug_info</name>
         <load_address>0x142a7</load_address>
         <run_address>0x142a7</run_address>
         <size>0x12e</size>
         <input_file_ref idref="fl-db"/>
      </object_component>
      <object_component id="oc-317">
         <name>.debug_info</name>
         <load_address>0x143d5</load_address>
         <run_address>0x143d5</run_address>
         <size>0x29c</size>
         <input_file_ref idref="fl-dc"/>
      </object_component>
      <object_component id="oc-27a">
         <name>.debug_info</name>
         <load_address>0x14671</load_address>
         <run_address>0x14671</run_address>
         <size>0x1da</size>
         <input_file_ref idref="fl-dc"/>
      </object_component>
      <object_component id="oc-25d">
         <name>.debug_info</name>
         <load_address>0x1484b</load_address>
         <run_address>0x1484b</run_address>
         <size>0x2b9</size>
         <input_file_ref idref="fl-dd"/>
      </object_component>
      <object_component id="oc-1c0">
         <name>.debug_info</name>
         <load_address>0x14b04</load_address>
         <run_address>0x14b04</run_address>
         <size>0x17c</size>
         <input_file_ref idref="fl-dd"/>
      </object_component>
      <object_component id="oc-309">
         <name>.debug_info</name>
         <load_address>0x14c80</load_address>
         <run_address>0x14c80</run_address>
         <size>0xf9</size>
         <input_file_ref idref="fl-de"/>
      </object_component>
      <object_component id="oc-25a">
         <name>.debug_info</name>
         <load_address>0x14d79</load_address>
         <run_address>0x14d79</run_address>
         <size>0x105</size>
         <input_file_ref idref="fl-de"/>
      </object_component>
      <object_component id="oc-212">
         <name>.debug_info</name>
         <load_address>0x14e7e</load_address>
         <run_address>0x14e7e</run_address>
         <size>0x144</size>
         <input_file_ref idref="fl-df"/>
      </object_component>
      <object_component id="oc-162">
         <name>.debug_info</name>
         <load_address>0x14fc2</load_address>
         <run_address>0x14fc2</run_address>
         <size>0x102</size>
         <input_file_ref idref="fl-df"/>
      </object_component>
      <object_component id="oc-3c5">
         <name>.debug_info</name>
         <load_address>0x150c4</load_address>
         <run_address>0x150c4</run_address>
         <size>0x18f</size>
         <input_file_ref idref="fl-df"/>
      </object_component>
      <object_component id="oc-2b8">
         <name>.debug_info</name>
         <load_address>0x15253</load_address>
         <run_address>0x15253</run_address>
         <size>0x2a7</size>
         <input_file_ref idref="fl-e0"/>
      </object_component>
      <object_component id="oc-1ec">
         <name>.debug_info</name>
         <load_address>0x154fa</load_address>
         <run_address>0x154fa</run_address>
         <size>0x1b8</size>
         <input_file_ref idref="fl-e0"/>
      </object_component>
      <object_component id="oc-350">
         <name>.debug_info</name>
         <load_address>0x156b2</load_address>
         <run_address>0x156b2</run_address>
         <size>0x2a5</size>
         <input_file_ref idref="fl-e1"/>
      </object_component>
      <object_component id="oc-2e2">
         <name>.debug_info</name>
         <load_address>0x15957</load_address>
         <run_address>0x15957</run_address>
         <size>0x25d</size>
         <input_file_ref idref="fl-e1"/>
      </object_component>
      <object_component id="oc-81">
         <name>.debug_info</name>
         <load_address>0x15bb4</load_address>
         <run_address>0x15bb4</run_address>
         <size>0x3b2</size>
         <input_file_ref idref="fl-e2"/>
      </object_component>
      <object_component id="oc-2a">
         <name>.debug_info</name>
         <load_address>0x15f66</load_address>
         <run_address>0x15f66</run_address>
         <size>0x10c</size>
         <input_file_ref idref="fl-e2"/>
      </object_component>
      <object_component id="oc-3fb">
         <name>.debug_info</name>
         <load_address>0x16072</load_address>
         <run_address>0x16072</run_address>
         <size>0x13f</size>
         <input_file_ref idref="fl-e2"/>
      </object_component>
      <object_component id="oc-37c">
         <name>.debug_info</name>
         <load_address>0x161b1</load_address>
         <run_address>0x161b1</run_address>
         <size>0x168</size>
         <input_file_ref idref="fl-e2"/>
      </object_component>
      <object_component id="oc-3ab">
         <name>.debug_info</name>
         <load_address>0x16319</load_address>
         <run_address>0x16319</run_address>
         <size>0x18e</size>
         <input_file_ref idref="fl-e2"/>
      </object_component>
      <object_component id="oc-3b2">
         <name>.debug_info</name>
         <load_address>0x164a7</load_address>
         <run_address>0x164a7</run_address>
         <size>0x19f</size>
         <input_file_ref idref="fl-e2"/>
      </object_component>
      <object_component id="oc-377">
         <name>.debug_info</name>
         <load_address>0x16646</load_address>
         <run_address>0x16646</run_address>
         <size>0x203</size>
         <input_file_ref idref="fl-e2"/>
      </object_component>
      <object_component id="oc-401">
         <name>.debug_info</name>
         <load_address>0x16849</load_address>
         <run_address>0x16849</run_address>
         <size>0x1db</size>
         <input_file_ref idref="fl-e2"/>
      </object_component>
      <object_component id="oc-3b8">
         <name>.debug_info</name>
         <load_address>0x16a24</load_address>
         <run_address>0x16a24</run_address>
         <size>0x299</size>
         <input_file_ref idref="fl-e2"/>
      </object_component>
      <object_component id="oc-de">
         <name>.debug_info</name>
         <load_address>0x16cbd</load_address>
         <run_address>0x16cbd</run_address>
         <size>0xb2</size>
         <input_file_ref idref="fl-e2"/>
      </object_component>
      <object_component id="oc-d9">
         <name>.debug_info</name>
         <load_address>0x16d6f</load_address>
         <run_address>0x16d6f</run_address>
         <size>0x2c</size>
         <input_file_ref idref="fl-e2"/>
      </object_component>
      <object_component id="oc-32e">
         <name>.debug_info</name>
         <load_address>0x16d9b</load_address>
         <run_address>0x16d9b</run_address>
         <size>0x29a</size>
         <input_file_ref idref="fl-e3"/>
      </object_component>
      <object_component id="oc-2b1">
         <name>.debug_info</name>
         <load_address>0x17035</load_address>
         <run_address>0x17035</run_address>
         <size>0x262</size>
         <input_file_ref idref="fl-e3"/>
      </object_component>
      <object_component id="oc-258">
         <name>.debug_info</name>
         <load_address>0x17297</load_address>
         <run_address>0x17297</run_address>
         <size>0x28f</size>
         <input_file_ref idref="fl-e4"/>
      </object_component>
      <object_component id="oc-1bc">
         <name>.debug_info</name>
         <load_address>0x17526</load_address>
         <run_address>0x17526</run_address>
         <size>0x245</size>
         <input_file_ref idref="fl-e4"/>
      </object_component>
      <object_component id="oc-2d">
         <name>.debug_info</name>
         <load_address>0x1776b</load_address>
         <run_address>0x1776b</run_address>
         <size>0x10b</size>
         <input_file_ref idref="fl-e5"/>
      </object_component>
      <object_component id="oc-59">
         <name>.debug_info</name>
         <load_address>0x17876</load_address>
         <run_address>0x17876</run_address>
         <size>0x1a9</size>
         <input_file_ref idref="fl-e5"/>
      </object_component>
      <object_component id="oc-357">
         <name>.debug_info</name>
         <load_address>0x17a1f</load_address>
         <run_address>0x17a1f</run_address>
         <size>0x397</size>
         <input_file_ref idref="fl-e6"/>
      </object_component>
      <object_component id="oc-2ef">
         <name>.debug_info</name>
         <load_address>0x17db6</load_address>
         <run_address>0x17db6</run_address>
         <size>0x18f</size>
         <input_file_ref idref="fl-e6"/>
      </object_component>
      <object_component id="oc-39c">
         <name>.debug_info</name>
         <load_address>0x17f45</load_address>
         <run_address>0x17f45</run_address>
         <size>0x120</size>
         <input_file_ref idref="fl-e6"/>
      </object_component>
      <object_component id="oc-3a1">
         <name>.debug_info</name>
         <load_address>0x18065</load_address>
         <run_address>0x18065</run_address>
         <size>0x2c</size>
         <input_file_ref idref="fl-e6"/>
      </object_component>
      <object_component id="oc-399">
         <name>.debug_info</name>
         <load_address>0x18091</load_address>
         <run_address>0x18091</run_address>
         <size>0x337</size>
         <input_file_ref idref="fl-e7"/>
      </object_component>
      <object_component id="oc-395">
         <name>.debug_info</name>
         <load_address>0x183c8</load_address>
         <run_address>0x183c8</run_address>
         <size>0x109</size>
         <input_file_ref idref="fl-e7"/>
      </object_component>
      <object_component id="oc-354">
         <name>.debug_info</name>
         <load_address>0x184d1</load_address>
         <run_address>0x184d1</run_address>
         <size>0x109</size>
         <input_file_ref idref="fl-e7"/>
      </object_component>
      <object_component id="oc-2c4">
         <name>.debug_info</name>
         <load_address>0x185da</load_address>
         <run_address>0x185da</run_address>
         <size>0x289</size>
         <input_file_ref idref="fl-e8"/>
      </object_component>
      <object_component id="oc-2c1">
         <name>.debug_info</name>
         <load_address>0x18863</load_address>
         <run_address>0x18863</run_address>
         <size>0x10e</size>
         <input_file_ref idref="fl-e8"/>
      </object_component>
      <object_component id="oc-1f5">
         <name>.debug_info</name>
         <load_address>0x18971</load_address>
         <run_address>0x18971</run_address>
         <size>0x14e</size>
         <input_file_ref idref="fl-e8"/>
      </object_component>
      <object_component id="oc-2bf">
         <name>.debug_info</name>
         <load_address>0x18abf</load_address>
         <run_address>0x18abf</run_address>
         <size>0x28f</size>
         <input_file_ref idref="fl-e9"/>
      </object_component>
      <object_component id="oc-1ef">
         <name>.debug_info</name>
         <load_address>0x18d4e</load_address>
         <run_address>0x18d4e</run_address>
         <size>0x15a</size>
         <input_file_ref idref="fl-e9"/>
      </object_component>
      <object_component id="oc-331">
         <name>.debug_info</name>
[...]
         <value>0x1609</value>
         <object_component_ref idref="oc-26a"/>
      </symbol>
      <symbol id="sm-38e">
         <name>__aeabi_dmul</name>
         <value>0x1b89</value>
         <object_component_ref idref="oc-265"/>
      </symbol>
      <symbol id="sm-398">
         <name>__aeabi_d2iz</name>
         <value>0x2bb5</value>
         <object_component_ref idref="oc-274"/>
      </symbol>
      <symbol id="sm-3a2">
         <name>__aeabi_i2d</name>
         <value>0x2ec1</value>
         <object_component_ref idref="oc-27f"/>
      </symbol>
      <symbol id="sm-3bd">
         <name>memcpy</name>
         <value>0x1fe7</value>
         <object_component_ref idref="oc-3a"/>
      </symbol>
      <symbol id="sm-3be">
         <name>__aeabi_memcpy</name>
         <value>0x1fe7</value>
         <object_component_ref idref="oc-3a"/>
      </symbol>
      <symbol id="sm-3bf">
         <name>__aeabi_memcpy8</name>
         <value>0x1fe7</value>
         <object_component_ref idref="oc-3a"/>
      </symbol>
      <symbol id="sm-3c0">
         <name>__aeabi_memcpy4</name>
         <value>0x1fe7</value>
         <object_component_ref idref="oc-3a"/>
      </symbol>
      <symbol id="sm-3cf">
         <name>__aeabi_memset</name>
         <value>0x22b3</value>
         <object_component_ref idref="oc-9a"/>
      </symbol>
      <symbol id="sm-3d0">
         <name>memset</name>
         <value>0x22b9</value>
         <object_component_ref idref="oc-9a"/>
      </symbol>
      <symbol id="sm-3d1">
         <name>__aeabi_memset8</name>
         <value>0x22b3</value>
         <object_component_ref idref="oc-9a"/>
      </symbol>
      <symbol id="sm-3d2">
         <name>__aeabi_memset4</name>
         <value>0x22b3</value>
         <object_component_ref idref="oc-9a"/>
      </symbol>
      <symbol id="sm-3d3">
         <name>__aeabi_memclr8</name>
         <value>0x22b1</value>
         <object_component_ref idref="oc-9a"/>
      </symbol>
      <symbol id="sm-3d4">
         <name>__aeabi_memclr4</name>
         <value>0x22b1</value>
         <object_component_ref idref="oc-9a"/>
      </symbol>
      <symbol id="sm-3d5">
         <name>__aeabi_memclr</name>
         <value>0x22b1</value>
         <object_component_ref idref="oc-9a"/>
      </symbol>
      <symbol id="sm-3e2">
         <name>__aeabi_uldivmod</name>
         <value>0x2083</value>
         <object_component_ref idref="oc-25e"/>
      </symbol>
      <symbol id="sm-3f4">
         <name>__TI_zero_init</name>
         <value>0x3089</value>
         <object_component_ref idref="oc-4c"/>
      </symbol>
      <symbol id="sm-40b">
         <name>__TI_decompress_none</name>
         <value>0x306f</value>
         <object_component_ref idref="oc-1d"/>
      </symbol>
      <symbol id="sm-42e">
         <name>__TI_decompress_lzss</name>
         <value>0x25cd</value>
         <object_component_ref idref="oc-17"/>
      </symbol>
      <symbol id="sm-454">
         <name>C$$EXIT</name>
         <value>0x30b1</value>
         <object_component_ref idref="oc-10e"/>
      </symbol>
      <symbol id="sm-455">
         <name>abort</name>
         <value>0x30b1</value>
         <object_component_ref idref="oc-10e"/>
      </symbol>
      <symbol id="sm-456">
         <name>__TI_dtors_ptr</name>
         <value>0x20005b9c</value>
         <object_component_ref idref="oc-198"/>
      </symbol>
      <symbol id="sm-457">
         <name>__TI_cleanup_ptr</name>
         <value>0x20005b98</value>
         <object_component_ref idref="oc-198"/>
      </symbol>
      <symbol id="sm-458">
         <name>__TI_enable_exit_profile_output</name>
         <value>0x20005ba0</value>
         <object_component_ref idref="oc-198"/>
      </symbol>
      <symbol id="sm-459">
         <name>exit</name>
         <value>0x2b6d</value>
         <object_component_ref idref="oc-114"/>
      </symbol>
      <symbol id="sm-46e">
         <name>_nop</name>
         <value>0x14cb</value>
         <object_component_ref idref="oc-206"/>
      </symbol>
      <symbol id="sm-46f">
         <name>_lock</name>
         <value>0x20005ba4</value>
         <object_component_ref idref="oc-15e"/>
      </symbol>
      <symbol id="sm-470">
         <name>_unlock</name>
         <value>0x20005ba8</value>
         <object_component_ref idref="oc-15e"/>
      </symbol>
      <symbol id="sm-47f">
         <name>__TI_ltoa</name>
         <value>0x29e3</value>
         <object_component_ref idref="oc-279"/>
      </symbol>
      <symbol id="sm-495">
         <name>atoi</name>
         <value>0x2ad5</value>
         <object_component_ref idref="oc-1bf"/>
      </symbol>
      <symbol id="sm-4a0">
         <name>_ctypes_</name>
         <value>0x30b4</value>
         <object_component_ref idref="oc-259"/>
      </symbol>
      <symbol id="sm-4b5">
         <name>__TI_tmpnams</name>
         <value>0x20005120</value>
      </symbol>
      <symbol id="sm-4b6">
         <name>__aeabi_stdout</name>
         <value>0x20005b90</value>
         <object_component_ref idref="oc-3c4"/>
      </symbol>
      <symbol id="sm-4b7">
         <name>__aeabi_stderr</name>
         <value>0x20005b94</value>
         <object_component_ref idref="oc-3c4"/>
      </symbol>
      <symbol id="sm-4b8">
         <name>__aeabi_stdin</name>
         <value>0x20005b8c</value>
         <object_component_ref idref="oc-3c4"/>
      </symbol>
      <symbol id="sm-4b9">
         <name>_ftable</name>
         <value>0x200059d0</value>
         <object_component_ref idref="oc-161"/>
      </symbol>
      <symbol id="sm-4ba">
         <name>__TI_ft_end</name>
         <value>0x20005b88</value>
         <object_component_ref idref="oc-3c4"/>
      </symbol>
      <symbol id="sm-4ca">
         <name>memccpy</name>
         <value>0x2fd1</value>
         <object_component_ref idref="oc-1e8"/>
      </symbol>
      <symbol id="sm-4da">
         <name>memchr</name>
         <value>0x2f95</value>
         <object_component_ref idref="oc-2e1"/>
      </symbol>
      <symbol id="sm-563">
         <name>_sys_memory</name>
         <value>0x200051d0</value>
         <object_component_ref idref="oc-29"/>
      </symbol>
      <symbol id="sm-564">
         <name>free</name>
         <value>0x1d75</value>
         <object_component_ref idref="oc-375"/>
      </symbol>
      <symbol id="sm-565">
         <name>memalign</name>
         <value>0x1a89</value>
         <object_component_ref idref="oc-3b7"/>
      </symbol>
      <symbol id="sm-566">
         <name>malloc</name>
         <value>0x309d</value>
         <object_component_ref idref="oc-37b"/>
      </symbol>
      <symbol id="sm-567">
         <name>aligned_alloc</name>
         <value>0x1a89</value>
         <object_component_ref idref="oc-3b7"/>
      </symbol>
      <symbol id="sm-577">
         <name>strchr</name>
         <value>0x301f</value>
         <object_component_ref idref="oc-2b0"/>
      </symbol>
      <symbol id="sm-585">
         <name>strlen</name>
         <value>0x3049</value>
         <object_component_ref idref="oc-1b9"/>
      </symbol>
      <symbol id="sm-598">
         <name>__stack</name>
         <value>0x2000fe00</value>
         <object_component_ref idref="oc-2c"/>
      </symbol>
      <symbol id="sm-599">
         <name>_c_int00_noargs</name>
         <value>0x2e5d</value>
         <object_component_ref idref="oc-58"/>
      </symbol>
      <symbol id="sm-5b3">
         <name>write</name>
         <value>0x2f6d</value>
         <object_component_ref idref="oc-2ed"/>
      </symbol>
      <symbol id="sm-5c4">
         <name>_stream</name>
         <value>0x20005b38</value>
         <object_component_ref idref="oc-353"/>
      </symbol>
      <symbol id="sm-5c5">
         <name>_device</name>
         <value>0x20005ac0</value>
         <object_component_ref idref="oc-394"/>
      </symbol>
      <symbol id="sm-5db">
         <name>__aeabi_errno_addr</name>
         <value>0x3095</value>
         <object_component_ref idref="oc-1f4"/>
      </symbol>
      <symbol id="sm-5dc">
         <name>errno</name>
         <value>0x20005bb4</value>
         <object_component_ref idref="oc-2c0"/>
      </symbol>
      <symbol id="sm-5f5">
         <name>wcslen</name>
         <value>0x305d</value>
         <object_component_ref idref="oc-1ee"/>
      </symbol>
      <symbol id="sm-615">
         <name>frexpl</name>
         <value>0x269d</value>
         <object_component_ref idref="oc-2a4"/>
      </symbol>
      <symbol id="sm-616">
         <name>frexp</name>
         <value>0x269d</value>
         <object_component_ref idref="oc-2a4"/>
      </symbol>
      <symbol id="sm-633">
         <name>scalbn</name>
         <value>0x1979</value>
         <object_component_ref idref="oc-2aa"/>
      </symbol>
      <symbol id="sm-634">
         <name>scalbnl</name>
         <value>0x1979</value>
         <object_component_ref idref="oc-2aa"/>
      </symbol>
      <symbol id="sm-635">
         <name>ldexpl</name>
         <value>0x1979</value>
         <object_component_ref idref="oc-2aa"/>
      </symbol>
      <symbol id="sm-636">
         <name>ldexp</name>
         <value>0x1979</value>
         <object_component_ref idref="oc-2aa"/>
      </symbol>
      <symbol id="sm-646">
         <name>__TI_doflush</name>
         <value>0x2a89</value>
         <object_component_ref idref="oc-2e7"/>
      </symbol>
      <symbol id="sm-656">
         <name>__TI_cleanup</name>
         <value>0x2df5</value>
         <object_component_ref idref="oc-381"/>
      </symbol>
      <symbol id="sm-668">
         <name>fseek</name>
         <value>0x2701</value>
         <object_component_ref idref="oc-341"/>
      </symbol>
      <symbol id="sm-672">
         <name>__aeabi_idiv0</name>
         <value>0x173f</value>
         <object_component_ref idref="oc-30c"/>
      </symbol>
      <symbol id="sm-673">
         <name>__aeabi_ldiv0</name>
         <value>0x173f</value>
         <object_component_ref idref="oc-30c"/>
      </symbol>
      <symbol id="sm-69b">
         <name>__TI_auto_init_nobinit_nopinit</name>
         <value>0x2c85</value>
         <object_component_ref idref="oc-11a"/>
      </symbol>
      <symbol id="sm-6a5">
         <name>_system_pre_init</name>
         <value>0x30ad</value>
         <object_component_ref idref="oc-a0"/>
      </symbol>
      <symbol id="sm-6b8">
         <name>HOSTclose</name>
         <value>0x2bfd</value>
         <object_component_ref idref="oc-3d0"/>
      </symbol>
      <symbol id="sm-6c9">
         <name>HOSTlseek</name>
         <value>0x2565</value>
         <object_component_ref idref="oc-3e2"/>
      </symbol>
      <symbol id="sm-6db">
         <name>parmbuf</name>
         <value>0x200051c0</value>
      </symbol>
      <symbol id="sm-6dc">
         <name>HOSTopen</name>
         <value>0x27c9</value>
         <object_component_ref idref="oc-3ca"/>
      </symbol>
      <symbol id="sm-6ed">
         <name>HOSTread</name>
         <value>0x28dd</value>
         <object_component_ref idref="oc-3d6"/>
      </symbol>
      <symbol id="sm-6fe">
         <name>HOSTrename</name>
         <value>0x24f9</value>
         <object_component_ref idref="oc-3ee"/>
      </symbol>
      <symbol id="sm-70f">
         <name>HOSTunlink</name>
         <value>0x2c41</value>
         <object_component_ref idref="oc-3e8"/>
      </symbol>
      <symbol id="sm-720">
         <name>HOSTwrite</name>
         <value>0x2935</value>
         <object_component_ref idref="oc-3dc"/>
      </symbol>
      <symbol id="sm-744">
         <name>__TI_readmsg</name>
         <value>0x2e29</value>
         <object_component_ref idref="oc-41d"/>
      </symbol>
      <symbol id="sm-745">
         <name>C$$IO$$</name>
         <value>0x2db3</value>
         <object_component_ref idref="oc-417"/>
      </symbol>
      <symbol id="sm-746">
         <name>__CIOBUF_</name>
         <value>0x20005000</value>
         <object_component_ref idref="oc-448"/>
      </symbol>
      <symbol id="sm-747">
         <name>__TI_writemsg</name>
         <value>0x2d85</value>
         <object_component_ref idref="oc-417"/>
      </symbol>
      <symbol id="sm-758">
         <name>lseek</name>
         <value>0x2f45</value>
         <object_component_ref idref="oc-36d"/>
      </symbol>
      <symbol id="sm-762">
         <name>copysign</name>
         <value>0x2fed</value>
         <object_component_ref idref="oc-325"/>
      </symbol>
      <symbol id="sm-763">
         <name>copysignl</name>
         <value>0x2fed</value>
         <object_component_ref idref="oc-325"/>
      </symbol>
      <symbol id="sm-778">
         <name>__TI_closefile</name>
         <value>0x23a5</value>
         <object_component_ref idref="oc-3be"/>
      </symbol>
      <symbol id="sm-79b">
         <name>finddevice</name>
         <value>0x2e91</value>
         <object_component_ref idref="oc-466"/>
      </symbol>
      <symbol id="sm-79c">
         <name>getdevice</name>
         <value>0x2cc9</value>
         <object_component_ref idref="oc-43e"/>
      </symbol>
      <symbol id="sm-7ab">
         <name>strcmp</name>
         <value>0x3007</value>
         <object_component_ref idref="oc-47d"/>
      </symbol>
      <symbol id="sm-7b9">
         <name>strcpy</name>
         <value>0x3035</value>
         <object_component_ref idref="oc-431"/>
      </symbol>
      <symbol id="sm-7c9">
         <name>strncpy</name>
         <value>0x2dbd</value>
         <object_component_ref idref="oc-460"/>
      </symbol>
      <symbol id="sm-7de">
         <name>close</name>
         <value>0x2829</value>
         <object_component_ref idref="oc-406"/>
      </symbol>
      <symbol id="sm-7ee">
         <name>unlink</name>
         <value>0x2ef1</value>
         <object_component_ref idref="oc-40c"/>
      </symbol>
      <symbol id="sm-7ef">
         <name>__TI_static_base__</name>
         <value>0x0</value>
      </symbol>
      <symbol id="sm-7f2">
         <name>__mpu_init</name>
         <value>0x0</value>
      </symbol>
      <symbol id="sm-7f3">
         <name>_system_post_cinit</name>
         <value>0x0</value>
      </symbol>
      <symbol id="sm-7f4">
         <name>NMI_Handler</name>
         <value>0xb33</value>
      </symbol>
      <symbol id="sm-7f5">
         <name>HardFault_Handler</name>
         <value>0xb33</value>
      </symbol>
      <symbol id="sm-7f6">
         <name>MemManage_Handler</name>
         <value>0xb33</value>
      </symbol>
      <symbol id="sm-7f7">
         <name>BusFault_Handler</name>
         <value>0xb33</value>
      </symbol>
      <symbol id="sm-7f8">
         <name>UsageFault_Handler</name>
         <value>0xb33</value>
      </symbol>
      <symbol id="sm-7f9">
         <name>SVC_Handler</name>
         <value>0xb33</value>
      </symbol>
      <symbol id="sm-7fa">
         <name>DebugMon_Handler</name>
         <value>0xb33</value>
      </symbol>
      <symbol id="sm-7fb">
         <name>PendSV_Handler</name>
         <value>0xb33</value>
      </symbol>
      <symbol id="sm-7fc">
         <name>SysTick_Handler</name>
         <value>0xb33</value>
      </symbol>
      <symbol id="sm-7fd">
         <name>PSS_IRQHandler</name>
         <value>0xb33</value>
      </symbol>
      <symbol id="sm-7fe">
         <name>CS_IRQHandler</name>
         <value>0xb33</value>
      </symbol>
      <symbol id="sm-7ff">
         <name>PCM_IRQHandler</name>
         <value>0xb33</value>
      </symbol>
      <symbol id="sm-800">
         <name>WDT_A_IRQHandler</name>
         <value>0xb33</value>
      </symbol>
      <symbol id="sm-801">
         <name>FPU_IRQHandler</name>
         <value>0xb33</value>
      </symbol>
      <symbol id="sm-802">
         <name>FLCTL_IRQHandler</name>
         <value>0xb33</value>
      </symbol>
      <symbol id="sm-803">
         <name>COMP_E0_IRQHandler</name>
         <value>0xb33</value>
      </symbol>
      <symbol id="sm-804">
         <name>COMP_E1_IRQHandler</name>
         <value>0xb33</value>
      </symbol>
      <symbol id="sm-805">
         <name>TA0_0_IRQHandler</name>
         <value>0xb33</value>
      </symbol>
      <symbol id="sm-806">
         <name>TA0_N_IRQHandler</name>
         <value>0xb33</value>
      </symbol>
      <symbol id="sm-807">
         <name>TA1_0_IRQHandler</name>
         <value>0xb33</value>
      </symbol>
      <symbol id="sm-808">
         <name>TA1_N_IRQHandler</name>
         <value>0xb33</value>
      </symbol>
      <symbol id="sm-809">
         <name>TA2_0_IRQHandler</name>
         <value>0xb33</value>
      </symbol>
      <symbol id="sm-80a">
         <name>TA2_N_IRQHandler</name>
         <value>0xb33</value>
      </symbol>
      <symbol id="sm-80b">
         <name>TA3_0_IRQHandler</name>
         <value>0xb33</value>
      </symbol>
      <symbol id="sm-80c">
         <name>TA3_N_IRQHandler</name>
         <value>0xb33</value>
      </symbol>
      <symbol id="sm-80d">
         <name>EUSCIA0_IRQHandler</name>
         <value>0xb33</value>
      </symbol>
      <symbol id="sm-80e">
         <name>EUSCIA1_IRQHandler</name>
         <value>0xb33</value>
      </symbol>
      <symbol id="sm-80f">
         <name>EUSCIA2_IRQHandler</name>
         <value>0xb33</value>
      </symbol>
      <symbol id="sm-810">
         <name>EUSCIA3_IRQHandler</name>
         <value>0xb33</value>
      </symbol>
      <symbol id="sm-811">
         <name>EUSCIB0_IRQHandler</name>
         <value>0xb33</value>
      </symbol>
      <symbol id="sm-812">
         <name>EUSCIB1_IRQHandler</name>
         <value>0xb33</value>
      </symbol>
      <symbol id="sm-813">
         <name>EUSCIB2_IRQHandler</name>
         <value>0xb33</value>
      </symbol>
      <symbol id="sm-814">
         <name>EUSCIB3_IRQHandler</name>
         <value>0xb33</value>
      </symbol>
      <symbol id="sm-815">
         <name>ADC14_IRQHandler</name>
         <value>0xb33</value>
      </symbol>
      <symbol id="sm-816">
         <name>T32_INT1_IRQHandler</name>
         <value>0xb33</value>
      </symbol>
      <symbol id="sm-817">
         <name>T32_INT2_IRQHandler</name>
         <value>0xb33</value>
      </symbol>
      <symbol id="sm-818">
         <name>T32_INTC_IRQHandler</name>
         <value>0xb33</value>
      </symbol>
      <symbol id="sm-819">
         <name>AES256_IRQHandler</name>
         <value>0xb33</value>
      </symbol>
      <symbol id="sm-81a">
         <name>RTC_C_IRQHandler</name>
         <value>0xb33</value>
      </symbol>
      <symbol id="sm-81b">
         <name>DMA_ERR_IRQHandler</name>
         <value>0xb33</value>
      </symbol>
      <symbol id="sm-81c">
         <name>DMA_INT3_IRQHandler</name>
         <value>0xb33</value>
      </symbol>
      <symbol id="sm-81d">
         <name>DMA_INT2_IRQHandler</name>
         <value>0xb33</value>
      </symbol>
      <symbol id="sm-81e">
         <name>DMA_INT1_IRQHandler</name>
         <value>0x2885</value>
      </symbol>
      <symbol id="sm-81f">
         <name>DMA_INT0_IRQHandler</name>
         <value>0xb33</value>
      </symbol>
      <symbol id="sm-820">
         <name>PORT1_IRQHandler</name>
         <value>0xb33</value>
      </symbol>
      <symbol id="sm-821">
         <name>PORT2_IRQHandler</name>
         <value>0xb33</value>
      </symbol>
      <symbol id="sm-822">
         <name>PORT3_IRQHandler</name>
         <value>0xb33</value>
      </symbol>
      <symbol id="sm-823">
         <name>PORT4_IRQHandler</name>
         <value>0xb33</value>
      </symbol>
      <symbol id="sm-824">
         <name>PORT5_IRQHandler</name>
         <value>0xb33</value>
      </symbol>
      <symbol id="sm-825">
         <name>PORT6_IRQHandler</name>
         <value>0xb33</value>
      </symbol>
      <symbol id="sm-826">
         <name>remove</name>
         <value>0x2ef1</value>
      </symbol>
   </symbol_table>
   <title>Link successful</title>
</link_info>
