******************************************************************************
                  TI ARM Linker PC v20.2.7                     
******************************************************************************
>> Linked Mon Oct  7 15:27:50 2024

OUTPUT FILE NAME:   <Lab 3 Exercise 3.1 V3.out>
ENTRY POINT SYMBOL: "_c_int00_noargs"  address: 0000304d


MEMORY CONFIGURATION

         name            origin    length      used     unused   attr    fill
----------------------  --------  ---------  --------  --------  ----  --------
  MAIN                  00000000   00040000  0000348d  0003cb73  R  X
  INFO                  00200000   00004000  00000000  00004000  R  X
  SRAM_CODE             01000000   00010000  000015cc  0000ea34  RW X
  SRAM_DATA             20000000   00010000  000015cc  0000ea34  RW  


SEGMENT ALLOCATION MAP

run origin  load origin   length   init length attrs members
----------  ----------- ---------- ----------- ----- -------
00000000    00000000    00003490   00003490    r-x
  00000000    00000000    000000e4   000000e4    r-- .intvecs
  000000e4    000000e4    00003218   00003218    r-x .text
  000032fc    000032fc    00000101   00000101    r-- .const
  00003400    00003400    00000090   00000090    r-- .cinit
20000000    20000000    000013d0   00000000    rw-
  20000000    20000000    000009e4   00000000    rw- .bss
  200009e8    200009e8    00000800   00000000    rw- .sysmem
  200011e8    200011e8    000001e8   00000000    rw- .data
2000fe00    2000fe00    00000200   00000000    rw-
  2000fe00    2000fe00    00000200   00000000    rw- .stack


SECTION ALLOCATION MAP

 output                                  attributes/
section   page    origin      length       input sections
--------  ----  ----------  ----------   ----------------
.intvecs   0    00000000    000000e4     
                  00000000    000000e4     startup_msp432p401r_ccs.obj (.intvecs:retain)

.text      0    000000e4    00003218     
                  000000e4    00000a4e     rtsv7M4_T_le_v4SPD16_eabi.lib : _printfi.c.obj (.text:__TI_printfi)
                  00000b32    00000002     startup_msp432p401r_ccs.obj (.text:Default_Handler)
                  00000b34    00000280     Lab3_Exercise3.1.obj (.text:main)
                  00000db4    00000270     rtsv7M4_T_le_v4SPD16_eabi.lib : _printfi.c.obj (.text:_pconv_a)
                  00001024    000001d0                                   : _printfi.c.obj (.text:_pconv_g)
                  000011f4    000001b6                                   : fd_add_t2.asm.obj (.text)
                  000013aa    00000002                                   : _lock.c.obj (.text:_nop)
                  000013ac    0000013c                                   : _printfi.c.obj (.text:_pconv_e)
                  000014e8    00000136                                   : fd_div_t2.asm.obj (.text)
                  0000161e    00000002                                   : div0.asm.obj (.text)
                  00001620    00000124                                   : _printfi.c.obj (.text:fcvt)
                  00001744    00000114                                   : fputs.c.obj (.text:fputs)
                  00001858    00000110                                   : s_scalbn.c.obj (.text:scalbn)
                  00001968    00000104     msp432p4xx_driverlib.lib : cs.o (.text:_CSComputeCLKFrequency)
                  00001a6c    00000100     rtsv7M4_T_le_v4SPD16_eabi.lib : memory.c.obj (.text:aligned_alloc)
                  00001b6c    000000fc                                   : fd_mul_t2.asm.obj (.text)
                  00001c68    000000f8     msp432p4xx_driverlib.lib : cs.o (.text:CS_getDCOFrequency)
                  00001d60    000000f0                              : dma.o (.text:DMA_setChannelTransfer)
                  00001e50    000000e4     rtsv7M4_T_le_v4SPD16_eabi.lib : memory.c.obj (.text:free)
                  00001f34    000000dc                                   : setvbuf.c.obj (.text:setvbuf)
                  00002010    000000b1                                   : _printfi.c.obj (.text:_ltostr)
                  000020c1    00000001     --HOLE-- [fill = 0]
                  000020c2    0000009c                                   : memcpy_t2.asm.obj (.text)
                  0000215e    00000096                                   : ull_div_t2.asm.obj (.text)
                  000021f4    00000094     msp432p4xx_driverlib.lib : sysctl_a.o (.text:SysCtl_A_getTLVInfo)
                  00002288    0000008c     rtsv7M4_T_le_v4SPD16_eabi.lib : fputc.c.obj (.text:fputc)
                  00002314    00000086                                   : fd_cmp_t2.asm.obj (.text:__aeabi_cdcmple)
                  0000239a    00000086                                   : fd_cmp_t2.asm.obj (.text:__aeabi_cdrcmple)
                  00002420    0000007c     msp432p4xx_driverlib.lib : cs.o (.text:_CSGetDOCFrequency)
                  0000249c    0000007a     rtsv7M4_T_le_v4SPD16_eabi.lib : memset_t2.asm.obj (.text)
                  00002516    00000002     --HOLE-- [fill = 0]
                  00002518    00000078     system_msp432p401r.obj (.text:SystemInit)
                  00002590    00000074     rtsv7M4_T_le_v4SPD16_eabi.lib : fclose.c.obj (.text:__TI_closefile)
                  00002604    00000070                                   : memory.c.obj (.text:split)
                  00002674    0000006e                                   : _printfi.c.obj (.text:_mcpy)
                  000026e2    00000002     --HOLE-- [fill = 0]
                  000026e4    0000006c                                   : hostrename.c.obj (.text:HOSTrename)
                  00002750    00000068                                   : hostlseek.c.obj (.text:HOSTlseek)
                  000027b8    00000068                                   : copy_decompress_lzss.c.obj (.text:decompress:lzss:__TI_decompress_lzss)
                  00002820    00000068                                   : printf.c.obj (.text:printf)
                  00002888    00000064                                   : s_frexp.c.obj (.text:frexp)
                  000028ec    00000064                                   : fseek.c.obj (.text:fseek)
                  00002950    00000062     msp432p4xx_driverlib.lib : cs.o (.text:_CSGetDividerValue)
                  000029b2    00000062     rtsv7M4_T_le_v4SPD16_eabi.lib : _io_perm.c.obj (.text:__TI_wrt_ok)
                  00002a14    00000060                                   : hostopen.c.obj (.text:HOSTopen)
                  00002a74    0000005c                                   : close.c.obj (.text:close)
                  00002ad0    00000058                                   : hostread.c.obj (.text:HOSTread)
                  00002b28    00000058                                   : hostwrite.c.obj (.text:HOSTwrite)
                  00002b80    00000056                                   : _printfi.c.obj (.text:_pconv_f)
                  00002bd6    00000054                                   : _ltoa.c.obj (.text:__TI_ltoa)
                  00002c2a    00000052                                   : _printfi.c.obj (.text:_ecpy)
                  00002c7c    0000004c                                   : fflush.c.obj (.text:__TI_doflush)
                  00002cc8    0000004c                                   : atoi.c.obj (.text:atoi)
                  00002d14    00000048     Lab3_Exercise3.1.obj (.text:DMA_INT1_IRQHandler)
                  00002d5c    00000048     rtsv7M4_T_le_v4SPD16_eabi.lib : exit.c.obj (.text:exit)
                  00002da4    00000048                                   : fd_toi_t2.asm.obj (.text)
                  00002dec    00000044                                   : hostclose.c.obj (.text:HOSTclose)
                  00002e30    00000044                                   : hostunlink.c.obj (.text:HOSTunlink)
                  00002e74    00000044                                   : autoinit.c.obj (.text:__TI_auto_init_nobinit_nopinit:__TI_auto_init_nobinit_nopinit)
                  00002eb8    00000044                                   : getdevice.c.obj (.text:getdevice)
                  00002efc    0000003e                                   : _printfi.c.obj (.text:_fcpy)
                  00002f3a    00000002     --HOLE-- [fill = 0]
                  00002f3c    00000038     msp432p4xx_driverlib.lib : crc32.o (.text:CRC32_getResult)
                  00002f74    00000038     rtsv7M4_T_le_v4SPD16_eabi.lib : trgmsg.c.obj (.text:__TI_writemsg)
                  00002fac    00000036                                   : strncpy.c.obj (.text:strncpy)
                  00002fe2    00000002     --HOLE-- [fill = 0]
                  00002fe4    00000034                                   : fopen.c.obj (.text:__TI_cleanup)
                  00003018    00000034                                   : trgmsg.c.obj (.text:__TI_readmsg)
                  0000304c    00000034                                   : boot_cortex_m.c.obj (.text:_c_int00_noargs:_c_int00_noargs)
                  00003080    00000030     msp432p4xx_driverlib.lib : cs.o (.text:CS_clearInterruptFlag)
                  000030b0    00000030     rtsv7M4_T_le_v4SPD16_eabi.lib : getdevice.c.obj (.text:finddevice)
                  000030e0    0000002e                                   : i_tofd_t2.asm.obj (.text)
                  0000310e    00000002     --HOLE-- [fill = 0]
                  00003110    0000002c                                   : unlink.c.obj (.text:unlink)
                  0000313c    00000028     msp432p4xx_driverlib.lib : cs.o (.text:CS_getMCLK)
                  00003164    00000028     rtsv7M4_T_le_v4SPD16_eabi.lib : memory.c.obj (.text:free_list_insert)
                  0000318c    00000028                                   : lseek.c.obj (.text:lseek)
                  000031b4    00000028                                   : write.c.obj (.text:write)
                  000031dc    00000020                                   : memchr.c.obj (.text:memchr)
                  000031fc    0000001c                                   : memory.c.obj (.text:free_list_remove)
                  00003218    0000001c                                   : memccpy.c.obj (.text:memccpy)
                  00003234    0000001a                                   : s_copysign.c.obj (.text:copysign)
                  0000324e    00000018                                   : strcmp.c.obj (.text:strcmp)
                  00003266    00000016                                   : strchr.c.obj (.text:strchr)
                  0000327c    00000014                                   : strcpy.c.obj (.text:strcpy)
                  00003290    00000014                                   : strlen.c.obj (.text:strlen)
                  000032a4    00000012                                   : wcslen.c.obj (.text:wcslen)
                  000032b6    0000000e                                   : copy_decompress_none.c.obj (.text:decompress:none:__TI_decompress_none)
                  000032c4    0000000c     startup_msp432p401r_ccs.obj (.text:Reset_Handler)
                  000032d0    0000000c     rtsv7M4_T_le_v4SPD16_eabi.lib : copy_zero_init.c.obj (.text:decompress:ZI:__TI_zero_init)
                  000032dc    00000008                                   : errno.c.obj (.text:__aeabi_errno_addr)
                  000032e4    00000008                                   : memory.c.obj (.text:malloc)
                  000032ec    00000004                                   : printf.c.obj (.text:_outc)
                  000032f0    00000004                                   : printf.c.obj (.text:_outs)
                  000032f4    00000004                                   : pre_init.c.obj (.text:_system_pre_init)
                  000032f8    00000004                                   : exit.c.obj (.text:abort:abort)

.const     0    000032fc    00000101     
                  000032fc    00000101     rtsv7M4_T_le_v4SPD16_eabi.lib : ctype.c.obj (.const:.string:_ctypes_)

.cinit     0    00003400    00000090     
                  00003400    00000069     (.cinit..data.load) [load image, compression = lzss]
                  00003469    00000003     --HOLE-- [fill = 0]
                  0000346c    0000000c     (__TI_handler_table)
                  00003478    00000008     (.cinit..bss.load) [load image, compression = zero_init]
                  00003480    00000010     (__TI_cinit_table)

.init_array 
*          0    00000000    00000000     UNINITIALIZED

.binit     0    00000000    00000000     

.bss       0    20000000    000009e4     UNINITIALIZED
                  20000000    00000400     (.common:controlTable)
                  20000400    00000400     (.common:data_array)
                  20000800    00000120     rtsv7M4_T_le_v4SPD16_eabi.lib : trgmsg.c.obj (.bss:_CIOBUF_)
                  20000920    000000a0     (.common:__TI_tmpnams)
                  200009c0    00000014     Lab3_Exercise3.1.obj (.bss)
                  200009d4    00000008     msp432p4xx_driverlib.lib : cs.o (.bss)
                  200009dc    00000008     (.common:parmbuf)

.sysmem    0    200009e8    00000800     UNINITIALIZED
                  200009e8    00000010     rtsv7M4_T_le_v4SPD16_eabi.lib : memory.c.obj (.sysmem)
                  200009f8    000007f0     --HOLE--

.data      0    200011e8    000001e8     UNINITIALIZED
                  200011e8    000000f0     rtsv7M4_T_le_v4SPD16_eabi.lib : defs.c.obj (.data:_ftable)
                  200012d8    00000078                                   : host_device.c.obj (.data:_device)
                  20001350    00000050                                   : host_device.c.obj (.data:_stream)
                  200013a0    00000010                                   : defs.c.obj (.data)
                  200013b0    0000000c                                   : exit.c.obj (.data:$O1$$)
                  200013bc    00000008                                   : _lock.c.obj (.data:$O1$$)
                  200013c4    00000008                                   : memory.c.obj (.data:$O1$$)
                  200013cc    00000004                                   : errno.c.obj (.data)

.stack     0    2000fe00    00000200     UNINITIALIZED
                  2000fe00    00000004     rtsv7M4_T_le_v4SPD16_eabi.lib : boot_cortex_m.c.obj (.stack)
                  2000fe04    000001fc     --HOLE--

__llvm_prf_cnts 
*          0    20000000    00000000     UNINITIALIZED

MODULE SUMMARY

       Module                        code    ro data   rw data
       ------                        ----    -------   -------
    .\
       Lab3_Exercise3.1.obj          712     0         4136   
       system_msp432p401r.obj        120     0         0      
    +--+-----------------------------+-------+---------+---------+
       Total:                        832     0         4136   
                                                              
    .\ccs\
       startup_msp432p401r_ccs.obj   14      228       0      
    +--+-----------------------------+-------+---------+---------+
       Total:                        14      228       0      
                                                              
    C:/ti/simplelink_msp432p4_sdk_3_40_01_02/source/ti/devices/msp432p4xx/driverlib/ccs/msp432p4xx_driverlib.lib
       cs.o                          818     0         16     
       dma.o                         240     0         0      
       sysctl_a.o                    148     0         0      
       crc32.o                       56      0         0      
    +--+-----------------------------+-------+---------+---------+
       Total:                        1262    0         16     
                                                              
    C:\ti\ccs1280\ccs\tools\compiler\ti-cgt-arm_20.2.7.LTS\lib\rtsv7M4_T_le_v4SPD16_eabi.lib
       _printfi.c.obj                4851    0         0      
       defs.c.obj                    0       0         832    
       memory.c.obj                  672     0         16     
       trgmsg.c.obj                  108     0         576    
       fd_add_t2.asm.obj             438     0         0      
       host_device.c.obj             0       0         400    
       fd_div_t2.asm.obj             310     0         0      
       fputs.c.obj                   276     0         0      
       s_scalbn.c.obj                272     0         0      
       fd_cmp_t2.asm.obj             268     0         0      
       ctype.c.obj                   0       257       0      
       fd_mul_t2.asm.obj             252     0         0      
       setvbuf.c.obj                 220     0         0      
       memcpy_t2.asm.obj             156     0         0      
       ull_div_t2.asm.obj            150     0         0      
       fputc.c.obj                   140     0         0      
       memset_t2.asm.obj             122     0         0      
       fclose.c.obj                  116     0         0      
       getdevice.c.obj               116     0         0      
       hostopen.c.obj                96      0         16     
       printf.c.obj                  112     0         0      
       hostrename.c.obj              108     0         0      
       copy_decompress_lzss.c.obj    104     0         0      
       hostlseek.c.obj               104     0         0      
       exit.c.obj                    76      0         24     
       fseek.c.obj                   100     0         0      
       s_frexp.c.obj                 100     0         0      
       _io_perm.c.obj                98      0         0      
       close.c.obj                   92      0         0      
       hostread.c.obj                88      0         0      
       hostwrite.c.obj               88      0         0      
       _ltoa.c.obj                   84      0         0      
       atoi.c.obj                    76      0         0      
       fflush.c.obj                  76      0         0      
       fd_toi_t2.asm.obj             72      0         0      
       autoinit.c.obj                68      0         0      
       hostclose.c.obj               68      0         0      
       hostunlink.c.obj              68      0         0      
       strncpy.c.obj                 54      0         0      
       boot_cortex_m.c.obj           52      0         0      
       fopen.c.obj                   52      0         0      
       i_tofd_t2.asm.obj             46      0         0      
       unlink.c.obj                  44      0         0      
       lseek.c.obj                   40      0         0      
       write.c.obj                   40      0         0      
       memchr.c.obj                  32      0         0      
       memccpy.c.obj                 28      0         0      
       s_copysign.c.obj              26      0         0      
       strcmp.c.obj                  24      0         0      
       strchr.c.obj                  22      0         0      
       strcpy.c.obj                  20      0         0      
       strlen.c.obj                  20      0         0      
       _lock.c.obj                   2       0         16     
       wcslen.c.obj                  18      0         0      
       errno.c.obj                   8       0         8      
       copy_decompress_none.c.obj    14      0         0      
       copy_zero_init.c.obj          12      0         0      
       pre_init.c.obj                4       0         0      
       div0.asm.obj                  2       0         0      
    +--+-----------------------------+-------+---------+---------+
       Total:                        10705   257       1888   
                                                              
       Heap:                         0       0         4096   
       Stack:                        0       0         1024   
       Linker Generated:             0       141       0      
    +--+-----------------------------+-------+---------+---------+
       Grand Total:                  12813   626       11160  


LINKER GENERATED COPY TABLES

__TI_cinit_table @ 00003480 records: 2, size/record: 8, table size: 16
	.data: load addr=00003400, load size=00000069 bytes, run addr=200011e8, run size=000001e8 bytes, compression=lzss
	.bss: load addr=00003478, load size=00000008 bytes, run addr=20000000, run size=000009e4 bytes, compression=zero_init


LINKER GENERATED HANDLER TABLE

__TI_handler_table @ 0000346c records: 3, size/record: 4, table size: 12
	index: 0, handler: __TI_decompress_lzss
	index: 1, handler: __TI_decompress_none
	index: 2, handler: __TI_zero_init


GLOBAL SYMBOLS: SORTED ALPHABETICALLY BY Name 

address   name                           
-------   ----                           
00000b33  ADC14_IRQHandler               
00000b33  AES256_IRQHandler              
00000b33  BusFault_Handler               
000032f9  C$$EXIT                        
00002fa3  C$$IO$$                        
00000b33  COMP_E0_IRQHandler             
00000b33  COMP_E1_IRQHandler             
00002f3d  CRC32_getResult                
00000b33  CS_IRQHandler                  
00003081  CS_clearInterruptFlag          
00001c69  CS_getDCOFrequency             
0000313d  CS_getMCLK                     
00000b33  DMA_ERR_IRQHandler             
00000b33  DMA_INT0_IRQHandler            
00002d15  DMA_INT1_IRQHandler            
00002d15  DMA_INT1_IRQHandler            
00000b33  DMA_INT2_IRQHandler            
00000b33  DMA_INT3_IRQHandler            
00001d61  DMA_setChannelTransfer         
00000b33  DebugMon_Handler               
00000b33  Default_Handler                
00000b33  EUSCIA0_IRQHandler             
00000b33  EUSCIA1_IRQHandler             
00000b33  EUSCIA2_IRQHandler             
00000b33  EUSCIA3_IRQHandler             
00000b33  EUSCIB0_IRQHandler             
00000b33  EUSCIB1_IRQHandler             
00000b33  EUSCIB2_IRQHandler             
00000b33  EUSCIB3_IRQHandler             
00000b33  FLCTL_IRQHandler               
00000b33  FPU_IRQHandler                 
00002ded  HOSTclose                      
00002751  HOSTlseek                      
00002a15  HOSTopen                       
00002ad1  HOSTread                       
000026e5  HOSTrename                     
00002e31  HOSTunlink                     
00002b29  HOSTwrite                      
00000b33  HardFault_Handler              
00000b33  MemManage_Handler              
00000b33  NMI_Handler                    
00000b33  PCM_IRQHandler                 
00000b33  PORT1_IRQHandler               
00000b33  PORT2_IRQHandler               
00000b33  PORT3_IRQHandler               
00000b33  PORT4_IRQHandler               
00000b33  PORT5_IRQHandler               
00000b33  PORT6_IRQHandler               
00000b33  PSS_IRQHandler                 
00000b33  PendSV_Handler                 
00000b33  RTC_C_IRQHandler               
000032c5  Reset_Handler                  
00000b33  SVC_Handler                    
000021f5  SysCtl_A_getTLVInfo            
00000b33  SysTick_Handler                
00002519  SystemInit                     
00000b33  T32_INT1_IRQHandler            
00000b33  T32_INT2_IRQHandler            
00000b33  T32_INTC_IRQHandler            
00000b33  TA0_0_IRQHandler               
00000b33  TA0_N_IRQHandler               
00000b33  TA1_0_IRQHandler               
00000b33  TA1_N_IRQHandler               
00000b33  TA2_0_IRQHandler               
00000b33  TA2_N_IRQHandler               
00000b33  TA3_0_IRQHandler               
00000b33  TA3_N_IRQHandler               
00000b33  UsageFault_Handler             
4000480c  WDTCTL_SYM                     
00000b33  WDT_A_IRQHandler               
20000800  __CIOBUF_                      
20010000  __STACK_END                    
00000200  __STACK_SIZE                   
00000800  __SYSMEM_SIZE                  
00003480  __TI_CINIT_Base                
00003490  __TI_CINIT_Limit               
0000346c  __TI_Handler_Table_Base        
00003478  __TI_Handler_Table_Limit       
00002e75  __TI_auto_init_nobinit_nopinit 
00002fe5  __TI_cleanup                   
200013b0  __TI_cleanup_ptr               
00002591  __TI_closefile                 
000027b9  __TI_decompress_lzss           
000032b7  __TI_decompress_none           
00002c7d  __TI_doflush                   
200013b4  __TI_dtors_ptr                 
200013b8  __TI_enable_exit_profile_output
200013a0  __TI_ft_end                    
00002bd7  __TI_ltoa                      
ffffffff  __TI_pprof_out_hndl            
000000e5  __TI_printfi                   
ffffffff  __TI_prof_data_size            
ffffffff  __TI_prof_data_start           
00003019  __TI_readmsg                   
00000000  __TI_static_base__             
20000920  __TI_tmpnams                   
00002f75  __TI_writemsg                  
000029b3  __TI_wrt_ok                    
000032d1  __TI_zero_init                 
00002315  __aeabi_cdcmpeq                
00002315  __aeabi_cdcmple                
0000239b  __aeabi_cdrcmple               
00002da5  __aeabi_d2iz                   
000011ff  __aeabi_dadd                   
000014e9  __aeabi_ddiv                   
00001b6d  __aeabi_dmul                   
000011f5  __aeabi_dsub                   
000032dd  __aeabi_errno_addr             
000030e1  __aeabi_i2d                    
0000161f  __aeabi_idiv0                  
0000161f  __aeabi_ldiv0                  
0000249d  __aeabi_memclr                 
0000249d  __aeabi_memclr4                
0000249d  __aeabi_memclr8                
000020c3  __aeabi_memcpy                 
000020c3  __aeabi_memcpy4                
000020c3  __aeabi_memcpy8                
0000249f  __aeabi_memset                 
0000249f  __aeabi_memset4                
0000249f  __aeabi_memset8                
200013ac  __aeabi_stderr                 
200013a4  __aeabi_stdin                  
200013a8  __aeabi_stdout                 
0000215f  __aeabi_uldivmod               
ffffffff  __binit__                      
ffffffff  __c_args__                     
UNDEFED   __mpu_init                     
2000fe00  __stack                        
20000000  __start___llvm_prf_cnts        
20000000  __stop___llvm_prf_cnts         
0000304d  _c_int00_noargs                
000032fc  _ctypes_                       
200012d8  _device                        
200011e8  _ftable                        
200013bc  _lock                          
000013ab  _nop                           
20001350  _stream                        
200009e8  _sys_memory                    
UNDEFED   _system_post_cinit             
000032f5  _system_pre_init               
200013c0  _unlock                        
000032f9  abort                          
00001a6d  aligned_alloc                  
00002cc9  atoi                           
ffffffff  binit                          
00002a75  close                          
20000000  controlTable                   
00003235  copysign                       
00003235  copysignl                      
20000400  data_array                     
200013cc  errno                          
00002d5d  exit                           
000030b1  finddevice                     
00002289  fputc                          
00001745  fputs                          
00001e51  free                           
00002889  frexp                          
00002889  frexpl                         
000028ed  fseek                          
00002eb9  getdevice                      
00000000  interruptVectors               
00001859  ldexp                          
00001859  ldexpl                         
0000318d  lseek                          
00000b35  main                           
000032e5  malloc                         
00001a6d  memalign                       
00003219  memccpy                        
000031dd  memchr                         
000020c3  memcpy                         
000024a5  memset                         
200009dc  parmbuf                        
00002821  printf                         
00002289  putc                           
00003111  remove                         
00001859  scalbn                         
00001859  scalbnl                        
00001f35  setvbuf                        
00003267  strchr                         
0000324f  strcmp                         
0000327d  strcpy                         
00003291  strlen                         
00002fad  strncpy                        
00003111  unlink                         
000032a5  wcslen                         
000031b5  write                          


GLOBAL SYMBOLS: SORTED BY Symbol Address 

address   name                           
-------   ----                           
00000000  __TI_static_base__             
00000000  interruptVectors               
000000e5  __TI_printfi                   
00000200  __STACK_SIZE                   
00000800  __SYSMEM_SIZE                  
00000b33  ADC14_IRQHandler               
00000b33  AES256_IRQHandler              
00000b33  BusFault_Handler               
00000b33  COMP_E0_IRQHandler             
00000b33  COMP_E1_IRQHandler             
00000b33  CS_IRQHandler                  
00000b33  DMA_ERR_IRQHandler             
00000b33  DMA_INT0_IRQHandler            
00000b33  DMA_INT2_IRQHandler            
00000b33  DMA_INT3_IRQHandler            
00000b33  DebugMon_Handler               
00000b33  Default_Handler                
00000b33  EUSCIA0_IRQHandler             
00000b33  EUSCIA1_IRQHandler             
00000b33  EUSCIA2_IRQHandler             
00000b33  EUSCIA3_IRQHandler             
00000b33  EUSCIB0_IRQHandler             
00000b33  EUSCIB1_IRQHandler             
00000b33  EUSCIB2_IRQHandler             
00000b33  EUSCIB3_IRQHandler             
00000b33  FLCTL_IRQHandler               
00000b33  FPU_IRQHandler                 
00000b33  HardFault_Handler              
00000b33  MemManage_Handler              
00000b33  NMI_Handler                    
00000b33  PCM_IRQHandler                 
00000b33  PORT1_IRQHandler               
00000b33  PORT2_IRQHandler               
00000b33  PORT3_IRQHandler               
00000b33  PORT4_IRQHandler               
00000b33  PORT5_IRQHandler               
00000b33  PORT6_IRQHandler               
00000b33  PSS_IRQHandler                 
00000b33  PendSV_Handler                 
00000b33  RTC_C_IRQHandler               
00000b33  SVC_Handler                    
00000b33  SysTick_Handler                
00000b33  T32_INT1_IRQHandler            
00000b33  T32_INT2_IRQHandler            
00000b33  T32_INTC_IRQHandler            
00000b33  TA0_0_IRQHandler               
00000b33  TA0_N_IRQHandler               
00000b33  TA1_0_IRQHandler               
00000b33  TA1_N_IRQHandler               
00000b33  TA2_0_IRQHandler               
00000b33  TA2_N_IRQHandler               
00000b33  TA3_0_IRQHandler               
00000b33  TA3_N_IRQHandler               
00000b33  UsageFault_Handler             
00000b33  WDT_A_IRQHandler               
00000b35  main                           
000011f5  __aeabi_dsub                   
000011ff  __aeabi_dadd                   
000013ab  _nop                           
000014e9  __aeabi_ddiv                   
0000161f  __aeabi_idiv0                  
0000161f  __aeabi_ldiv0                  
00001745  fputs                          
00001859  ldexp                          
00001859  ldexpl                         
00001859  scalbn                         
00001859  scalbnl                        
00001a6d  aligned_alloc                  
00001a6d  memalign                       
00001b6d  __aeabi_dmul                   
00001c69  CS_getDCOFrequency             
00001d61  DMA_setChannelTransfer         
00001e51  free                           
00001f35  setvbuf                        
000020c3  __aeabi_memcpy                 
000020c3  __aeabi_memcpy4                
000020c3  __aeabi_memcpy8                
000020c3  memcpy                         
0000215f  __aeabi_uldivmod               
000021f5  SysCtl_A_getTLVInfo            
00002289  fputc                          
00002289  putc                           
00002315  __aeabi_cdcmpeq                
00002315  __aeabi_cdcmple                
0000239b  __aeabi_cdrcmple               
0000249d  __aeabi_memclr                 
0000249d  __aeabi_memclr4                
0000249d  __aeabi_memclr8                
0000249f  __aeabi_memset                 
0000249f  __aeabi_memset4                
0000249f  __aeabi_memset8                
000024a5  memset                         
00002519  SystemInit                     
00002591  __TI_closefile                 
000026e5  HOSTrename                     
00002751  HOSTlseek                      
000027b9  __TI_decompress_lzss           
00002821  printf                         
00002889  frexp                          
00002889  frexpl                         
000028ed  fseek                          
000029b3  __TI_wrt_ok                    
00002a15  HOSTopen                       
00002a75  close                          
00002ad1  HOSTread                       
00002b29  HOSTwrite                      
00002bd7  __TI_ltoa                      
00002c7d  __TI_doflush                   
00002cc9  atoi                           
00002d15  DMA_INT1_IRQHandler            
00002d15  DMA_INT1_IRQHandler            
00002d5d  exit                           
00002da5  __aeabi_d2iz                   
00002ded  HOSTclose                      
00002e31  HOSTunlink                     
00002e75  __TI_auto_init_nobinit_nopinit 
00002eb9  getdevice                      
00002f3d  CRC32_getResult                
00002f75  __TI_writemsg                  
00002fa3  C$$IO$$                        
00002fad  strncpy                        
00002fe5  __TI_cleanup                   
00003019  __TI_readmsg                   
0000304d  _c_int00_noargs                
00003081  CS_clearInterruptFlag          
000030b1  finddevice                     
000030e1  __aeabi_i2d                    
00003111  remove                         
00003111  unlink                         
0000313d  CS_getMCLK                     
0000318d  lseek                          
000031b5  write                          
000031dd  memchr                         
00003219  memccpy                        
00003235  copysign                       
00003235  copysignl                      
0000324f  strcmp                         
00003267  strchr                         
0000327d  strcpy                         
00003291  strlen                         
000032a5  wcslen                         
000032b7  __TI_decompress_none           
000032c5  Reset_Handler                  
000032d1  __TI_zero_init                 
000032dd  __aeabi_errno_addr             
000032e5  malloc                         
000032f5  _system_pre_init               
000032f9  C$$EXIT                        
000032f9  abort                          
000032fc  _ctypes_                       
0000346c  __TI_Handler_Table_Base        
00003478  __TI_Handler_Table_Limit       
00003480  __TI_CINIT_Base                
00003490  __TI_CINIT_Limit               
20000000  __start___llvm_prf_cnts        
20000000  __stop___llvm_prf_cnts         
20000000  controlTable                   
20000400  data_array                     
20000800  __CIOBUF_                      
20000920  __TI_tmpnams                   
200009dc  parmbuf                        
200009e8  _sys_memory                    
200011e8  _ftable                        
200012d8  _device                        
20001350  _stream                        
200013a0  __TI_ft_end                    
200013a4  __aeabi_stdin                  
200013a8  __aeabi_stdout                 
200013ac  __aeabi_stderr                 
200013b0  __TI_cleanup_ptr               
200013b4  __TI_dtors_ptr                 
200013b8  __TI_enable_exit_profile_output
200013bc  _lock                          
200013c0  _unlock                        
200013cc  errno                          
2000fe00  __stack                        
20010000  __STACK_END                    
4000480c  WDTCTL_SYM                     
ffffffff  __TI_pprof_out_hndl            
ffffffff  __TI_prof_data_size            
ffffffff  __TI_prof_data_start           
ffffffff  __binit__                      
ffffffff  __c_args__                     
ffffffff  binit                          
UNDEFED   __mpu_init                     
UNDEFED   _system_post_cinit             

[186 symbols]
