******************************************************************************
                  TI ARM Linker PC v20.2.7                     
******************************************************************************
>> Linked Sat Oct  5 21:34:37 2024

OUTPUT FILE NAME:   <Lab 3 Exercise 1.3.out>
ENTRY POINT SYMBOL: "_c_int00_noargs"  address: 00002c69


MEMORY CONFIGURATION

         name            origin    length      used     unused   attr    fill
----------------------  --------  ---------  --------  --------  ----  --------
  MAIN                  00000000   00040000  00003051  0003cfaf  R  X
  INFO                  00200000   00004000  00000000  00004000  R  X
  SRAM_CODE             01000000   00010000  000035b0  0000ca50  RW X
  SRAM_DATA             20000000   00010000  000035b0  0000ca50  RW  


SEGMENT ALLOCATION MAP

run origin  load origin   length   init length attrs members
----------  ----------- ---------- ----------- ----- -------
00000000    00000000    00003058   00003058    r-x
  00000000    00000000    000000e4   000000e4    r-- .intvecs
  000000e4    000000e4    00002ddc   00002ddc    r-x .text
  00002ec0    00002ec0    00000101   00000101    r-- .const
  00002fc8    00002fc8    00000090   00000090    r-- .cinit
20000000    20000000    000033b0   00000000    rw-
  20000000    20000000    000029c8   00000000    rw- .bss
  200029c8    200029c8    00000800   00000000    rw- .sysmem
  200031c8    200031c8    000001e8   00000000    rw- .data
2000fe00    2000fe00    00000200   00000000    rw-
  2000fe00    2000fe00    00000200   00000000    rw- .stack


SECTION ALLOCATION MAP

 output                                  attributes/
section   page    origin      length       input sections
--------  ----  ----------  ----------   ----------------
.intvecs   0    00000000    000000e4     
                  00000000    000000e4     startup_msp432p401r_ccs.obj (.intvecs:retain)

.text      0    000000e4    00002ddc     
                  000000e4    00000a4e     rtsv7M4_T_le_v4SPD16_eabi.lib : _printfi.c.obj (.text:__TI_printfi)
                  00000b32    00000002     startup_msp432p401r_ccs.obj (.text:Default_Handler)
                  00000b34    000002f4     Lab3_Exercise1.3.obj (.text:main)
                  00000e28    00000270     rtsv7M4_T_le_v4SPD16_eabi.lib : _printfi.c.obj (.text:_pconv_a)
                  00001098    000001d0                                   : _printfi.c.obj (.text:_pconv_g)
                  00001268    000001b6                                   : fd_add_t2.asm.obj (.text)
                  0000141e    00000002                                   : _lock.c.obj (.text:_nop)
                  00001420    0000013c                                   : _printfi.c.obj (.text:_pconv_e)
                  0000155c    00000136                                   : fd_div_t2.asm.obj (.text)
                  00001692    00000002                                   : div0.asm.obj (.text)
                  00001694    00000124                                   : _printfi.c.obj (.text:fcvt)
                  000017b8    00000114                                   : fputs.c.obj (.text:fputs)
                  000018cc    00000110                                   : s_scalbn.c.obj (.text:scalbn)
                  000019dc    00000100                                   : memory.c.obj (.text:aligned_alloc)
                  00001adc    000000fc                                   : fd_mul_t2.asm.obj (.text)
                  00001bd8    000000e4                                   : memory.c.obj (.text:free)
                  00001cbc    000000dc                                   : setvbuf.c.obj (.text:setvbuf)
                  00001d98    000000b1                                   : _printfi.c.obj (.text:_ltostr)
                  00001e49    00000001     --HOLE-- [fill = 0]
                  00001e4a    0000009c                                   : memcpy_t2.asm.obj (.text)
                  00001ee6    00000096                                   : ull_div_t2.asm.obj (.text)
                  00001f7c    0000008c                                   : fputc.c.obj (.text:fputc)
                  00002008    00000086                                   : fd_cmp_t2.asm.obj (.text:__aeabi_cdcmple)
                  0000208e    00000086                                   : fd_cmp_t2.asm.obj (.text:__aeabi_cdrcmple)
                  00002114    0000007a                                   : memset_t2.asm.obj (.text)
                  0000218e    00000002     --HOLE-- [fill = 0]
                  00002190    00000078     system_msp432p401r.obj (.text:SystemInit)
                  00002208    00000074     rtsv7M4_T_le_v4SPD16_eabi.lib : fclose.c.obj (.text:__TI_closefile)
                  0000227c    00000070                                   : memory.c.obj (.text:split)
                  000022ec    0000006e                                   : _printfi.c.obj (.text:_mcpy)
                  0000235a    00000002     --HOLE-- [fill = 0]
                  0000235c    0000006c                                   : hostrename.c.obj (.text:HOSTrename)
                  000023c8    00000068                                   : hostlseek.c.obj (.text:HOSTlseek)
                  00002430    00000068                                   : copy_decompress_lzss.c.obj (.text:decompress:lzss:__TI_decompress_lzss)
                  00002498    00000068                                   : printf.c.obj (.text:printf)
                  00002500    00000064                                   : s_frexp.c.obj (.text:frexp)
                  00002564    00000064                                   : fseek.c.obj (.text:fseek)
                  000025c8    00000062                                   : _io_perm.c.obj (.text:__TI_wrt_ok)
                  0000262a    00000002     --HOLE-- [fill = 0]
                  0000262c    00000060                                   : hostopen.c.obj (.text:HOSTopen)
                  0000268c    0000005c                                   : close.c.obj (.text:close)
                  000026e8    00000058                                   : hostread.c.obj (.text:HOSTread)
                  00002740    00000058                                   : hostwrite.c.obj (.text:HOSTwrite)
                  00002798    00000056                                   : _printfi.c.obj (.text:_pconv_f)
                  000027ee    00000054                                   : _ltoa.c.obj (.text:__TI_ltoa)
                  00002842    00000052                                   : _printfi.c.obj (.text:_ecpy)
                  00002894    0000004c                                   : fflush.c.obj (.text:__TI_doflush)
                  000028e0    0000004c                                   : atoi.c.obj (.text:atoi)
                  0000292c    0000004c     Lab3_Exercise1.3.obj (.text:compute_simple_checksum)
                  00002978    00000048     rtsv7M4_T_le_v4SPD16_eabi.lib : exit.c.obj (.text:exit)
                  000029c0    00000048                                   : fd_toi_t2.asm.obj (.text)
                  00002a08    00000044                                   : hostclose.c.obj (.text:HOSTclose)
                  00002a4c    00000044                                   : hostunlink.c.obj (.text:HOSTunlink)
                  00002a90    00000044                                   : autoinit.c.obj (.text:__TI_auto_init_nobinit_nopinit:__TI_auto_init_nobinit_nopinit)
                  00002ad4    00000044                                   : getdevice.c.obj (.text:getdevice)
                  00002b18    0000003e                                   : _printfi.c.obj (.text:_fcpy)
                  00002b56    00000002     --HOLE-- [fill = 0]
                  00002b58    00000038     msp432p4xx_driverlib.lib : crc32.o (.text:CRC32_getResultReversed)
                  00002b90    00000038     rtsv7M4_T_le_v4SPD16_eabi.lib : trgmsg.c.obj (.text:__TI_writemsg)
                  00002bc8    00000036                                   : strncpy.c.obj (.text:strncpy)
                  00002bfe    00000002     --HOLE-- [fill = 0]
                  00002c00    00000034                                   : fopen.c.obj (.text:__TI_cleanup)
                  00002c34    00000034                                   : trgmsg.c.obj (.text:__TI_readmsg)
                  00002c68    00000034                                   : boot_cortex_m.c.obj (.text:_c_int00_noargs:_c_int00_noargs)
                  00002c9c    00000030                                   : getdevice.c.obj (.text:finddevice)
                  00002ccc    0000002e                                   : i_tofd_t2.asm.obj (.text)
                  00002cfa    00000002     --HOLE-- [fill = 0]
                  00002cfc    0000002c                                   : unlink.c.obj (.text:unlink)
                  00002d28    00000028                                   : memory.c.obj (.text:free_list_insert)
                  00002d50    00000028                                   : lseek.c.obj (.text:lseek)
                  00002d78    00000028                                   : write.c.obj (.text:write)
                  00002da0    00000020                                   : memchr.c.obj (.text:memchr)
                  00002dc0    0000001c                                   : memory.c.obj (.text:free_list_remove)
                  00002ddc    0000001c                                   : memccpy.c.obj (.text:memccpy)
                  00002df8    0000001a                                   : s_copysign.c.obj (.text:copysign)
                  00002e12    00000018                                   : strcmp.c.obj (.text:strcmp)
                  00002e2a    00000016                                   : strchr.c.obj (.text:strchr)
                  00002e40    00000014                                   : strcpy.c.obj (.text:strcpy)
                  00002e54    00000014                                   : strlen.c.obj (.text:strlen)
                  00002e68    00000012                                   : wcslen.c.obj (.text:wcslen)
                  00002e7a    0000000e                                   : copy_decompress_none.c.obj (.text:decompress:none:__TI_decompress_none)
                  00002e88    0000000c     startup_msp432p401r_ccs.obj (.text:Reset_Handler)
                  00002e94    0000000c     rtsv7M4_T_le_v4SPD16_eabi.lib : copy_zero_init.c.obj (.text:decompress:ZI:__TI_zero_init)
                  00002ea0    00000008                                   : errno.c.obj (.text:__aeabi_errno_addr)
                  00002ea8    00000008                                   : memory.c.obj (.text:malloc)
                  00002eb0    00000004                                   : printf.c.obj (.text:_outc)
                  00002eb4    00000004                                   : printf.c.obj (.text:_outs)
                  00002eb8    00000004                                   : pre_init.c.obj (.text:_system_pre_init)
                  00002ebc    00000004                                   : exit.c.obj (.text:abort:abort)

.const     0    00002ec0    00000101     
                  00002ec0    00000101     rtsv7M4_T_le_v4SPD16_eabi.lib : ctype.c.obj (.const:.string:_ctypes_)

.cinit     0    00002fc8    00000090     
                  00002fc8    0000006a     (.cinit..data.load) [load image, compression = lzss]
                  00003032    00000002     --HOLE-- [fill = 0]
                  00003034    0000000c     (__TI_handler_table)
                  00003040    00000008     (.cinit..bss.load) [load image, compression = zero_init]
                  00003048    00000010     (__TI_cinit_table)

.init_array 
*          0    00000000    00000000     UNINITIALIZED

.binit     0    00000000    00000000     

.bss       0    20000000    000029c8     UNINITIALIZED
                  20000000    00002800     Lab3_Exercise1.3.obj (.bss:myData$1)
                  20002800    00000120     rtsv7M4_T_le_v4SPD16_eabi.lib : trgmsg.c.obj (.bss:_CIOBUF_)
                  20002920    000000a0     (.common:__TI_tmpnams)
                  200029c0    00000008     (.common:parmbuf)

.sysmem    0    200029c8    00000800     UNINITIALIZED
                  200029c8    00000010     rtsv7M4_T_le_v4SPD16_eabi.lib : memory.c.obj (.sysmem)
                  200029d8    000007f0     --HOLE--

.data      0    200031c8    000001e8     UNINITIALIZED
                  200031c8    000000f0     rtsv7M4_T_le_v4SPD16_eabi.lib : defs.c.obj (.data:_ftable)
                  200032b8    00000078                                   : host_device.c.obj (.data:_device)
                  20003330    00000050                                   : host_device.c.obj (.data:_stream)
                  20003380    00000010                                   : defs.c.obj (.data)
                  20003390    0000000c                                   : exit.c.obj (.data:$O1$$)
                  2000339c    00000008                                   : _lock.c.obj (.data:$O1$$)
                  200033a4    00000008                                   : memory.c.obj (.data:$O1$$)
                  200033ac    00000004                                   : errno.c.obj (.data)

.stack     0    2000fe00    00000200     UNINITIALIZED
                  2000fe00    00000004     rtsv7M4_T_le_v4SPD16_eabi.lib : boot_cortex_m.c.obj (.stack)
                  2000fe04    000001fc     --HOLE--

__llvm_prf_cnts 
*          0    20000000    00000000     UNINITIALIZED

MODULE SUMMARY

       Module                        code    ro data   rw data
       ------                        ----    -------   -------
    .\
       Lab3_Exercise1.3.obj          832     0         20480  
       system_msp432p401r.obj        120     0         0      
    +--+-----------------------------+-------+---------+---------+
       Total:                        952     0         20480  
                                                              
    .\ccs\
       startup_msp432p401r_ccs.obj   14      228       0      
    +--+-----------------------------+-------+---------+---------+
       Total:                        14      228       0      
                                                              
    C:/ti/simplelink_msp432p4_sdk_3_40_01_02/source/ti/devices/msp432p4xx/driverlib/ccs/msp432p4xx_driverlib.lib
       crc32.o                       56      0         0      
    +--+-----------------------------+-------+---------+---------+
       Total:                        56      0         0      
                                                              
    C:\ti\ccs1280\ccs\tools\compiler\ti-cgt-arm_20.2.7.LTS\lib\rtsv7M4_T_le_v4SPD16_eabi.lib
       _printfi.c.obj                4851    0         0      
       defs.c.obj                    0       0         832    
       memory.c.obj                  672     0         16     
       trgmsg.c.obj                  108     0         576    
       fd_add_t2.asm.obj             438     0         0      
       host_device.c.obj             0       0         400    
       fd_div_t2.asm.obj             310     0         0      
       fputs.c.obj                   276     0         0      
       s_scalbn.c.obj                272     0         0      
       fd_cmp_t2.asm.obj             268     0         0      
       ctype.c.obj                   0       257       0      
       fd_mul_t2.asm.obj             252     0         0      
       setvbuf.c.obj                 220     0         0      
       memcpy_t2.asm.obj             156     0         0      
       ull_div_t2.asm.obj            150     0         0      
       fputc.c.obj                   140     0         0      
       memset_t2.asm.obj             122     0         0      
       fclose.c.obj                  116     0         0      
       getdevice.c.obj               116     0         0      
       hostopen.c.obj                96      0         16     
       printf.c.obj                  112     0         0      
       hostrename.c.obj              108     0         0      
       copy_decompress_lzss.c.obj    104     0         0      
       hostlseek.c.obj               104     0         0      
       exit.c.obj                    76      0         24     
       fseek.c.obj                   100     0         0      
       s_frexp.c.obj                 100     0         0      
       _io_perm.c.obj                98      0         0      
       close.c.obj                   92      0         0      
       hostread.c.obj                88      0         0      
       hostwrite.c.obj               88      0         0      
       _ltoa.c.obj                   84      0         0      
       atoi.c.obj                    76      0         0      
       fflush.c.obj                  76      0         0      
       fd_toi_t2.asm.obj             72      0         0      
       autoinit.c.obj                68      0         0      
       hostclose.c.obj               68      0         0      
       hostunlink.c.obj              68      0         0      
       strncpy.c.obj                 54      0         0      
       boot_cortex_m.c.obj           52      0         0      
       fopen.c.obj                   52      0         0      
       i_tofd_t2.asm.obj             46      0         0      
       unlink.c.obj                  44      0         0      
       lseek.c.obj                   40      0         0      
       write.c.obj                   40      0         0      
       memchr.c.obj                  32      0         0      
       memccpy.c.obj                 28      0         0      
       s_copysign.c.obj              26      0         0      
       strcmp.c.obj                  24      0         0      
       strchr.c.obj                  22      0         0      
       strcpy.c.obj                  20      0         0      
       strlen.c.obj                  20      0         0      
       _lock.c.obj                   2       0         16     
       wcslen.c.obj                  18      0         0      
       errno.c.obj                   8       0         8      
       copy_decompress_none.c.obj    14      0         0      
       copy_zero_init.c.obj          12      0         0      
       pre_init.c.obj                4       0         0      
       div0.asm.obj                  2       0         0      
    +--+-----------------------------+-------+---------+---------+
       Total:                        10705   257       1888   
                                                              
       Heap:                         0       0         4096   
       Stack:                        0       0         1024   
       Linker Generated:             0       142       0      
    +--+-----------------------------+-------+---------+---------+
       Grand Total:                  11727   627       27488  


LINKER GENERATED COPY TABLES

__TI_cinit_table @ 00003048 records: 2, size/record: 8, table size: 16
	.data: load addr=00002fc8, load size=0000006a bytes, run addr=200031c8, run size=000001e8 bytes, compression=lzss
	.bss: load addr=00003040, load size=00000008 bytes, run addr=20000000, run size=000029c8 bytes, compression=zero_init


LINKER GENERATED HANDLER TABLE

__TI_handler_table @ 00003034 records: 3, size/record: 4, table size: 12
	index: 0, handler: __TI_decompress_lzss
	index: 1, handler: __TI_decompress_none
	index: 2, handler: __TI_zero_init


GLOBAL SYMBOLS: SORTED ALPHABETICALLY BY Name 

address   name                           
-------   ----                           
00000b33  ADC14_IRQHandler               
00000b33  AES256_IRQHandler              
00000b33  BusFault_Handler               
00002ebd  C$$EXIT                        
00002bbf  C$$IO$$                        
00000b33  COMP_E0_IRQHandler             
00000b33  COMP_E1_IRQHandler             
00002b59  CRC32_getResultReversed        
00000b33  CS_IRQHandler                  
00000b33  DMA_ERR_IRQHandler             
00000b33  DMA_INT0_IRQHandler            
00000b33  DMA_INT1_IRQHandler            
00000b33  DMA_INT2_IRQHandler            
00000b33  DMA_INT3_IRQHandler            
00000b33  DebugMon_Handler               
00000b33  Default_Handler                
00000b33  EUSCIA0_IRQHandler             
00000b33  EUSCIA1_IRQHandler             
00000b33  EUSCIA2_IRQHandler             
00000b33  EUSCIA3_IRQHandler             
00000b33  EUSCIB0_IRQHandler             
00000b33  EUSCIB1_IRQHandler             
00000b33  EUSCIB2_IRQHandler             
00000b33  EUSCIB3_IRQHandler             
00000b33  FLCTL_IRQHandler               
00000b33  FPU_IRQHandler                 
00002a09  HOSTclose                      
000023c9  HOSTlseek                      
0000262d  HOSTopen                       
000026e9  HOSTread                       
0000235d  HOSTrename                     
00002a4d  HOSTunlink                     
00002741  HOSTwrite                      
00000b33  HardFault_Handler              
00000b33  MemManage_Handler              
00000b33  NMI_Handler                    
00000b33  PCM_IRQHandler                 
00000b33  PORT1_IRQHandler               
00000b33  PORT2_IRQHandler               
00000b33  PORT3_IRQHandler               
00000b33  PORT4_IRQHandler               
00000b33  PORT5_IRQHandler               
00000b33  PORT6_IRQHandler               
00000b33  PSS_IRQHandler                 
00000b33  PendSV_Handler                 
00000b33  RTC_C_IRQHandler               
00002e89  Reset_Handler                  
00000b33  SVC_Handler                    
00000b33  SysTick_Handler                
00002191  SystemInit                     
00000b33  T32_INT1_IRQHandler            
00000b33  T32_INT2_IRQHandler            
00000b33  T32_INTC_IRQHandler            
00000b33  TA0_0_IRQHandler               
00000b33  TA0_N_IRQHandler               
00000b33  TA1_0_IRQHandler               
00000b33  TA1_N_IRQHandler               
00000b33  TA2_0_IRQHandler               
00000b33  TA2_N_IRQHandler               
00000b33  TA3_0_IRQHandler               
00000b33  TA3_N_IRQHandler               
00000b33  UsageFault_Handler             
4000480c  WDTCTL_SYM                     
00000b33  WDT_A_IRQHandler               
20002800  __CIOBUF_                      
20010000  __STACK_END                    
00000200  __STACK_SIZE                   
00000800  __SYSMEM_SIZE                  
00003048  __TI_CINIT_Base                
00003058  __TI_CINIT_Limit               
00003034  __TI_Handler_Table_Base        
00003040  __TI_Handler_Table_Limit       
00002a91  __TI_auto_init_nobinit_nopinit 
00002c01  __TI_cleanup                   
20003390  __TI_cleanup_ptr               
00002209  __TI_closefile                 
00002431  __TI_decompress_lzss           
00002e7b  __TI_decompress_none           
00002895  __TI_doflush                   
20003394  __TI_dtors_ptr                 
20003398  __TI_enable_exit_profile_output
20003380  __TI_ft_end                    
000027ef  __TI_ltoa                      
ffffffff  __TI_pprof_out_hndl            
000000e5  __TI_printfi                   
ffffffff  __TI_prof_data_size            
ffffffff  __TI_prof_data_start           
00002c35  __TI_readmsg                   
00000000  __TI_static_base__             
20002920  __TI_tmpnams                   
00002b91  __TI_writemsg                  
000025c9  __TI_wrt_ok                    
00002e95  __TI_zero_init                 
00002009  __aeabi_cdcmpeq                
00002009  __aeabi_cdcmple                
0000208f  __aeabi_cdrcmple               
000029c1  __aeabi_d2iz                   
00001273  __aeabi_dadd                   
0000155d  __aeabi_ddiv                   
00001add  __aeabi_dmul                   
00001269  __aeabi_dsub                   
00002ea1  __aeabi_errno_addr             
00002ccd  __aeabi_i2d                    
00001693  __aeabi_idiv0                  
00001693  __aeabi_ldiv0                  
00002115  __aeabi_memclr                 
00002115  __aeabi_memclr4                
00002115  __aeabi_memclr8                
00001e4b  __aeabi_memcpy                 
00001e4b  __aeabi_memcpy4                
00001e4b  __aeabi_memcpy8                
00002117  __aeabi_memset                 
00002117  __aeabi_memset4                
00002117  __aeabi_memset8                
2000338c  __aeabi_stderr                 
20003384  __aeabi_stdin                  
20003388  __aeabi_stdout                 
00001ee7  __aeabi_uldivmod               
ffffffff  __binit__                      
ffffffff  __c_args__                     
UNDEFED   __mpu_init                     
2000fe00  __stack                        
20000000  __start___llvm_prf_cnts        
20000000  __stop___llvm_prf_cnts         
00002c69  _c_int00_noargs                
00002ec0  _ctypes_                       
200032b8  _device                        
200031c8  _ftable                        
2000339c  _lock                          
0000141f  _nop                           
20003330  _stream                        
200029c8  _sys_memory                    
UNDEFED   _system_post_cinit             
00002eb9  _system_pre_init               
200033a0  _unlock                        
00002ebd  abort                          
000019dd  aligned_alloc                  
000028e1  atoi                           
ffffffff  binit                          
0000268d  close                          
00002df9  copysign                       
00002df9  copysignl                      
200033ac  errno                          
00002979  exit                           
00002c9d  finddevice                     
00001f7d  fputc                          
000017b9  fputs                          
00001bd9  free                           
00002501  frexp                          
00002501  frexpl                         
00002565  fseek                          
00002ad5  getdevice                      
00000000  interruptVectors               
000018cd  ldexp                          
000018cd  ldexpl                         
00002d51  lseek                          
00000b35  main                           
00002ea9  malloc                         
000019dd  memalign                       
00002ddd  memccpy                        
00002da1  memchr                         
00001e4b  memcpy                         
0000211d  memset                         
200029c0  parmbuf                        
00002499  printf                         
00001f7d  putc                           
00002cfd  remove                         
000018cd  scalbn                         
000018cd  scalbnl                        
00001cbd  setvbuf                        
00002e2b  strchr                         
00002e13  strcmp                         
00002e41  strcpy                         
00002e55  strlen                         
00002bc9  strncpy                        
00002cfd  unlink                         
00002e69  wcslen                         
00002d79  write                          


GLOBAL SYMBOLS: SORTED BY Symbol Address 

address   name                           
-------   ----                           
00000000  __TI_static_base__             
00000000  interruptVectors               
000000e5  __TI_printfi                   
00000200  __STACK_SIZE                   
00000800  __SYSMEM_SIZE                  
00000b33  ADC14_IRQHandler               
00000b33  AES256_IRQHandler              
00000b33  BusFault_Handler               
00000b33  COMP_E0_IRQHandler             
00000b33  COMP_E1_IRQHandler             
00000b33  CS_IRQHandler                  
00000b33  DMA_ERR_IRQHandler             
00000b33  DMA_INT0_IRQHandler            
00000b33  DMA_INT1_IRQHandler            
00000b33  DMA_INT2_IRQHandler            
00000b33  DMA_INT3_IRQHandler            
00000b33  DebugMon_Handler               
00000b33  Default_Handler                
00000b33  EUSCIA0_IRQHandler             
00000b33  EUSCIA1_IRQHandler             
00000b33  EUSCIA2_IRQHandler             
00000b33  EUSCIA3_IRQHandler             
00000b33  EUSCIB0_IRQHandler             
00000b33  EUSCIB1_IRQHandler             
00000b33  EUSCIB2_IRQHandler             
00000b33  EUSCIB3_IRQHandler             
00000b33  FLCTL_IRQHandler               
00000b33  FPU_IRQHandler                 
00000b33  HardFault_Handler              
00000b33  MemManage_Handler              
00000b33  NMI_Handler                    
00000b33  PCM_IRQHandler                 
00000b33  PORT1_IRQHandler               
00000b33  PORT2_IRQHandler               
00000b33  PORT3_IRQHandler               
00000b33  PORT4_IRQHandler               
00000b33  PORT5_IRQHandler               
00000b33  PORT6_IRQHandler               
00000b33  PSS_IRQHandler                 
00000b33  PendSV_Handler                 
00000b33  RTC_C_IRQHandler               
00000b33  SVC_Handler                    
00000b33  SysTick_Handler                
00000b33  T32_INT1_IRQHandler            
00000b33  T32_INT2_IRQHandler            
00000b33  T32_INTC_IRQHandler            
00000b33  TA0_0_IRQHandler               
00000b33  TA0_N_IRQHandler               
00000b33  TA1_0_IRQHandler               
00000b33  TA1_N_IRQHandler               
00000b33  TA2_0_IRQHandler               
00000b33  TA2_N_IRQHandler               
00000b33  TA3_0_IRQHandler               
00000b33  TA3_N_IRQHandler               
00000b33  UsageFault_Handler             
00000b33  WDT_A_IRQHandler               
00000b35  main                           
00001269  __aeabi_dsub                   
00001273  __aeabi_dadd                   
0000141f  _nop                           
0000155d  __aeabi_ddiv                   
00001693  __aeabi_idiv0                  
00001693  __aeabi_ldiv0                  
000017b9  fputs                          
000018cd  ldexp                          
000018cd  ldexpl                         
000018cd  scalbn                         
000018cd  scalbnl                        
000019dd  aligned_alloc                  
000019dd  memalign                       
00001add  __aeabi_dmul                   
00001bd9  free                           
00001cbd  setvbuf                        
00001e4b  __aeabi_memcpy                 
00001e4b  __aeabi_memcpy4                
00001e4b  __aeabi_memcpy8                
00001e4b  memcpy                         
00001ee7  __aeabi_uldivmod               
00001f7d  fputc                          
00001f7d  putc                           
00002009  __aeabi_cdcmpeq                
00002009  __aeabi_cdcmple                
0000208f  __aeabi_cdrcmple               
00002115  __aeabi_memclr                 
00002115  __aeabi_memclr4                
00002115  __aeabi_memclr8                
00002117  __aeabi_memset                 
00002117  __aeabi_memset4                
00002117  __aeabi_memset8                
0000211d  memset                         
00002191  SystemInit                     
00002209  __TI_closefile                 
0000235d  HOSTrename                     
000023c9  HOSTlseek                      
00002431  __TI_decompress_lzss           
00002499  printf                         
00002501  frexp                          
00002501  frexpl                         
00002565  fseek                          
000025c9  __TI_wrt_ok                    
0000262d  HOSTopen                       
0000268d  close                          
000026e9  HOSTread                       
00002741  HOSTwrite                      
000027ef  __TI_ltoa                      
00002895  __TI_doflush                   
000028e1  atoi                           
00002979  exit                           
000029c1  __aeabi_d2iz                   
00002a09  HOSTclose                      
00002a4d  HOSTunlink                     
00002a91  __TI_auto_init_nobinit_nopinit 
00002ad5  getdevice                      
00002b59  CRC32_getResultReversed        
00002b91  __TI_writemsg                  
00002bbf  C$$IO$$                        
00002bc9  strncpy                        
00002c01  __TI_cleanup                   
00002c35  __TI_readmsg                   
00002c69  _c_int00_noargs                
00002c9d  finddevice                     
00002ccd  __aeabi_i2d                    
00002cfd  remove                         
00002cfd  unlink                         
00002d51  lseek                          
00002d79  write                          
00002da1  memchr                         
00002ddd  memccpy                        
00002df9  copysign                       
00002df9  copysignl                      
00002e13  strcmp                         
00002e2b  strchr                         
00002e41  strcpy                         
00002e55  strlen                         
00002e69  wcslen                         
00002e7b  __TI_decompress_none           
00002e89  Reset_Handler                  
00002e95  __TI_zero_init                 
00002ea1  __aeabi_errno_addr             
00002ea9  malloc                         
00002eb9  _system_pre_init               
00002ebd  C$$EXIT                        
00002ebd  abort                          
00002ec0  _ctypes_                       
00003034  __TI_Handler_Table_Base        
00003040  __TI_Handler_Table_Limit       
00003048  __TI_CINIT_Base                
00003058  __TI_CINIT_Limit               
20000000  __start___llvm_prf_cnts        
20000000  __stop___llvm_prf_cnts         
20002800  __CIOBUF_                      
20002920  __TI_tmpnams                   
200029c0  parmbuf                        
200029c8  _sys_memory                    
200031c8  _ftable                        
200032b8  _device                        
20003330  _stream                        
20003380  __TI_ft_end                    
20003384  __aeabi_stdin                  
20003388  __aeabi_stdout                 
2000338c  __aeabi_stderr                 
20003390  __TI_cleanup_ptr               
20003394  __TI_dtors_ptr                 
20003398  __TI_enable_exit_profile_output
2000339c  _lock                          
200033a0  _unlock                        
200033ac  errno                          
2000fe00  __stack                        
20010000  __STACK_END                    
4000480c  WDTCTL_SYM                     
ffffffff  __TI_pprof_out_hndl            
ffffffff  __TI_prof_data_size            
ffffffff  __TI_prof_data_start           
ffffffff  __binit__                      
ffffffff  __c_args__                     
ffffffff  binit                          
UNDEFED   __mpu_init                     
UNDEFED   _system_post_cinit             

[178 symbols]
