******************************************************************************
                  TI ARM Linker PC v20.2.7                     
******************************************************************************
>> Linked Fri Sep 20 02:08:22 2024

OUTPUT FILE NAME:   <Lab 2 Exercise 1.3.out>
ENTRY POINT SYMBOL: "_c_int00_noinit_noargs"  address: 00000255


MEMORY CONFIGURATION

         name            origin    length      used     unused   attr    fill
----------------------  --------  ---------  --------  --------  ----  --------
  MAIN                  00000000   00040000  00000296  0003fd6a  R  X
  INFO                  00200000   00004000  00000000  00004000  R  X
  SRAM_CODE             01000000   00010000  00000200  0000fe00  RW X
  SRAM_DATA             20000000   00010000  00000200  0000fe00  RW  


SEGMENT ALLOCATION MAP

run origin  load origin   length   init length attrs members
----------  ----------- ---------- ----------- ----- -------
00000000    00000000    00000296   00000296    r-x
  00000000    00000000    000000e4   000000e4    r-- .intvecs
  000000e4    000000e4    000001b2   000001b2    r-x .text
2000fe00    2000fe00    00000200   00000000    rw-
  2000fe00    2000fe00    00000200   00000000    rw- .stack


SECTION ALLOCATION MAP

 output                                  attributes/
section   page    origin      length       input sections
--------  ----  ----------  ----------   ----------------
.intvecs   0    00000000    000000e4     
                  00000000    000000e4     startup_msp432p401r_ccs.obj (.intvecs:retain)

.text      0    000000e4    000001b2     
                  000000e4    000000f8     gpio_toggle_output.obj (.text:main)
                  000001dc    00000078     system_msp432p401r.obj (.text:SystemInit)
                  00000254    0000002c     rtsv7M4_T_le_v4SPD16_eabi.lib : boot_cortex_m.c.obj (.text:_c_int00_noinit_noargs:_c_int00_noinit_noargs)
                  00000280    0000000c     startup_msp432p401r_ccs.obj (.text:Reset_Handler)
                  0000028c    00000004     rtsv7M4_T_le_v4SPD16_eabi.lib : pre_init.c.obj (.text:_system_pre_init)
                  00000290    00000004                                   : exit.c.obj (.text:abort:abort)
                  00000294    00000002     startup_msp432p401r_ccs.obj (.text:Default_Handler)

.cinit     0    00000000    00000000     UNINITIALIZED

.init_array 
*          0    00000000    00000000     UNINITIALIZED

.binit     0    00000000    00000000     

.stack     0    2000fe00    00000200     UNINITIALIZED
                  2000fe00    00000004     rtsv7M4_T_le_v4SPD16_eabi.lib : boot_cortex_m.c.obj (.stack)
                  2000fe04    000001fc     --HOLE--

__llvm_prf_cnts 
*          0    20000000    00000000     UNINITIALIZED

MODULE SUMMARY

       Module                        code   ro data   rw data
       ------                        ----   -------   -------
    .\
       gpio_toggle_output.obj        248    0         0      
       system_msp432p401r.obj        120    0         0      
    +--+-----------------------------+------+---------+---------+
       Total:                        368    0         0      
                                                             
    .\ccs\
       startup_msp432p401r_ccs.obj   14     228       0      
    +--+-----------------------------+------+---------+---------+
       Total:                        14     228       0      
                                                             
    C:\ti\ccs1280\ccs\tools\compiler\ti-cgt-arm_20.2.7.LTS\lib\rtsv7M4_T_le_v4SPD16_eabi.lib
       boot_cortex_m.c.obj           44     0         0      
       exit.c.obj                    4      0         0      
       pre_init.c.obj                4      0         0      
    +--+-----------------------------+------+---------+---------+
       Total:                        52     0         0      
                                                             
       Stack:                        0      0         1024   
    +--+-----------------------------+------+---------+---------+
       Grand Total:                  434    228       1024   


GLOBAL SYMBOLS: SORTED ALPHABETICALLY BY Name 

address   name                   
-------   ----                   
00000295  ADC14_IRQHandler       
00000295  AES256_IRQHandler      
00000295  BusFault_Handler       
00000291  C$$EXIT                
00000295  COMP_E0_IRQHandler     
00000295  COMP_E1_IRQHandler     
00000295  CS_IRQHandler          
00000295  DMA_ERR_IRQHandler     
00000295  DMA_INT0_IRQHandler    
00000295  DMA_INT1_IRQHandler    
00000295  DMA_INT2_IRQHandler    
00000295  DMA_INT3_IRQHandler    
00000295  DebugMon_Handler       
00000295  Default_Handler        
00000295  EUSCIA0_IRQHandler     
00000295  EUSCIA1_IRQHandler     
00000295  EUSCIA2_IRQHandler     
00000295  EUSCIA3_IRQHandler     
00000295  EUSCIB0_IRQHandler     
00000295  EUSCIB1_IRQHandler     
00000295  EUSCIB2_IRQHandler     
00000295  EUSCIB3_IRQHandler     
00000295  FLCTL_IRQHandler       
00000295  FPU_IRQHandler         
00000295  HardFault_Handler      
00000295  MemManage_Handler      
00000295  NMI_Handler            
00000295  PCM_IRQHandler         
00000295  PORT1_IRQHandler       
00000295  PORT2_IRQHandler       
00000295  PORT3_IRQHandler       
00000295  PORT4_IRQHandler       
00000295  PORT5_IRQHandler       
00000295  PORT6_IRQHandler       
00000295  PSS_IRQHandler         
00000295  PendSV_Handler         
00000295  RTC_C_IRQHandler       
00000281  Reset_Handler          
00000295  SVC_Handler            
00000295  SysTick_Handler        
000001dd  SystemInit             
00000295  T32_INT1_IRQHandler    
00000295  T32_INT2_IRQHandler    
00000295  T32_INTC_IRQHandler    
00000295  TA0_0_IRQHandler       
00000295  TA0_N_IRQHandler       
00000295  TA1_0_IRQHandler       
00000295  TA1_N_IRQHandler       
00000295  TA2_0_IRQHandler       
00000295  TA2_N_IRQHandler       
00000295  TA3_0_IRQHandler       
00000295  TA3_N_IRQHandler       
00000295  UsageFault_Handler     
4000480c  WDTCTL_SYM             
00000295  WDT_A_IRQHandler       
20010000  __STACK_END            
00000200  __STACK_SIZE           
ffffffff  __TI_pprof_out_hndl    
ffffffff  __TI_prof_data_size    
ffffffff  __TI_prof_data_start   
00000000  __TI_static_base__     
ffffffff  __binit__              
ffffffff  __c_args__             
UNDEFED   __mpu_init             
2000fe00  __stack                
20000000  __start___llvm_prf_cnts
20000000  __stop___llvm_prf_cnts 
00000255  _c_int00_noinit_noargs 
0000028d  _system_pre_init       
00000291  abort                  
ffffffff  binit                  
00000000  interruptVectors       
000000e5  main                   


GLOBAL SYMBOLS: SORTED BY Symbol Address 

address   name                   
-------   ----                   
00000000  __TI_static_base__     
00000000  interruptVectors       
000000e5  main                   
000001dd  SystemInit             
00000200  __STACK_SIZE           
00000255  _c_int00_noinit_noargs 
00000281  Reset_Handler          
0000028d  _system_pre_init       
00000291  C$$EXIT                
00000291  abort                  
00000295  ADC14_IRQHandler       
00000295  AES256_IRQHandler      
00000295  BusFault_Handler       
00000295  COMP_E0_IRQHandler     
00000295  COMP_E1_IRQHandler     
00000295  CS_IRQHandler          
00000295  DMA_ERR_IRQHandler     
00000295  DMA_INT0_IRQHandler    
00000295  DMA_INT1_IRQHandler    
00000295  DMA_INT2_IRQHandler    
00000295  DMA_INT3_IRQHandler    
00000295  DebugMon_Handler       
00000295  Default_Handler        
00000295  EUSCIA0_IRQHandler     
00000295  EUSCIA1_IRQHandler     
00000295  EUSCIA2_IRQHandler     
00000295  EUSCIA3_IRQHandler     
00000295  EUSCIB0_IRQHandler     
00000295  EUSCIB1_IRQHandler     
00000295  EUSCIB2_IRQHandler     
00000295  EUSCIB3_IRQHandler     
00000295  FLCTL_IRQHandler       
00000295  FPU_IRQHandler         
00000295  HardFault_Handler      
00000295  MemManage_Handler      
00000295  NMI_Handler            
00000295  PCM_IRQHandler         
00000295  PORT1_IRQHandler       
00000295  PORT2_IRQHandler       
00000295  PORT3_IRQHandler       
00000295  PORT4_IRQHandler       
00000295  PORT5_IRQHandler       
00000295  PORT6_IRQHandler       
00000295  PSS_IRQHandler         
00000295  PendSV_Handler         
00000295  RTC_C_IRQHandler       
00000295  SVC_Handler            
00000295  SysTick_Handler        
00000295  T32_INT1_IRQHandler    
00000295  T32_INT2_IRQHandler    
00000295  T32_INTC_IRQHandler    
00000295  TA0_0_IRQHandler       
00000295  TA0_N_IRQHandler       
00000295  TA1_0_IRQHandler       
00000295  TA1_N_IRQHandler       
00000295  TA2_0_IRQHandler       
00000295  TA2_N_IRQHandler       
00000295  TA3_0_IRQHandler       
00000295  TA3_N_IRQHandler       
00000295  UsageFault_Handler     
00000295  WDT_A_IRQHandler       
20000000  __start___llvm_prf_cnts
20000000  __stop___llvm_prf_cnts 
2000fe00  __stack                
20010000  __STACK_END            
4000480c  WDTCTL_SYM             
ffffffff  __TI_pprof_out_hndl    
ffffffff  __TI_prof_data_size    
ffffffff  __TI_prof_data_start   
ffffffff  __binit__              
ffffffff  __c_args__             
ffffffff  binit                  
UNDEFED   __mpu_init             

[73 symbols]
