******************************************************************************
                  TI ARM Linker PC v20.2.7                     
******************************************************************************
>> Linked Sun Oct  6 21:13:33 2024

OUTPUT FILE NAME:   <Lab 3 Exercise 1.2.out>
ENTRY POINT SYMBOL: "_c_int00_noargs"  address: 00003205


MEMORY CONFIGURATION

         name            origin    length      used     unused   attr    fill
----------------------  --------  ---------  --------  --------  ----  --------
  MAIN                  00000000   00040000  00003645  0003c9bb  R  X
  INFO                  00200000   00004000  00000000  00004000  R  X
  SRAM_CODE             01000000   00010000  000035b8  0000ca48  RW X
  SRAM_DATA             20000000   00010000  000035b8  0000ca48  RW  


SEGMENT ALLOCATION MAP

run origin  load origin   length   init length attrs members
----------  ----------- ---------- ----------- ----- -------
00000000    00000000    00003648   00003648    r-x
  00000000    00000000    000000e4   000000e4    r-- .intvecs
  000000e4    000000e4    000033d0   000033d0    r-x .text
  000034b4    000034b4    00000101   00000101    r-- .const
  000035b8    000035b8    00000090   00000090    r-- .cinit
20000000    20000000    000033b8   00000000    rw-
  20000000    20000000    000029d0   00000000    rw- .bss
  200029d0    200029d0    00000800   00000000    rw- .sysmem
  200031d0    200031d0    000001e8   00000000    rw- .data
2000fe00    2000fe00    00000200   00000000    rw-
  2000fe00    2000fe00    00000200   00000000    rw- .stack


SECTION ALLOCATION MAP

 output                                  attributes/
section   page    origin      length       input sections
--------  ----  ----------  ----------   ----------------
.intvecs   0    00000000    000000e4     
                  00000000    000000e4     startup_msp432p401r_ccs.obj (.intvecs:retain)

.text      0    000000e4    000033d0     
                  000000e4    00000a4e     rtsv7M4_T_le_v4SPD16_eabi.lib : _printfi.c.obj (.text:__TI_printfi)
                  00000b32    00000002     startup_msp432p401r_ccs.obj (.text:Default_Handler)
                  00000b34    000004b0     Lab3_Exercise1.2.obj (.text:main)
                  00000fe4    00000270     rtsv7M4_T_le_v4SPD16_eabi.lib : _printfi.c.obj (.text:_pconv_a)
                  00001254    000001d0                                   : _printfi.c.obj (.text:_pconv_g)
                  00001424    000001b6                                   : fd_add_t2.asm.obj (.text)
                  000015da    00000002                                   : _lock.c.obj (.text:_nop)
                  000015dc    0000013c                                   : _printfi.c.obj (.text:_pconv_e)
                  00001718    00000136                                   : fd_div_t2.asm.obj (.text)
                  0000184e    00000002                                   : div0.asm.obj (.text)
                  00001850    00000124                                   : _printfi.c.obj (.text:fcvt)
                  00001974    00000114                                   : fputs.c.obj (.text:fputs)
                  00001a88    00000110                                   : s_scalbn.c.obj (.text:scalbn)
                  00001b98    00000104     msp432p4xx_driverlib.lib : cs.o (.text:_CSComputeCLKFrequency)
                  00001c9c    00000100     rtsv7M4_T_le_v4SPD16_eabi.lib : memory.c.obj (.text:aligned_alloc)
                  00001d9c    000000fc                                   : fd_mul_t2.asm.obj (.text)
                  00001e98    000000f8     msp432p4xx_driverlib.lib : cs.o (.text:CS_getDCOFrequency)
                  00001f90    000000e4     rtsv7M4_T_le_v4SPD16_eabi.lib : memory.c.obj (.text:free)
                  00002074    000000dc                                   : setvbuf.c.obj (.text:setvbuf)
                  00002150    000000b1                                   : _printfi.c.obj (.text:_ltostr)
                  00002201    00000001     --HOLE-- [fill = 0]
                  00002202    0000009c                                   : memcpy_t2.asm.obj (.text)
                  0000229e    00000096                                   : ull_div_t2.asm.obj (.text)
                  00002334    00000094     msp432p4xx_driverlib.lib : sysctl_a.o (.text:SysCtl_A_getTLVInfo)
                  000023c8    0000008c     rtsv7M4_T_le_v4SPD16_eabi.lib : fputc.c.obj (.text:fputc)
                  00002454    00000086                                   : fd_cmp_t2.asm.obj (.text:__aeabi_cdcmple)
                  000024da    00000086                                   : fd_cmp_t2.asm.obj (.text:__aeabi_cdrcmple)
                  00002560    0000007c     msp432p4xx_driverlib.lib : cs.o (.text:_CSGetDOCFrequency)
                  000025dc    0000007a     rtsv7M4_T_le_v4SPD16_eabi.lib : memset_t2.asm.obj (.text)
                  00002656    00000002     --HOLE-- [fill = 0]
                  00002658    00000078     system_msp432p401r.obj (.text:SystemInit)
                  000026d0    00000074     rtsv7M4_T_le_v4SPD16_eabi.lib : fclose.c.obj (.text:__TI_closefile)
                  00002744    00000074     Lab3_Exercise1.2.obj (.text:calculateCRC32)
                  000027b8    00000070     rtsv7M4_T_le_v4SPD16_eabi.lib : memory.c.obj (.text:split)
                  00002828    0000006e                                   : _printfi.c.obj (.text:_mcpy)
                  00002896    00000002     --HOLE-- [fill = 0]
                  00002898    0000006c                                   : hostrename.c.obj (.text:HOSTrename)
                  00002904    00000068                                   : hostlseek.c.obj (.text:HOSTlseek)
                  0000296c    00000068                                   : copy_decompress_lzss.c.obj (.text:decompress:lzss:__TI_decompress_lzss)
                  000029d4    00000068                                   : printf.c.obj (.text:printf)
                  00002a3c    00000064                                   : s_frexp.c.obj (.text:frexp)
                  00002aa0    00000064                                   : fseek.c.obj (.text:fseek)
                  00002b04    00000062     msp432p4xx_driverlib.lib : cs.o (.text:_CSGetDividerValue)
                  00002b66    00000062     rtsv7M4_T_le_v4SPD16_eabi.lib : _io_perm.c.obj (.text:__TI_wrt_ok)
                  00002bc8    00000060                                   : hostopen.c.obj (.text:HOSTopen)
                  00002c28    0000005c                                   : close.c.obj (.text:close)
                  00002c84    00000058                                   : hostread.c.obj (.text:HOSTread)
                  00002cdc    00000058                                   : hostwrite.c.obj (.text:HOSTwrite)
                  00002d34    00000056                                   : _printfi.c.obj (.text:_pconv_f)
                  00002d8a    00000054                                   : _ltoa.c.obj (.text:__TI_ltoa)
                  00002dde    00000052                                   : _printfi.c.obj (.text:_ecpy)
                  00002e30    0000004c                                   : fflush.c.obj (.text:__TI_doflush)
                  00002e7c    0000004c                                   : atoi.c.obj (.text:atoi)
                  00002ec8    0000004c     Lab3_Exercise1.2.obj (.text:compute_simple_checksum)
                  00002f14    00000048     rtsv7M4_T_le_v4SPD16_eabi.lib : exit.c.obj (.text:exit)
                  00002f5c    00000048                                   : fd_toi_t2.asm.obj (.text)
                  00002fa4    00000044                                   : hostclose.c.obj (.text:HOSTclose)
                  00002fe8    00000044                                   : hostunlink.c.obj (.text:HOSTunlink)
                  0000302c    00000044                                   : autoinit.c.obj (.text:__TI_auto_init_nobinit_nopinit:__TI_auto_init_nobinit_nopinit)
                  00003070    00000044                                   : getdevice.c.obj (.text:getdevice)
                  000030b4    0000003e                                   : _printfi.c.obj (.text:_fcpy)
                  000030f2    00000002     --HOLE-- [fill = 0]
                  000030f4    00000038     msp432p4xx_driverlib.lib : crc32.o (.text:CRC32_getResultReversed)
                  0000312c    00000038     rtsv7M4_T_le_v4SPD16_eabi.lib : trgmsg.c.obj (.text:__TI_writemsg)
                  00003164    00000036                                   : strncpy.c.obj (.text:strncpy)
                  0000319a    00000002     --HOLE-- [fill = 0]
                  0000319c    00000034                                   : fopen.c.obj (.text:__TI_cleanup)
                  000031d0    00000034                                   : trgmsg.c.obj (.text:__TI_readmsg)
                  00003204    00000034                                   : boot_cortex_m.c.obj (.text:_c_int00_noargs:_c_int00_noargs)
                  00003238    00000030     msp432p4xx_driverlib.lib : cs.o (.text:CS_clearInterruptFlag)
                  00003268    00000030     rtsv7M4_T_le_v4SPD16_eabi.lib : getdevice.c.obj (.text:finddevice)
                  00003298    0000002e                                   : i_tofd_t2.asm.obj (.text)
                  000032c6    00000002     --HOLE-- [fill = 0]
                  000032c8    0000002c                                   : unlink.c.obj (.text:unlink)
                  000032f4    00000028     msp432p4xx_driverlib.lib : cs.o (.text:CS_getMCLK)
                  0000331c    00000028     rtsv7M4_T_le_v4SPD16_eabi.lib : memory.c.obj (.text:free_list_insert)
                  00003344    00000028                                   : lseek.c.obj (.text:lseek)
                  0000336c    00000028                                   : write.c.obj (.text:write)
                  00003394    00000020                                   : memchr.c.obj (.text:memchr)
                  000033b4    0000001c                                   : memory.c.obj (.text:free_list_remove)
                  000033d0    0000001c                                   : memccpy.c.obj (.text:memccpy)
                  000033ec    0000001a                                   : s_copysign.c.obj (.text:copysign)
                  00003406    00000018                                   : strcmp.c.obj (.text:strcmp)
                  0000341e    00000016                                   : strchr.c.obj (.text:strchr)
                  00003434    00000014                                   : strcpy.c.obj (.text:strcpy)
                  00003448    00000014                                   : strlen.c.obj (.text:strlen)
                  0000345c    00000012                                   : wcslen.c.obj (.text:wcslen)
                  0000346e    0000000e                                   : copy_decompress_none.c.obj (.text:decompress:none:__TI_decompress_none)
                  0000347c    0000000c     startup_msp432p401r_ccs.obj (.text:Reset_Handler)
                  00003488    0000000c     rtsv7M4_T_le_v4SPD16_eabi.lib : copy_zero_init.c.obj (.text:decompress:ZI:__TI_zero_init)
                  00003494    00000008                                   : errno.c.obj (.text:__aeabi_errno_addr)
                  0000349c    00000008                                   : memory.c.obj (.text:malloc)
                  000034a4    00000004                                   : printf.c.obj (.text:_outc)
                  000034a8    00000004                                   : printf.c.obj (.text:_outs)
                  000034ac    00000004                                   : pre_init.c.obj (.text:_system_pre_init)
                  000034b0    00000004                                   : exit.c.obj (.text:abort:abort)

.const     0    000034b4    00000101     
                  000034b4    00000101     rtsv7M4_T_le_v4SPD16_eabi.lib : ctype.c.obj (.const:.string:_ctypes_)

.cinit     0    000035b8    00000090     
                  000035b8    00000069     (.cinit..data.load) [load image, compression = lzss]
                  00003621    00000003     --HOLE-- [fill = 0]
                  00003624    0000000c     (__TI_handler_table)
                  00003630    00000008     (.cinit..bss.load) [load image, compression = zero_init]
                  00003638    00000010     (__TI_cinit_table)

.init_array 
*          0    00000000    00000000     UNINITIALIZED

.binit     0    00000000    00000000     

.bss       0    20000000    000029d0     UNINITIALIZED
                  20000000    00002800     Lab3_Exercise1.2.obj (.bss:myData$1)
                  20002800    00000120     rtsv7M4_T_le_v4SPD16_eabi.lib : trgmsg.c.obj (.bss:_CIOBUF_)
                  20002920    000000a0     (.common:__TI_tmpnams)
                  200029c0    00000008     msp432p4xx_driverlib.lib : cs.o (.bss)
                  200029c8    00000008     (.common:parmbuf)

.sysmem    0    200029d0    00000800     UNINITIALIZED
                  200029d0    00000010     rtsv7M4_T_le_v4SPD16_eabi.lib : memory.c.obj (.sysmem)
                  200029e0    000007f0     --HOLE--

.data      0    200031d0    000001e8     UNINITIALIZED
                  200031d0    000000f0     rtsv7M4_T_le_v4SPD16_eabi.lib : defs.c.obj (.data:_ftable)
                  200032c0    00000078                                   : host_device.c.obj (.data:_device)
                  20003338    00000050                                   : host_device.c.obj (.data:_stream)
                  20003388    00000010                                   : defs.c.obj (.data)
                  20003398    0000000c                                   : exit.c.obj (.data:$O1$$)
                  200033a4    00000008                                   : _lock.c.obj (.data:$O1$$)
                  200033ac    00000008                                   : memory.c.obj (.data:$O1$$)
                  200033b4    00000004                                   : errno.c.obj (.data)

.stack     0    2000fe00    00000200     UNINITIALIZED
                  2000fe00    00000004     rtsv7M4_T_le_v4SPD16_eabi.lib : boot_cortex_m.c.obj (.stack)
                  2000fe04    000001fc     --HOLE--

__llvm_prf_cnts 
*          0    20000000    00000000     UNINITIALIZED

MODULE SUMMARY

       Module                        code    ro data   rw data
       ------                        ----    -------   -------
    .\
       Lab3_Exercise1.2.obj          1392    0         20480  
       system_msp432p401r.obj        120     0         0      
    +--+-----------------------------+-------+---------+---------+
       Total:                        1512    0         20480  
                                                              
    .\ccs\
       startup_msp432p401r_ccs.obj   14      228       0      
    +--+-----------------------------+-------+---------+---------+
       Total:                        14      228       0      
                                                              
    C:/ti/simplelink_msp432p4_sdk_3_40_01_02/source/ti/devices/msp432p4xx/driverlib/ccs/msp432p4xx_driverlib.lib
       cs.o                          818     0         16     
       sysctl_a.o                    148     0         0      
       crc32.o                       56      0         0      
    +--+-----------------------------+-------+---------+---------+
       Total:                        1022    0         16     
                                                              
    C:\ti\ccs1280\ccs\tools\compiler\ti-cgt-arm_20.2.7.LTS\lib\rtsv7M4_T_le_v4SPD16_eabi.lib
       _printfi.c.obj                4851    0         0      
       defs.c.obj                    0       0         832    
       memory.c.obj                  672     0         16     
       trgmsg.c.obj                  108     0         576    
       fd_add_t2.asm.obj             438     0         0      
       host_device.c.obj             0       0         400    
       fd_div_t2.asm.obj             310     0         0      
       fputs.c.obj                   276     0         0      
       s_scalbn.c.obj                272     0         0      
       fd_cmp_t2.asm.obj             268     0         0      
       ctype.c.obj                   0       257       0      
       fd_mul_t2.asm.obj             252     0         0      
       setvbuf.c.obj                 220     0         0      
       memcpy_t2.asm.obj             156     0         0      
       ull_div_t2.asm.obj            150     0         0      
       fputc.c.obj                   140     0         0      
       memset_t2.asm.obj             122     0         0      
       fclose.c.obj                  116     0         0      
       getdevice.c.obj               116     0         0      
       hostopen.c.obj                96      0         16     
       printf.c.obj                  112     0         0      
       hostrename.c.obj              108     0         0      
       copy_decompress_lzss.c.obj    104     0         0      
       hostlseek.c.obj               104     0         0      
       exit.c.obj                    76      0         24     
       fseek.c.obj                   100     0         0      
       s_frexp.c.obj                 100     0         0      
       _io_perm.c.obj                98      0         0      
       close.c.obj                   92      0         0      
       hostread.c.obj                88      0         0      
       hostwrite.c.obj               88      0         0      
       _ltoa.c.obj                   84      0         0      
       atoi.c.obj                    76      0         0      
       fflush.c.obj                  76      0         0      
       fd_toi_t2.asm.obj             72      0         0      
       autoinit.c.obj                68      0         0      
       hostclose.c.obj               68      0         0      
       hostunlink.c.obj              68      0         0      
       strncpy.c.obj                 54      0         0      
       boot_cortex_m.c.obj           52      0         0      
       fopen.c.obj                   52      0         0      
       i_tofd_t2.asm.obj             46      0         0      
       unlink.c.obj                  44      0         0      
       lseek.c.obj                   40      0         0      
       write.c.obj                   40      0         0      
       memchr.c.obj                  32      0         0      
       memccpy.c.obj                 28      0         0      
       s_copysign.c.obj              26      0         0      
       strcmp.c.obj                  24      0         0      
       strchr.c.obj                  22      0         0      
       strcpy.c.obj                  20      0         0      
       strlen.c.obj                  20      0         0      
       _lock.c.obj                   2       0         16     
       wcslen.c.obj                  18      0         0      
       errno.c.obj                   8       0         8      
       copy_decompress_none.c.obj    14      0         0      
       copy_zero_init.c.obj          12      0         0      
       pre_init.c.obj                4       0         0      
       div0.asm.obj                  2       0         0      
    +--+-----------------------------+-------+---------+---------+
       Total:                        10705   257       1888   
                                                              
       Heap:                         0       0         4096   
       Stack:                        0       0         1024   
       Linker Generated:             0       141       0      
    +--+-----------------------------+-------+---------+---------+
       Grand Total:                  13253   626       27504  


LINKER GENERATED COPY TABLES

__TI_cinit_table @ 00003638 records: 2, size/record: 8, table size: 16
	.data: load addr=000035b8, load size=00000069 bytes, run addr=200031d0, run size=000001e8 bytes, compression=lzss
	.bss: load addr=00003630, load size=00000008 bytes, run addr=20000000, run size=000029d0 bytes, compression=zero_init


LINKER GENERATED HANDLER TABLE

__TI_handler_table @ 00003624 records: 3, size/record: 4, table size: 12
	index: 0, handler: __TI_decompress_lzss
	index: 1, handler: __TI_decompress_none
	index: 2, handler: __TI_zero_init


GLOBAL SYMBOLS: SORTED ALPHABETICALLY BY Name 

address   name                           
-------   ----                           
00000b33  ADC14_IRQHandler               
00000b33  AES256_IRQHandler              
00000b33  BusFault_Handler               
000034b1  C$$EXIT                        
0000315b  C$$IO$$                        
00000b33  COMP_E0_IRQHandler             
00000b33  COMP_E1_IRQHandler             
000030f5  CRC32_getResultReversed        
00000b33  CS_IRQHandler                  
00003239  CS_clearInterruptFlag          
00001e99  CS_getDCOFrequency             
000032f5  CS_getMCLK                     
00000b33  DMA_ERR_IRQHandler             
00000b33  DMA_INT0_IRQHandler            
00000b33  DMA_INT1_IRQHandler            
00000b33  DMA_INT2_IRQHandler            
00000b33  DMA_INT3_IRQHandler            
00000b33  DebugMon_Handler               
00000b33  Default_Handler                
00000b33  EUSCIA0_IRQHandler             
00000b33  EUSCIA1_IRQHandler             
00000b33  EUSCIA2_IRQHandler             
00000b33  EUSCIA3_IRQHandler             
00000b33  EUSCIB0_IRQHandler             
00000b33  EUSCIB1_IRQHandler             
00000b33  EUSCIB2_IRQHandler             
00000b33  EUSCIB3_IRQHandler             
00000b33  FLCTL_IRQHandler               
00000b33  FPU_IRQHandler                 
00002fa5  HOSTclose                      
00002905  HOSTlseek                      
00002bc9  HOSTopen                       
00002c85  HOSTread                       
00002899  HOSTrename                     
00002fe9  HOSTunlink                     
00002cdd  HOSTwrite                      
00000b33  HardFault_Handler              
00000b33  MemManage_Handler              
00000b33  NMI_Handler                    
00000b33  PCM_IRQHandler                 
00000b33  PORT1_IRQHandler               
00000b33  PORT2_IRQHandler               
00000b33  PORT3_IRQHandler               
00000b33  PORT4_IRQHandler               
00000b33  PORT5_IRQHandler               
00000b33  PORT6_IRQHandler               
00000b33  PSS_IRQHandler                 
00000b33  PendSV_Handler                 
00000b33  RTC_C_IRQHandler               
0000347d  Reset_Handler                  
00000b33  SVC_Handler                    
00002335  SysCtl_A_getTLVInfo            
00000b33  SysTick_Handler                
00002659  SystemInit                     
00000b33  T32_INT1_IRQHandler            
00000b33  T32_INT2_IRQHandler            
00000b33  T32_INTC_IRQHandler            
00000b33  TA0_0_IRQHandler               
00000b33  TA0_N_IRQHandler               
00000b33  TA1_0_IRQHandler               
00000b33  TA1_N_IRQHandler               
00000b33  TA2_0_IRQHandler               
00000b33  TA2_N_IRQHandler               
00000b33  TA3_0_IRQHandler               
00000b33  TA3_N_IRQHandler               
00000b33  UsageFault_Handler             
4000480c  WDTCTL_SYM                     
00000b33  WDT_A_IRQHandler               
20002800  __CIOBUF_                      
20010000  __STACK_END                    
00000200  __STACK_SIZE                   
00000800  __SYSMEM_SIZE                  
00003638  __TI_CINIT_Base                
00003648  __TI_CINIT_Limit               
00003624  __TI_Handler_Table_Base        
00003630  __TI_Handler_Table_Limit       
0000302d  __TI_auto_init_nobinit_nopinit 
0000319d  __TI_cleanup                   
20003398  __TI_cleanup_ptr               
000026d1  __TI_closefile                 
0000296d  __TI_decompress_lzss           
0000346f  __TI_decompress_none           
00002e31  __TI_doflush                   
2000339c  __TI_dtors_ptr                 
200033a0  __TI_enable_exit_profile_output
20003388  __TI_ft_end                    
00002d8b  __TI_ltoa                      
ffffffff  __TI_pprof_out_hndl            
000000e5  __TI_printfi                   
ffffffff  __TI_prof_data_size            
ffffffff  __TI_prof_data_start           
000031d1  __TI_readmsg                   
00000000  __TI_static_base__             
20002920  __TI_tmpnams                   
0000312d  __TI_writemsg                  
00002b67  __TI_wrt_ok                    
00003489  __TI_zero_init                 
00002455  __aeabi_cdcmpeq                
00002455  __aeabi_cdcmple                
000024db  __aeabi_cdrcmple               
00002f5d  __aeabi_d2iz                   
0000142f  __aeabi_dadd                   
00001719  __aeabi_ddiv                   
00001d9d  __aeabi_dmul                   
00001425  __aeabi_dsub                   
00003495  __aeabi_errno_addr             
00003299  __aeabi_i2d                    
0000184f  __aeabi_idiv0                  
0000184f  __aeabi_ldiv0                  
000025dd  __aeabi_memclr                 
000025dd  __aeabi_memclr4                
000025dd  __aeabi_memclr8                
00002203  __aeabi_memcpy                 
00002203  __aeabi_memcpy4                
00002203  __aeabi_memcpy8                
000025df  __aeabi_memset                 
000025df  __aeabi_memset4                
000025df  __aeabi_memset8                
20003394  __aeabi_stderr                 
2000338c  __aeabi_stdin                  
20003390  __aeabi_stdout                 
0000229f  __aeabi_uldivmod               
ffffffff  __binit__                      
ffffffff  __c_args__                     
UNDEFED   __mpu_init                     
2000fe00  __stack                        
20000000  __start___llvm_prf_cnts        
20000000  __stop___llvm_prf_cnts         
00003205  _c_int00_noargs                
000034b4  _ctypes_                       
200032c0  _device                        
200031d0  _ftable                        
200033a4  _lock                          
000015db  _nop                           
20003338  _stream                        
200029d0  _sys_memory                    
UNDEFED   _system_post_cinit             
000034ad  _system_pre_init               
200033a8  _unlock                        
000034b1  abort                          
00001c9d  aligned_alloc                  
00002e7d  atoi                           
ffffffff  binit                          
00002c29  close                          
000033ed  copysign                       
000033ed  copysignl                      
200033b4  errno                          
00002f15  exit                           
00003269  finddevice                     
000023c9  fputc                          
00001975  fputs                          
00001f91  free                           
00002a3d  frexp                          
00002a3d  frexpl                         
00002aa1  fseek                          
00003071  getdevice                      
00000000  interruptVectors               
00001a89  ldexp                          
00001a89  ldexpl                         
00003345  lseek                          
00000b35  main                           
0000349d  malloc                         
00001c9d  memalign                       
000033d1  memccpy                        
00003395  memchr                         
00002203  memcpy                         
000025e5  memset                         
200029c8  parmbuf                        
000029d5  printf                         
000023c9  putc                           
000032c9  remove                         
00001a89  scalbn                         
00001a89  scalbnl                        
00002075  setvbuf                        
0000341f  strchr                         
00003407  strcmp                         
00003435  strcpy                         
00003449  strlen                         
00003165  strncpy                        
000032c9  unlink                         
0000345d  wcslen                         
0000336d  write                          


GLOBAL SYMBOLS: SORTED BY Symbol Address 

address   name                           
-------   ----                           
00000000  __TI_static_base__             
00000000  interruptVectors               
000000e5  __TI_printfi                   
00000200  __STACK_SIZE                   
00000800  __SYSMEM_SIZE                  
00000b33  ADC14_IRQHandler               
00000b33  AES256_IRQHandler              
00000b33  BusFault_Handler               
00000b33  COMP_E0_IRQHandler             
00000b33  COMP_E1_IRQHandler             
00000b33  CS_IRQHandler                  
00000b33  DMA_ERR_IRQHandler             
00000b33  DMA_INT0_IRQHandler            
00000b33  DMA_INT1_IRQHandler            
00000b33  DMA_INT2_IRQHandler            
00000b33  DMA_INT3_IRQHandler            
00000b33  DebugMon_Handler               
00000b33  Default_Handler                
00000b33  EUSCIA0_IRQHandler             
00000b33  EUSCIA1_IRQHandler             
00000b33  EUSCIA2_IRQHandler             
00000b33  EUSCIA3_IRQHandler             
00000b33  EUSCIB0_IRQHandler             
00000b33  EUSCIB1_IRQHandler             
00000b33  EUSCIB2_IRQHandler             
00000b33  EUSCIB3_IRQHandler             
00000b33  FLCTL_IRQHandler               
00000b33  FPU_IRQHandler                 
00000b33  HardFault_Handler              
00000b33  MemManage_Handler              
00000b33  NMI_Handler                    
00000b33  PCM_IRQHandler                 
00000b33  PORT1_IRQHandler               
00000b33  PORT2_IRQHandler               
00000b33  PORT3_IRQHandler               
00000b33  PORT4_IRQHandler               
00000b33  PORT5_IRQHandler               
00000b33  PORT6_IRQHandler               
00000b33  PSS_IRQHandler                 
00000b33  PendSV_Handler                 
00000b33  RTC_C_IRQHandler               
00000b33  SVC_Handler                    
00000b33  SysTick_Handler                
00000b33  T32_INT1_IRQHandler            
00000b33  T32_INT2_IRQHandler            
00000b33  T32_INTC_IRQHandler            
00000b33  TA0_0_IRQHandler               
00000b33  TA0_N_IRQHandler               
00000b33  TA1_0_IRQHandler               
00000b33  TA1_N_IRQHandler               
00000b33  TA2_0_IRQHandler               
00000b33  TA2_N_IRQHandler               
00000b33  TA3_0_IRQHandler               
00000b33  TA3_N_IRQHandler               
00000b33  UsageFault_Handler             
00000b33  WDT_A_IRQHandler               
00000b35  main                           
00001425  __aeabi_dsub                   
0000142f  __aeabi_dadd                   
000015db  _nop                           
00001719  __aeabi_ddiv                   
0000184f  __aeabi_idiv0                  
0000184f  __aeabi_ldiv0                  
00001975  fputs                          
00001a89  ldexp                          
00001a89  ldexpl                         
00001a89  scalbn                         
00001a89  scalbnl                        
00001c9d  aligned_alloc                  
00001c9d  memalign                       
00001d9d  __aeabi_dmul                   
00001e99  CS_getDCOFrequency             
00001f91  free                           
00002075  setvbuf                        
00002203  __aeabi_memcpy                 
00002203  __aeabi_memcpy4                
00002203  __aeabi_memcpy8                
00002203  memcpy                         
0000229f  __aeabi_uldivmod               
00002335  SysCtl_A_getTLVInfo            
000023c9  fputc                          
000023c9  putc                           
00002455  __aeabi_cdcmpeq                
00002455  __aeabi_cdcmple                
000024db  __aeabi_cdrcmple               
000025dd  __aeabi_memclr                 
000025dd  __aeabi_memclr4                
000025dd  __aeabi_memclr8                
000025df  __aeabi_memset                 
000025df  __aeabi_memset4                
000025df  __aeabi_memset8                
000025e5  memset                         
00002659  SystemInit                     
000026d1  __TI_closefile                 
00002899  HOSTrename                     
00002905  HOSTlseek                      
0000296d  __TI_decompress_lzss           
000029d5  printf                         
00002a3d  frexp                          
00002a3d  frexpl                         
00002aa1  fseek                          
00002b67  __TI_wrt_ok                    
00002bc9  HOSTopen                       
00002c29  close                          
00002c85  HOSTread                       
00002cdd  HOSTwrite                      
00002d8b  __TI_ltoa                      
00002e31  __TI_doflush                   
00002e7d  atoi                           
00002f15  exit                           
00002f5d  __aeabi_d2iz                   
00002fa5  HOSTclose                      
00002fe9  HOSTunlink                     
0000302d  __TI_auto_init_nobinit_nopinit 
00003071  getdevice                      
000030f5  CRC32_getResultReversed        
0000312d  __TI_writemsg                  
0000315b  C$$IO$$                        
00003165  strncpy                        
0000319d  __TI_cleanup                   
000031d1  __TI_readmsg                   
00003205  _c_int00_noargs                
00003239  CS_clearInterruptFlag          
00003269  finddevice                     
00003299  __aeabi_i2d                    
000032c9  remove                         
000032c9  unlink                         
000032f5  CS_getMCLK                     
00003345  lseek                          
0000336d  write                          
00003395  memchr                         
000033d1  memccpy                        
000033ed  copysign                       
000033ed  copysignl                      
00003407  strcmp                         
0000341f  strchr                         
00003435  strcpy                         
00003449  strlen                         
0000345d  wcslen                         
0000346f  __TI_decompress_none           
0000347d  Reset_Handler                  
00003489  __TI_zero_init                 
00003495  __aeabi_errno_addr             
0000349d  malloc                         
000034ad  _system_pre_init               
000034b1  C$$EXIT                        
000034b1  abort                          
000034b4  _ctypes_                       
00003624  __TI_Handler_Table_Base        
00003630  __TI_Handler_Table_Limit       
00003638  __TI_CINIT_Base                
00003648  __TI_CINIT_Limit               
20000000  __start___llvm_prf_cnts        
20000000  __stop___llvm_prf_cnts         
20002800  __CIOBUF_                      
20002920  __TI_tmpnams                   
200029c8  parmbuf                        
200029d0  _sys_memory                    
200031d0  _ftable                        
200032c0  _device                        
20003338  _stream                        
20003388  __TI_ft_end                    
2000338c  __aeabi_stdin                  
20003390  __aeabi_stdout                 
20003394  __aeabi_stderr                 
20003398  __TI_cleanup_ptr               
2000339c  __TI_dtors_ptr                 
200033a0  __TI_enable_exit_profile_output
200033a4  _lock                          
200033a8  _unlock                        
200033b4  errno                          
2000fe00  __stack                        
20010000  __STACK_END                    
4000480c  WDTCTL_SYM                     
ffffffff  __TI_pprof_out_hndl            
ffffffff  __TI_prof_data_size            
ffffffff  __TI_prof_data_start           
ffffffff  __binit__                      
ffffffff  __c_args__                     
ffffffff  binit                          
UNDEFED   __mpu_init                     
UNDEFED   _system_post_cinit             

[182 symbols]
